<!doctype html public "-//w3c//dtd html 4.0 transitional//en">
<html><head>
<title>Static Call Graph - [eink_noOS\eink_noOS.axf]</title></head>
<body><HR>
<H1>Static Call Graph for image eink_noOS\eink_noOS.axf</H1><HR>
<BR><P>#&#060CALLGRAPH&#062# ARM Linker, 5060528: Last Updated: Tue Jul 03 23:47:36 2018
<BR><P>
<H3>Maximum Stack Usage =        192 bytes + Unknown(Cycles, Untraceable Function Pointers)</H3><H3>
Call chain for Maximum Stack Depth:</H3>
gde021a1_DrawImage &rArr; EPD_IO_WriteReg &rArr; SPIx_Write &rArr; SPIx_Error &rArr; SPIx_Init &rArr; HAL_SPI_Init &rArr; HAL_SPI_MspInit &rArr; HAL_GPIO_Init
<P>
<H3>
Mutually Recursive functions
</H3> <LI><a href="#[12]">ADC1_COMP_IRQHandler</a>&nbsp;&nbsp;&nbsp;&rArr;&nbsp;&nbsp;&nbsp;<a href="#[12]">ADC1_COMP_IRQHandler</a><BR>
 <LI><a href="#[2]">HardFault_Handler</a>&nbsp;&nbsp;&nbsp;&rArr;&nbsp;&nbsp;&nbsp;<a href="#[2]">HardFault_Handler</a><BR>
</UL>
<P>
<H3>
Function Pointers
</H3><UL>
 <LI><a href="#[12]">ADC1_COMP_IRQHandler</a> from startup_stm32l053xx.o(.text) referenced from startup_stm32l053xx.o(RESET)
 <LI><a href="#[f]">DMA1_Channel1_IRQHandler</a> from startup_stm32l053xx.o(.text) referenced from startup_stm32l053xx.o(RESET)
 <LI><a href="#[10]">DMA1_Channel2_3_IRQHandler</a> from stm32l0xx_it.o(i.DMA1_Channel2_3_IRQHandler) referenced from startup_stm32l053xx.o(RESET)
 <LI><a href="#[11]">DMA1_Channel4_5_6_7_IRQHandler</a> from startup_stm32l053xx.o(.text) referenced from startup_stm32l053xx.o(RESET)
 <LI><a href="#[b]">EXTI0_1_IRQHandler</a> from stm32l0xx_it.o(i.EXTI0_1_IRQHandler) referenced from startup_stm32l053xx.o(RESET)
 <LI><a href="#[c]">EXTI2_3_IRQHandler</a> from startup_stm32l053xx.o(.text) referenced from startup_stm32l053xx.o(RESET)
 <LI><a href="#[d]">EXTI4_15_IRQHandler</a> from startup_stm32l053xx.o(.text) referenced from startup_stm32l053xx.o(RESET)
 <LI><a href="#[9]">FLASH_IRQHandler</a> from startup_stm32l053xx.o(.text) referenced from startup_stm32l053xx.o(RESET)
 <LI><a href="#[2]">HardFault_Handler</a> from stm32l0xx_it.o(i.HardFault_Handler) referenced from startup_stm32l053xx.o(RESET)
 <LI><a href="#[18]">I2C1_IRQHandler</a> from startup_stm32l053xx.o(.text) referenced from startup_stm32l053xx.o(RESET)
 <LI><a href="#[19]">I2C2_IRQHandler</a> from startup_stm32l053xx.o(.text) referenced from startup_stm32l053xx.o(RESET)
 <LI><a href="#[1f]">LCD_IRQHandler</a> from startup_stm32l053xx.o(.text) referenced from startup_stm32l053xx.o(RESET)
 <LI><a href="#[13]">LPTIM1_IRQHandler</a> from startup_stm32l053xx.o(.text) referenced from startup_stm32l053xx.o(RESET)
 <LI><a href="#[1]">NMI_Handler</a> from stm32l0xx_it.o(i.NMI_Handler) referenced from startup_stm32l053xx.o(RESET)
 <LI><a href="#[7]">PVD_IRQHandler</a> from startup_stm32l053xx.o(.text) referenced from startup_stm32l053xx.o(RESET)
 <LI><a href="#[4]">PendSV_Handler</a> from stm32l0xx_it.o(i.PendSV_Handler) referenced from startup_stm32l053xx.o(RESET)
 <LI><a href="#[a]">RCC_CRS_IRQHandler</a> from startup_stm32l053xx.o(.text) referenced from startup_stm32l053xx.o(RESET)
 <LI><a href="#[1e]">RNG_LPUART1_IRQHandler</a> from startup_stm32l053xx.o(.text) referenced from startup_stm32l053xx.o(RESET)
 <LI><a href="#[8]">RTC_IRQHandler</a> from startup_stm32l053xx.o(.text) referenced from startup_stm32l053xx.o(RESET)
 <LI><a href="#[0]">Reset_Handler</a> from startup_stm32l053xx.o(.text) referenced from startup_stm32l053xx.o(RESET)
 <LI><a href="#[1a]">SPI1_IRQHandler</a> from startup_stm32l053xx.o(.text) referenced from startup_stm32l053xx.o(RESET)
 <LI><a href="#[1b]">SPI2_IRQHandler</a> from startup_stm32l053xx.o(.text) referenced from startup_stm32l053xx.o(RESET)
 <LI><a href="#[3]">SVC_Handler</a> from stm32l0xx_it.o(i.SVC_Handler) referenced from startup_stm32l053xx.o(RESET)
 <LI><a href="#[5]">SysTick_Handler</a> from stm32l0xx_it.o(i.SysTick_Handler) referenced from startup_stm32l053xx.o(RESET)
 <LI><a href="#[22]">SystemInit</a> from system_stm32l0xx.o(i.SystemInit) referenced from startup_stm32l053xx.o(.text)
 <LI><a href="#[16]">TIM21_IRQHandler</a> from startup_stm32l053xx.o(.text) referenced from startup_stm32l053xx.o(RESET)
 <LI><a href="#[17]">TIM22_IRQHandler</a> from startup_stm32l053xx.o(.text) referenced from startup_stm32l053xx.o(RESET)
 <LI><a href="#[14]">TIM2_IRQHandler</a> from startup_stm32l053xx.o(.text) referenced from startup_stm32l053xx.o(RESET)
 <LI><a href="#[15]">TIM6_DAC_IRQHandler</a> from startup_stm32l053xx.o(.text) referenced from startup_stm32l053xx.o(RESET)
 <LI><a href="#[e]">TSC_IRQHandler</a> from startup_stm32l053xx.o(.text) referenced from startup_stm32l053xx.o(RESET)
 <LI><a href="#[24]">UART_DMAAbortOnError</a> from stm32l0xx_hal_uart.o(i.UART_DMAAbortOnError) referenced from stm32l0xx_hal_uart.o(i.HAL_UART_IRQHandler)
 <LI><a href="#[27]">UART_DMAError</a> from stm32l0xx_hal_uart.o(i.UART_DMAError) referenced from stm32l0xx_hal_uart.o(i.HAL_UART_Receive_DMA)
 <LI><a href="#[25]">UART_DMAReceiveCplt</a> from stm32l0xx_hal_uart.o(i.UART_DMAReceiveCplt) referenced from stm32l0xx_hal_uart.o(i.HAL_UART_Receive_DMA)
 <LI><a href="#[26]">UART_DMARxHalfCplt</a> from stm32l0xx_hal_uart.o(i.UART_DMARxHalfCplt) referenced from stm32l0xx_hal_uart.o(i.HAL_UART_Receive_DMA)
 <LI><a href="#[1c]">USART1_IRQHandler</a> from stm32l0xx_it.o(i.USART1_IRQHandler) referenced from startup_stm32l053xx.o(RESET)
 <LI><a href="#[1d]">USART2_IRQHandler</a> from startup_stm32l053xx.o(.text) referenced from startup_stm32l053xx.o(RESET)
 <LI><a href="#[20]">USB_IRQHandler</a> from startup_stm32l053xx.o(.text) referenced from startup_stm32l053xx.o(RESET)
 <LI><a href="#[6]">WWDG_IRQHandler</a> from startup_stm32l053xx.o(.text) referenced from startup_stm32l053xx.o(RESET)
 <LI><a href="#[23]">__main</a> from entry.o(.ARM.Collect$$$$00000000) referenced from startup_stm32l053xx.o(.text)
 <LI><a href="#[2a]">done_fn</a> from main.o(i.done_fn) referenced from main.o(i.update)
 <LI><a href="#[2f]">gde021a1_CloseChargePump</a> from gde021a1.o(i.gde021a1_CloseChargePump) referenced from gde021a1.o(.data)
 <LI><a href="#[32]">gde021a1_DrawImage</a> from gde021a1.o(i.gde021a1_DrawImage) referenced from gde021a1.o(.data)
 <LI><a href="#[31]">gde021a1_GetEpdPixelHeight</a> from gde021a1.o(i.gde021a1_GetEpdPixelHeight) referenced from gde021a1.o(.data)
 <LI><a href="#[30]">gde021a1_GetEpdPixelWidth</a> from gde021a1.o(i.gde021a1_GetEpdPixelWidth) referenced from gde021a1.o(.data)
 <LI><a href="#[2b]">gde021a1_Init</a> from gde021a1.o(i.gde021a1_Init) referenced from gde021a1.o(.data)
 <LI><a href="#[2e]">gde021a1_RefreshDisplay</a> from gde021a1.o(i.gde021a1_RefreshDisplay) referenced from gde021a1.o(.data)
 <LI><a href="#[2d]">gde021a1_SetDisplayWindow</a> from gde021a1.o(i.gde021a1_SetDisplayWindow) referenced from gde021a1.o(.data)
 <LI><a href="#[2c]">gde021a1_WritePixel</a> from gde021a1.o(i.gde021a1_WritePixel) referenced from gde021a1.o(.data)
 <LI><a href="#[21]">main</a> from main.o(i.main) referenced from entry9a.o(.ARM.Collect$$$$0000000B)
 <LI><a href="#[28]">waiting_for_usart_fn</a> from main.o(i.waiting_for_usart_fn) referenced from main.o(i.main)
 <LI><a href="#[29]">working_fn</a> from main.o(i.working_fn) referenced from main.o(i.update)
</UL>
<P>
<H3>
Global Symbols
</H3>
<P><STRONG><a name="[23]"></a>__main</STRONG> (Thumb, 0 bytes, Stack size unknown bytes, entry.o(.ARM.Collect$$$$00000000))
<BR>[Address Reference Count : 1]<UL><LI> startup_stm32l053xx.o(.text)
</UL>
<P><STRONG><a name="[a9]"></a>_main_stk</STRONG> (Thumb, 0 bytes, Stack size unknown bytes, entry2.o(.ARM.Collect$$$$00000001))

<P><STRONG><a name="[33]"></a>_main_scatterload</STRONG> (Thumb, 0 bytes, Stack size unknown bytes, entry5.o(.ARM.Collect$$$$00000004))
<BR><BR>[Calls]<UL><LI><a href="#[34]">&gt;&gt;</a>&nbsp;&nbsp;&nbsp;__scatterload
</UL>

<P><STRONG><a name="[38]"></a>__main_after_scatterload</STRONG> (Thumb, 0 bytes, Stack size unknown bytes, entry5.o(.ARM.Collect$$$$00000004))
<BR><BR>[Called By]<UL><LI><a href="#[34]">&gt;&gt;</a>&nbsp;&nbsp;&nbsp;__scatterload
</UL>

<P><STRONG><a name="[aa]"></a>_main_clock</STRONG> (Thumb, 0 bytes, Stack size unknown bytes, entry7b.o(.ARM.Collect$$$$00000008))

<P><STRONG><a name="[ab]"></a>_main_cpp_init</STRONG> (Thumb, 0 bytes, Stack size unknown bytes, entry8b.o(.ARM.Collect$$$$0000000A))

<P><STRONG><a name="[ac]"></a>_main_init</STRONG> (Thumb, 0 bytes, Stack size unknown bytes, entry9a.o(.ARM.Collect$$$$0000000B))

<P><STRONG><a name="[ad]"></a>__rt_final_cpp</STRONG> (Thumb, 0 bytes, Stack size unknown bytes, entry10a.o(.ARM.Collect$$$$0000000D))

<P><STRONG><a name="[ae]"></a>__rt_final_exit</STRONG> (Thumb, 0 bytes, Stack size unknown bytes, entry11a.o(.ARM.Collect$$$$0000000F))

<P><STRONG><a name="[0]"></a>Reset_Handler</STRONG> (Thumb, 8 bytes, Stack size 0 bytes, startup_stm32l053xx.o(.text))
<BR>[Address Reference Count : 1]<UL><LI> startup_stm32l053xx.o(RESET)
</UL>
<P><STRONG><a name="[12]"></a>ADC1_COMP_IRQHandler</STRONG> (Thumb, 0 bytes, Stack size 0 bytes, startup_stm32l053xx.o(.text))
<BR><BR>[Calls]<UL><LI><a href="#[12]">&gt;&gt;</a>&nbsp;&nbsp;&nbsp;ADC1_COMP_IRQHandler
</UL>
<BR>[Called By]<UL><LI><a href="#[12]">&gt;&gt;</a>&nbsp;&nbsp;&nbsp;ADC1_COMP_IRQHandler
</UL>
<BR>[Address Reference Count : 1]<UL><LI> startup_stm32l053xx.o(RESET)
</UL>
<P><STRONG><a name="[f]"></a>DMA1_Channel1_IRQHandler</STRONG> (Thumb, 0 bytes, Stack size 0 bytes, startup_stm32l053xx.o(.text))
<BR>[Address Reference Count : 1]<UL><LI> startup_stm32l053xx.o(RESET)
</UL>
<P><STRONG><a name="[11]"></a>DMA1_Channel4_5_6_7_IRQHandler</STRONG> (Thumb, 0 bytes, Stack size 0 bytes, startup_stm32l053xx.o(.text))
<BR>[Address Reference Count : 1]<UL><LI> startup_stm32l053xx.o(RESET)
</UL>
<P><STRONG><a name="[c]"></a>EXTI2_3_IRQHandler</STRONG> (Thumb, 0 bytes, Stack size 0 bytes, startup_stm32l053xx.o(.text))
<BR>[Address Reference Count : 1]<UL><LI> startup_stm32l053xx.o(RESET)
</UL>
<P><STRONG><a name="[d]"></a>EXTI4_15_IRQHandler</STRONG> (Thumb, 0 bytes, Stack size 0 bytes, startup_stm32l053xx.o(.text))
<BR>[Address Reference Count : 1]<UL><LI> startup_stm32l053xx.o(RESET)
</UL>
<P><STRONG><a name="[9]"></a>FLASH_IRQHandler</STRONG> (Thumb, 0 bytes, Stack size 0 bytes, startup_stm32l053xx.o(.text))
<BR>[Address Reference Count : 1]<UL><LI> startup_stm32l053xx.o(RESET)
</UL>
<P><STRONG><a name="[18]"></a>I2C1_IRQHandler</STRONG> (Thumb, 0 bytes, Stack size 0 bytes, startup_stm32l053xx.o(.text))
<BR>[Address Reference Count : 1]<UL><LI> startup_stm32l053xx.o(RESET)
</UL>
<P><STRONG><a name="[19]"></a>I2C2_IRQHandler</STRONG> (Thumb, 0 bytes, Stack size 0 bytes, startup_stm32l053xx.o(.text))
<BR>[Address Reference Count : 1]<UL><LI> startup_stm32l053xx.o(RESET)
</UL>
<P><STRONG><a name="[1f]"></a>LCD_IRQHandler</STRONG> (Thumb, 0 bytes, Stack size 0 bytes, startup_stm32l053xx.o(.text))
<BR>[Address Reference Count : 1]<UL><LI> startup_stm32l053xx.o(RESET)
</UL>
<P><STRONG><a name="[13]"></a>LPTIM1_IRQHandler</STRONG> (Thumb, 0 bytes, Stack size 0 bytes, startup_stm32l053xx.o(.text))
<BR>[Address Reference Count : 1]<UL><LI> startup_stm32l053xx.o(RESET)
</UL>
<P><STRONG><a name="[7]"></a>PVD_IRQHandler</STRONG> (Thumb, 0 bytes, Stack size 0 bytes, startup_stm32l053xx.o(.text))
<BR>[Address Reference Count : 1]<UL><LI> startup_stm32l053xx.o(RESET)
</UL>
<P><STRONG><a name="[a]"></a>RCC_CRS_IRQHandler</STRONG> (Thumb, 0 bytes, Stack size 0 bytes, startup_stm32l053xx.o(.text))
<BR>[Address Reference Count : 1]<UL><LI> startup_stm32l053xx.o(RESET)
</UL>
<P><STRONG><a name="[1e]"></a>RNG_LPUART1_IRQHandler</STRONG> (Thumb, 0 bytes, Stack size 0 bytes, startup_stm32l053xx.o(.text))
<BR>[Address Reference Count : 1]<UL><LI> startup_stm32l053xx.o(RESET)
</UL>
<P><STRONG><a name="[8]"></a>RTC_IRQHandler</STRONG> (Thumb, 0 bytes, Stack size 0 bytes, startup_stm32l053xx.o(.text))
<BR>[Address Reference Count : 1]<UL><LI> startup_stm32l053xx.o(RESET)
</UL>
<P><STRONG><a name="[1a]"></a>SPI1_IRQHandler</STRONG> (Thumb, 0 bytes, Stack size 0 bytes, startup_stm32l053xx.o(.text))
<BR>[Address Reference Count : 1]<UL><LI> startup_stm32l053xx.o(RESET)
</UL>
<P><STRONG><a name="[1b]"></a>SPI2_IRQHandler</STRONG> (Thumb, 0 bytes, Stack size 0 bytes, startup_stm32l053xx.o(.text))
<BR>[Address Reference Count : 1]<UL><LI> startup_stm32l053xx.o(RESET)
</UL>
<P><STRONG><a name="[16]"></a>TIM21_IRQHandler</STRONG> (Thumb, 0 bytes, Stack size 0 bytes, startup_stm32l053xx.o(.text))
<BR>[Address Reference Count : 1]<UL><LI> startup_stm32l053xx.o(RESET)
</UL>
<P><STRONG><a name="[17]"></a>TIM22_IRQHandler</STRONG> (Thumb, 0 bytes, Stack size 0 bytes, startup_stm32l053xx.o(.text))
<BR>[Address Reference Count : 1]<UL><LI> startup_stm32l053xx.o(RESET)
</UL>
<P><STRONG><a name="[14]"></a>TIM2_IRQHandler</STRONG> (Thumb, 0 bytes, Stack size 0 bytes, startup_stm32l053xx.o(.text))
<BR>[Address Reference Count : 1]<UL><LI> startup_stm32l053xx.o(RESET)
</UL>
<P><STRONG><a name="[15]"></a>TIM6_DAC_IRQHandler</STRONG> (Thumb, 0 bytes, Stack size 0 bytes, startup_stm32l053xx.o(.text))
<BR>[Address Reference Count : 1]<UL><LI> startup_stm32l053xx.o(RESET)
</UL>
<P><STRONG><a name="[e]"></a>TSC_IRQHandler</STRONG> (Thumb, 0 bytes, Stack size 0 bytes, startup_stm32l053xx.o(.text))
<BR>[Address Reference Count : 1]<UL><LI> startup_stm32l053xx.o(RESET)
</UL>
<P><STRONG><a name="[1d]"></a>USART2_IRQHandler</STRONG> (Thumb, 0 bytes, Stack size 0 bytes, startup_stm32l053xx.o(.text))
<BR>[Address Reference Count : 1]<UL><LI> startup_stm32l053xx.o(RESET)
</UL>
<P><STRONG><a name="[20]"></a>USB_IRQHandler</STRONG> (Thumb, 0 bytes, Stack size 0 bytes, startup_stm32l053xx.o(.text))
<BR>[Address Reference Count : 1]<UL><LI> startup_stm32l053xx.o(RESET)
</UL>
<P><STRONG><a name="[6]"></a>WWDG_IRQHandler</STRONG> (Thumb, 0 bytes, Stack size 0 bytes, startup_stm32l053xx.o(.text))
<BR>[Address Reference Count : 1]<UL><LI> startup_stm32l053xx.o(RESET)
</UL>
<P><STRONG><a name="[af]"></a>__aeabi_uidiv</STRONG> (Thumb, 0 bytes, Stack size 12 bytes, uidiv.o(.text), UNUSED)

<P><STRONG><a name="[56]"></a>__aeabi_uidivmod</STRONG> (Thumb, 44 bytes, Stack size 12 bytes, uidiv.o(.text))
<BR><BR>[Stack]<UL><LI>Max Depth = 12<LI>Call Chain = __aeabi_uidivmod
</UL>
<BR>[Called By]<UL><LI><a href="#[54]">&gt;&gt;</a>&nbsp;&nbsp;&nbsp;HAL_InitTick
<LI><a href="#[5c]">&gt;&gt;</a>&nbsp;&nbsp;&nbsp;HAL_RCC_GetSysClockFreq
<LI><a href="#[5a]">&gt;&gt;</a>&nbsp;&nbsp;&nbsp;HAL_RCCEx_GetPeriphCLKFreq
<LI><a href="#[89]">&gt;&gt;</a>&nbsp;&nbsp;&nbsp;UART_SetConfig
<LI><a href="#[32]">&gt;&gt;</a>&nbsp;&nbsp;&nbsp;gde021a1_DrawImage
<LI><a href="#[9b]">&gt;&gt;</a>&nbsp;&nbsp;&nbsp;SystemClock_Config
</UL>

<P><STRONG><a name="[35]"></a>__aeabi_uldivmod</STRONG> (Thumb, 96 bytes, Stack size 48 bytes, uldiv.o(.text))
<BR><BR>[Stack]<UL><LI>Max Depth = 56<LI>Call Chain = __aeabi_uldivmod &rArr; __aeabi_llsr
</UL>
<BR>[Calls]<UL><LI><a href="#[36]">&gt;&gt;</a>&nbsp;&nbsp;&nbsp;__aeabi_llsr
<LI><a href="#[37]">&gt;&gt;</a>&nbsp;&nbsp;&nbsp;__aeabi_llsl
</UL>
<BR>[Called By]<UL><LI><a href="#[89]">&gt;&gt;</a>&nbsp;&nbsp;&nbsp;UART_SetConfig
</UL>

<P><STRONG><a name="[37]"></a>__aeabi_llsl</STRONG> (Thumb, 32 bytes, Stack size 8 bytes, llshl.o(.text))
<BR><BR>[Stack]<UL><LI>Max Depth = 8<LI>Call Chain = __aeabi_llsl
</UL>
<BR>[Called By]<UL><LI><a href="#[35]">&gt;&gt;</a>&nbsp;&nbsp;&nbsp;__aeabi_uldivmod
</UL>

<P><STRONG><a name="[b0]"></a>_ll_shift_l</STRONG> (Thumb, 0 bytes, Stack size 8 bytes, llshl.o(.text), UNUSED)

<P><STRONG><a name="[36]"></a>__aeabi_llsr</STRONG> (Thumb, 34 bytes, Stack size 8 bytes, llushr.o(.text))
<BR><BR>[Stack]<UL><LI>Max Depth = 8<LI>Call Chain = __aeabi_llsr
</UL>
<BR>[Called By]<UL><LI><a href="#[35]">&gt;&gt;</a>&nbsp;&nbsp;&nbsp;__aeabi_uldivmod
</UL>

<P><STRONG><a name="[b1]"></a>_ll_ushift_r</STRONG> (Thumb, 0 bytes, Stack size 8 bytes, llushr.o(.text), UNUSED)

<P><STRONG><a name="[34]"></a>__scatterload</STRONG> (Thumb, 28 bytes, Stack size 0 bytes, init.o(.text))
<BR><BR>[Calls]<UL><LI><a href="#[38]">&gt;&gt;</a>&nbsp;&nbsp;&nbsp;__main_after_scatterload
</UL>
<BR>[Called By]<UL><LI><a href="#[33]">&gt;&gt;</a>&nbsp;&nbsp;&nbsp;_main_scatterload
</UL>

<P><STRONG><a name="[b2]"></a>__scatterload_rt2</STRONG> (Thumb, 0 bytes, Stack size 0 bytes, init.o(.text), UNUSED)

<P><STRONG><a name="[3d]"></a>BSP_EPD_Clear</STRONG> (Thumb, 40 bytes, Stack size 24 bytes, stm32l0538_discovery_epd.o(i.BSP_EPD_Clear))
<BR><BR>[Stack]<UL><LI>Max Depth = 24<LI>Call Chain = BSP_EPD_Clear
</UL>
<BR>[Called By]<UL><LI><a href="#[3c]">&gt;&gt;</a>&nbsp;&nbsp;&nbsp;BSP_EPD_Init
</UL>

<P><STRONG><a name="[39]"></a>BSP_EPD_DrawImage</STRONG> (Thumb, 88 bytes, Stack size 40 bytes, stm32l0538_discovery_epd.o(i.BSP_EPD_DrawImage))
<BR><BR>[Stack]<UL><LI>Max Depth = 40<LI>Call Chain = BSP_EPD_DrawImage
</UL>
<BR>[Calls]<UL><LI><a href="#[3a]">&gt;&gt;</a>&nbsp;&nbsp;&nbsp;BSP_EPD_GetYSize
<LI><a href="#[3b]">&gt;&gt;</a>&nbsp;&nbsp;&nbsp;BSP_EPD_GetXSize
</UL>
<BR>[Called By]<UL><LI><a href="#[2a]">&gt;&gt;</a>&nbsp;&nbsp;&nbsp;done_fn
</UL>

<P><STRONG><a name="[3b]"></a>BSP_EPD_GetXSize</STRONG> (Thumb, 8 bytes, Stack size 0 bytes, stm32l0538_discovery_epd.o(i.BSP_EPD_GetXSize))
<BR><BR>[Called By]<UL><LI><a href="#[39]">&gt;&gt;</a>&nbsp;&nbsp;&nbsp;BSP_EPD_DrawImage
</UL>

<P><STRONG><a name="[3a]"></a>BSP_EPD_GetYSize</STRONG> (Thumb, 8 bytes, Stack size 0 bytes, stm32l0538_discovery_epd.o(i.BSP_EPD_GetYSize))
<BR><BR>[Called By]<UL><LI><a href="#[39]">&gt;&gt;</a>&nbsp;&nbsp;&nbsp;BSP_EPD_DrawImage
</UL>

<P><STRONG><a name="[3c]"></a>BSP_EPD_Init</STRONG> (Thumb, 34 bytes, Stack size 8 bytes, stm32l0538_discovery_epd.o(i.BSP_EPD_Init))
<BR><BR>[Stack]<UL><LI>Max Depth = 32<LI>Call Chain = BSP_EPD_Init &rArr; BSP_EPD_Clear
</UL>
<BR>[Calls]<UL><LI><a href="#[3d]">&gt;&gt;</a>&nbsp;&nbsp;&nbsp;BSP_EPD_Clear
</UL>
<BR>[Called By]<UL><LI><a href="#[21]">&gt;&gt;</a>&nbsp;&nbsp;&nbsp;main
</UL>

<P><STRONG><a name="[3e]"></a>BSP_EPD_RefreshDisplay</STRONG> (Thumb, 48 bytes, Stack size 16 bytes, stm32l0538_discovery_epd.o(i.BSP_EPD_RefreshDisplay))
<BR><BR>[Stack]<UL><LI>Max Depth = 40<LI>Call Chain = BSP_EPD_RefreshDisplay &rArr; EPD_Delay &rArr; HAL_Delay
</UL>
<BR>[Calls]<UL><LI><a href="#[40]">&gt;&gt;</a>&nbsp;&nbsp;&nbsp;HAL_GPIO_WritePin
<LI><a href="#[3f]">&gt;&gt;</a>&nbsp;&nbsp;&nbsp;HAL_GPIO_ReadPin
<LI><a href="#[41]">&gt;&gt;</a>&nbsp;&nbsp;&nbsp;EPD_Delay
</UL>
<BR>[Called By]<UL><LI><a href="#[2a]">&gt;&gt;</a>&nbsp;&nbsp;&nbsp;done_fn
</UL>

<P><STRONG><a name="[10]"></a>DMA1_Channel2_3_IRQHandler</STRONG> (Thumb, 14 bytes, Stack size 8 bytes, stm32l0xx_it.o(i.DMA1_Channel2_3_IRQHandler))
<BR><BR>[Stack]<UL><LI>Max Depth = 32<LI>Call Chain = DMA1_Channel2_3_IRQHandler &rArr; HAL_DMA_IRQHandler
</UL>
<BR>[Calls]<UL><LI><a href="#[43]">&gt;&gt;</a>&nbsp;&nbsp;&nbsp;HAL_DMA_IRQHandler
<LI><a href="#[42]">&gt;&gt;</a>&nbsp;&nbsp;&nbsp;dmaInterrupt
</UL>
<BR>[Address Reference Count : 1]<UL><LI> startup_stm32l053xx.o(RESET)
</UL>
<P><STRONG><a name="[41]"></a>EPD_Delay</STRONG> (Thumb, 8 bytes, Stack size 8 bytes, stm32l0538_discovery.o(i.EPD_Delay))
<BR><BR>[Stack]<UL><LI>Max Depth = 24<LI>Call Chain = EPD_Delay &rArr; HAL_Delay
</UL>
<BR>[Calls]<UL><LI><a href="#[44]">&gt;&gt;</a>&nbsp;&nbsp;&nbsp;HAL_Delay
</UL>
<BR>[Called By]<UL><LI><a href="#[3e]">&gt;&gt;</a>&nbsp;&nbsp;&nbsp;BSP_EPD_RefreshDisplay
</UL>

<P><STRONG><a name="[45]"></a>EPD_IO_Init</STRONG> (Thumb, 206 bytes, Stack size 48 bytes, stm32l0538_discovery.o(i.EPD_IO_Init))
<BR><BR>[Stack]<UL><LI>Max Depth = 176<LI>Call Chain = EPD_IO_Init &rArr; SPIx_Init &rArr; HAL_SPI_Init &rArr; HAL_SPI_MspInit &rArr; HAL_GPIO_Init
</UL>
<BR>[Calls]<UL><LI><a href="#[46]">&gt;&gt;</a>&nbsp;&nbsp;&nbsp;HAL_GPIO_Init
<LI><a href="#[40]">&gt;&gt;</a>&nbsp;&nbsp;&nbsp;HAL_GPIO_WritePin
<LI><a href="#[44]">&gt;&gt;</a>&nbsp;&nbsp;&nbsp;HAL_Delay
<LI><a href="#[47]">&gt;&gt;</a>&nbsp;&nbsp;&nbsp;SPIx_Init
</UL>
<BR>[Called By]<UL><LI><a href="#[2b]">&gt;&gt;</a>&nbsp;&nbsp;&nbsp;gde021a1_Init
</UL>

<P><STRONG><a name="[48]"></a>EPD_IO_WriteData</STRONG> (Thumb, 50 bytes, Stack size 16 bytes, stm32l0538_discovery.o(i.EPD_IO_WriteData))
<BR><BR>[Stack]<UL><LI>Max Depth = 160<LI>Call Chain = EPD_IO_WriteData &rArr; SPIx_Write &rArr; SPIx_Error &rArr; SPIx_Init &rArr; HAL_SPI_Init &rArr; HAL_SPI_MspInit &rArr; HAL_GPIO_Init
</UL>
<BR>[Calls]<UL><LI><a href="#[40]">&gt;&gt;</a>&nbsp;&nbsp;&nbsp;HAL_GPIO_WritePin
<LI><a href="#[49]">&gt;&gt;</a>&nbsp;&nbsp;&nbsp;SPIx_Write
</UL>
<BR>[Called By]<UL><LI><a href="#[2c]">&gt;&gt;</a>&nbsp;&nbsp;&nbsp;gde021a1_WritePixel
<LI><a href="#[2d]">&gt;&gt;</a>&nbsp;&nbsp;&nbsp;gde021a1_SetDisplayWindow
<LI><a href="#[2e]">&gt;&gt;</a>&nbsp;&nbsp;&nbsp;gde021a1_RefreshDisplay
<LI><a href="#[2b]">&gt;&gt;</a>&nbsp;&nbsp;&nbsp;gde021a1_Init
<LI><a href="#[32]">&gt;&gt;</a>&nbsp;&nbsp;&nbsp;gde021a1_DrawImage
<LI><a href="#[2f]">&gt;&gt;</a>&nbsp;&nbsp;&nbsp;gde021a1_CloseChargePump
</UL>

<P><STRONG><a name="[4a]"></a>EPD_IO_WriteReg</STRONG> (Thumb, 50 bytes, Stack size 16 bytes, stm32l0538_discovery.o(i.EPD_IO_WriteReg))
<BR><BR>[Stack]<UL><LI>Max Depth = 160<LI>Call Chain = EPD_IO_WriteReg &rArr; SPIx_Write &rArr; SPIx_Error &rArr; SPIx_Init &rArr; HAL_SPI_Init &rArr; HAL_SPI_MspInit &rArr; HAL_GPIO_Init
</UL>
<BR>[Calls]<UL><LI><a href="#[40]">&gt;&gt;</a>&nbsp;&nbsp;&nbsp;HAL_GPIO_WritePin
<LI><a href="#[49]">&gt;&gt;</a>&nbsp;&nbsp;&nbsp;SPIx_Write
</UL>
<BR>[Called By]<UL><LI><a href="#[2c]">&gt;&gt;</a>&nbsp;&nbsp;&nbsp;gde021a1_WritePixel
<LI><a href="#[2d]">&gt;&gt;</a>&nbsp;&nbsp;&nbsp;gde021a1_SetDisplayWindow
<LI><a href="#[2e]">&gt;&gt;</a>&nbsp;&nbsp;&nbsp;gde021a1_RefreshDisplay
<LI><a href="#[2b]">&gt;&gt;</a>&nbsp;&nbsp;&nbsp;gde021a1_Init
<LI><a href="#[32]">&gt;&gt;</a>&nbsp;&nbsp;&nbsp;gde021a1_DrawImage
<LI><a href="#[2f]">&gt;&gt;</a>&nbsp;&nbsp;&nbsp;gde021a1_CloseChargePump
</UL>

<P><STRONG><a name="[b]"></a>EXTI0_1_IRQHandler</STRONG> (Thumb, 14 bytes, Stack size 8 bytes, stm32l0xx_it.o(i.EXTI0_1_IRQHandler))
<BR><BR>[Stack]<UL><LI>Max Depth = 16<LI>Call Chain = EXTI0_1_IRQHandler &rArr; HAL_GPIO_EXTI_IRQHandler
</UL>
<BR>[Calls]<UL><LI><a href="#[4c]">&gt;&gt;</a>&nbsp;&nbsp;&nbsp;HAL_GPIO_EXTI_IRQHandler
<LI><a href="#[4b]">&gt;&gt;</a>&nbsp;&nbsp;&nbsp;externalInterrupt
</UL>
<BR>[Address Reference Count : 1]<UL><LI> startup_stm32l053xx.o(RESET)
</UL>
<P><STRONG><a name="[81]"></a>HAL_DMA_Abort_IT</STRONG> (Thumb, 148 bytes, Stack size 16 bytes, stm32l0xx_hal_dma.o(i.HAL_DMA_Abort_IT))
<BR><BR>[Stack]<UL><LI>Max Depth = 16<LI>Call Chain = HAL_DMA_Abort_IT
</UL>
<BR>[Called By]<UL><LI><a href="#[7e]">&gt;&gt;</a>&nbsp;&nbsp;&nbsp;HAL_UART_IRQHandler
</UL>

<P><STRONG><a name="[43]"></a>HAL_DMA_IRQHandler</STRONG> (Thumb, 634 bytes, Stack size 24 bytes, stm32l0xx_hal_dma.o(i.HAL_DMA_IRQHandler))
<BR><BR>[Stack]<UL><LI>Max Depth = 24<LI>Call Chain = HAL_DMA_IRQHandler
</UL>
<BR>[Called By]<UL><LI><a href="#[10]">&gt;&gt;</a>&nbsp;&nbsp;&nbsp;DMA1_Channel2_3_IRQHandler
</UL>

<P><STRONG><a name="[8b]"></a>HAL_DMA_Init</STRONG> (Thumb, 254 bytes, Stack size 16 bytes, stm32l0xx_hal_dma.o(i.HAL_DMA_Init))
<BR><BR>[Stack]<UL><LI>Max Depth = 16<LI>Call Chain = HAL_DMA_Init
</UL>
<BR>[Called By]<UL><LI><a href="#[87]">&gt;&gt;</a>&nbsp;&nbsp;&nbsp;HAL_UART_MspInit
</UL>

<P><STRONG><a name="[4d]"></a>HAL_DMA_Start_IT</STRONG> (Thumb, 78 bytes, Stack size 24 bytes, stm32l0xx_hal_dma.o(i.HAL_DMA_Start_IT))
<BR><BR>[Stack]<UL><LI>Max Depth = 32<LI>Call Chain = HAL_DMA_Start_IT &rArr; DMA_SetConfig
</UL>
<BR>[Calls]<UL><LI><a href="#[4e]">&gt;&gt;</a>&nbsp;&nbsp;&nbsp;DMA_SetConfig
</UL>
<BR>[Called By]<UL><LI><a href="#[8e]">&gt;&gt;</a>&nbsp;&nbsp;&nbsp;HAL_UART_Receive_DMA
</UL>

<P><STRONG><a name="[44]"></a>HAL_Delay</STRONG> (Thumb, 22 bytes, Stack size 16 bytes, stm32l0xx_hal.o(i.HAL_Delay))
<BR><BR>[Stack]<UL><LI>Max Depth = 16<LI>Call Chain = HAL_Delay
</UL>
<BR>[Calls]<UL><LI><a href="#[4f]">&gt;&gt;</a>&nbsp;&nbsp;&nbsp;HAL_GetTick
</UL>
<BR>[Called By]<UL><LI><a href="#[45]">&gt;&gt;</a>&nbsp;&nbsp;&nbsp;EPD_IO_Init
<LI><a href="#[41]">&gt;&gt;</a>&nbsp;&nbsp;&nbsp;EPD_Delay
</UL>

<P><STRONG><a name="[66]"></a>HAL_GPIO_DeInit</STRONG> (Thumb, 202 bytes, Stack size 20 bytes, stm32l0xx_hal_gpio.o(i.HAL_GPIO_DeInit))
<BR><BR>[Stack]<UL><LI>Max Depth = 20<LI>Call Chain = HAL_GPIO_DeInit
</UL>
<BR>[Called By]<UL><LI><a href="#[63]">&gt;&gt;</a>&nbsp;&nbsp;&nbsp;HAL_SPI_MspDeInit
</UL>

<P><STRONG><a name="[50]"></a>HAL_GPIO_EXTI_Callback</STRONG> (Thumb, 2 bytes, Stack size 0 bytes, stm32l0xx_hal_gpio.o(i.HAL_GPIO_EXTI_Callback))
<BR><BR>[Called By]<UL><LI><a href="#[4c]">&gt;&gt;</a>&nbsp;&nbsp;&nbsp;HAL_GPIO_EXTI_IRQHandler
</UL>

<P><STRONG><a name="[4c]"></a>HAL_GPIO_EXTI_IRQHandler</STRONG> (Thumb, 18 bytes, Stack size 8 bytes, stm32l0xx_hal_gpio.o(i.HAL_GPIO_EXTI_IRQHandler))
<BR><BR>[Stack]<UL><LI>Max Depth = 8<LI>Call Chain = HAL_GPIO_EXTI_IRQHandler
</UL>
<BR>[Calls]<UL><LI><a href="#[50]">&gt;&gt;</a>&nbsp;&nbsp;&nbsp;HAL_GPIO_EXTI_Callback
</UL>
<BR>[Called By]<UL><LI><a href="#[b]">&gt;&gt;</a>&nbsp;&nbsp;&nbsp;EXTI0_1_IRQHandler
</UL>

<P><STRONG><a name="[46]"></a>HAL_GPIO_Init</STRONG> (Thumb, 346 bytes, Stack size 24 bytes, stm32l0xx_hal_gpio.o(i.HAL_GPIO_Init))
<BR><BR>[Stack]<UL><LI>Max Depth = 24<LI>Call Chain = HAL_GPIO_Init
</UL>
<BR>[Called By]<UL><LI><a href="#[52]">&gt;&gt;</a>&nbsp;&nbsp;&nbsp;HAL_I2C_MspInit
<LI><a href="#[87]">&gt;&gt;</a>&nbsp;&nbsp;&nbsp;HAL_UART_MspInit
<LI><a href="#[90]">&gt;&gt;</a>&nbsp;&nbsp;&nbsp;MX_GPIO_Init
<LI><a href="#[45]">&gt;&gt;</a>&nbsp;&nbsp;&nbsp;EPD_IO_Init
<LI><a href="#[47]">&gt;&gt;</a>&nbsp;&nbsp;&nbsp;SPIx_Init
<LI><a href="#[65]">&gt;&gt;</a>&nbsp;&nbsp;&nbsp;HAL_SPI_MspInit
<LI><a href="#[73]">&gt;&gt;</a>&nbsp;&nbsp;&nbsp;HAL_TIM_MspPostInit
</UL>

<P><STRONG><a name="[3f]"></a>HAL_GPIO_ReadPin</STRONG> (Thumb, 10 bytes, Stack size 0 bytes, stm32l0xx_hal_gpio.o(i.HAL_GPIO_ReadPin))
<BR><BR>[Called By]<UL><LI><a href="#[3e]">&gt;&gt;</a>&nbsp;&nbsp;&nbsp;BSP_EPD_RefreshDisplay
</UL>

<P><STRONG><a name="[40]"></a>HAL_GPIO_WritePin</STRONG> (Thumb, 12 bytes, Stack size 0 bytes, stm32l0xx_hal_gpio.o(i.HAL_GPIO_WritePin))
<BR><BR>[Called By]<UL><LI><a href="#[a5]">&gt;&gt;</a>&nbsp;&nbsp;&nbsp;redOff
<LI><a href="#[a4]">&gt;&gt;</a>&nbsp;&nbsp;&nbsp;greenOn
<LI><a href="#[90]">&gt;&gt;</a>&nbsp;&nbsp;&nbsp;MX_GPIO_Init
<LI><a href="#[4a]">&gt;&gt;</a>&nbsp;&nbsp;&nbsp;EPD_IO_WriteReg
<LI><a href="#[48]">&gt;&gt;</a>&nbsp;&nbsp;&nbsp;EPD_IO_WriteData
<LI><a href="#[45]">&gt;&gt;</a>&nbsp;&nbsp;&nbsp;EPD_IO_Init
<LI><a href="#[3e]">&gt;&gt;</a>&nbsp;&nbsp;&nbsp;BSP_EPD_RefreshDisplay
</UL>

<P><STRONG><a name="[4f]"></a>HAL_GetTick</STRONG> (Thumb, 6 bytes, Stack size 0 bytes, stm32l0xx_hal.o(i.HAL_GetTick))
<BR><BR>[Called By]<UL><LI><a href="#[60]">&gt;&gt;</a>&nbsp;&nbsp;&nbsp;HAL_RCC_OscConfig
<LI><a href="#[5f]">&gt;&gt;</a>&nbsp;&nbsp;&nbsp;HAL_RCC_ClockConfig
<LI><a href="#[9e]">&gt;&gt;</a>&nbsp;&nbsp;&nbsp;UART_WaitOnFlagUntilTimeout
<LI><a href="#[8a]">&gt;&gt;</a>&nbsp;&nbsp;&nbsp;UART_CheckIdleState
<LI><a href="#[68]">&gt;&gt;</a>&nbsp;&nbsp;&nbsp;SPI_WaitOnFlagUntilTimeout
<LI><a href="#[5e]">&gt;&gt;</a>&nbsp;&nbsp;&nbsp;HAL_RCCEx_PeriphCLKConfig
<LI><a href="#[44]">&gt;&gt;</a>&nbsp;&nbsp;&nbsp;HAL_Delay
</UL>

<P><STRONG><a name="[92]"></a>HAL_I2CEx_ConfigAnalogFilter</STRONG> (Thumb, 74 bytes, Stack size 16 bytes, stm32l0xx_hal_i2c_ex.o(i.HAL_I2CEx_ConfigAnalogFilter))
<BR><BR>[Stack]<UL><LI>Max Depth = 16<LI>Call Chain = HAL_I2CEx_ConfigAnalogFilter
</UL>
<BR>[Called By]<UL><LI><a href="#[91]">&gt;&gt;</a>&nbsp;&nbsp;&nbsp;MX_I2C1_Init
</UL>

<P><STRONG><a name="[93]"></a>HAL_I2CEx_ConfigDigitalFilter</STRONG> (Thumb, 72 bytes, Stack size 16 bytes, stm32l0xx_hal_i2c_ex.o(i.HAL_I2CEx_ConfigDigitalFilter))
<BR><BR>[Stack]<UL><LI>Max Depth = 16<LI>Call Chain = HAL_I2CEx_ConfigDigitalFilter
</UL>
<BR>[Called By]<UL><LI><a href="#[91]">&gt;&gt;</a>&nbsp;&nbsp;&nbsp;MX_I2C1_Init
</UL>

<P><STRONG><a name="[51]"></a>HAL_I2C_Init</STRONG> (Thumb, 176 bytes, Stack size 16 bytes, stm32l0xx_hal_i2c.o(i.HAL_I2C_Init))
<BR><BR>[Stack]<UL><LI>Max Depth = 64<LI>Call Chain = HAL_I2C_Init &rArr; HAL_I2C_MspInit &rArr; HAL_GPIO_Init
</UL>
<BR>[Calls]<UL><LI><a href="#[52]">&gt;&gt;</a>&nbsp;&nbsp;&nbsp;HAL_I2C_MspInit
</UL>
<BR>[Called By]<UL><LI><a href="#[91]">&gt;&gt;</a>&nbsp;&nbsp;&nbsp;MX_I2C1_Init
</UL>

<P><STRONG><a name="[52]"></a>HAL_I2C_MspInit</STRONG> (Thumb, 54 bytes, Stack size 24 bytes, i2c.o(i.HAL_I2C_MspInit))
<BR><BR>[Stack]<UL><LI>Max Depth = 48<LI>Call Chain = HAL_I2C_MspInit &rArr; HAL_GPIO_Init
</UL>
<BR>[Calls]<UL><LI><a href="#[46]">&gt;&gt;</a>&nbsp;&nbsp;&nbsp;HAL_GPIO_Init
</UL>
<BR>[Called By]<UL><LI><a href="#[51]">&gt;&gt;</a>&nbsp;&nbsp;&nbsp;HAL_I2C_Init
</UL>

<P><STRONG><a name="[9a]"></a>HAL_IncTick</STRONG> (Thumb, 10 bytes, Stack size 0 bytes, stm32l0xx_hal.o(i.HAL_IncTick))
<BR><BR>[Called By]<UL><LI><a href="#[5]">&gt;&gt;</a>&nbsp;&nbsp;&nbsp;SysTick_Handler
</UL>

<P><STRONG><a name="[53]"></a>HAL_Init</STRONG> (Thumb, 26 bytes, Stack size 8 bytes, stm32l0xx_hal.o(i.HAL_Init))
<BR><BR>[Stack]<UL><LI>Max Depth = 28<LI>Call Chain = HAL_Init &rArr; HAL_InitTick &rArr; __aeabi_uidivmod
</UL>
<BR>[Calls]<UL><LI><a href="#[54]">&gt;&gt;</a>&nbsp;&nbsp;&nbsp;HAL_InitTick
<LI><a href="#[55]">&gt;&gt;</a>&nbsp;&nbsp;&nbsp;HAL_MspInit
</UL>
<BR>[Called By]<UL><LI><a href="#[21]">&gt;&gt;</a>&nbsp;&nbsp;&nbsp;main
</UL>

<P><STRONG><a name="[54]"></a>HAL_InitTick</STRONG> (Thumb, 34 bytes, Stack size 8 bytes, stm32l0xx_hal.o(i.HAL_InitTick))
<BR><BR>[Stack]<UL><LI>Max Depth = 20<LI>Call Chain = HAL_InitTick &rArr; __aeabi_uidivmod
</UL>
<BR>[Calls]<UL><LI><a href="#[57]">&gt;&gt;</a>&nbsp;&nbsp;&nbsp;HAL_SYSTICK_Config
<LI><a href="#[58]">&gt;&gt;</a>&nbsp;&nbsp;&nbsp;HAL_NVIC_SetPriority
<LI><a href="#[56]">&gt;&gt;</a>&nbsp;&nbsp;&nbsp;__aeabi_uidivmod
</UL>
<BR>[Called By]<UL><LI><a href="#[60]">&gt;&gt;</a>&nbsp;&nbsp;&nbsp;HAL_RCC_OscConfig
<LI><a href="#[5f]">&gt;&gt;</a>&nbsp;&nbsp;&nbsp;HAL_RCC_ClockConfig
<LI><a href="#[53]">&gt;&gt;</a>&nbsp;&nbsp;&nbsp;HAL_Init
</UL>

<P><STRONG><a name="[55]"></a>HAL_MspInit</STRONG> (Thumb, 52 bytes, Stack size 8 bytes, stm32l0xx_hal_msp.o(i.HAL_MspInit))
<BR><BR>[Stack]<UL><LI>Max Depth = 16<LI>Call Chain = HAL_MspInit &rArr; HAL_NVIC_SetPriority
</UL>
<BR>[Calls]<UL><LI><a href="#[58]">&gt;&gt;</a>&nbsp;&nbsp;&nbsp;HAL_NVIC_SetPriority
</UL>
<BR>[Called By]<UL><LI><a href="#[53]">&gt;&gt;</a>&nbsp;&nbsp;&nbsp;HAL_Init
</UL>

<P><STRONG><a name="[8d]"></a>HAL_NVIC_EnableIRQ</STRONG> (Thumb, 14 bytes, Stack size 0 bytes, stm32l0xx_hal_cortex.o(i.HAL_NVIC_EnableIRQ))
<BR><BR>[Called By]<UL><LI><a href="#[87]">&gt;&gt;</a>&nbsp;&nbsp;&nbsp;HAL_UART_MspInit
<LI><a href="#[90]">&gt;&gt;</a>&nbsp;&nbsp;&nbsp;MX_GPIO_Init
<LI><a href="#[8f]">&gt;&gt;</a>&nbsp;&nbsp;&nbsp;MX_DMA_Init
</UL>

<P><STRONG><a name="[58]"></a>HAL_NVIC_SetPriority</STRONG> (Thumb, 8 bytes, Stack size 8 bytes, stm32l0xx_hal_cortex.o(i.HAL_NVIC_SetPriority))
<BR><BR>[Stack]<UL><LI>Max Depth = 8<LI>Call Chain = HAL_NVIC_SetPriority
</UL>
<BR>[Calls]<UL><LI><a href="#[59]">&gt;&gt;</a>&nbsp;&nbsp;&nbsp;NVIC_SetPriority
</UL>
<BR>[Called By]<UL><LI><a href="#[54]">&gt;&gt;</a>&nbsp;&nbsp;&nbsp;HAL_InitTick
<LI><a href="#[87]">&gt;&gt;</a>&nbsp;&nbsp;&nbsp;HAL_UART_MspInit
<LI><a href="#[90]">&gt;&gt;</a>&nbsp;&nbsp;&nbsp;MX_GPIO_Init
<LI><a href="#[55]">&gt;&gt;</a>&nbsp;&nbsp;&nbsp;HAL_MspInit
<LI><a href="#[8f]">&gt;&gt;</a>&nbsp;&nbsp;&nbsp;MX_DMA_Init
<LI><a href="#[9b]">&gt;&gt;</a>&nbsp;&nbsp;&nbsp;SystemClock_Config
</UL>

<P><STRONG><a name="[5a]"></a>HAL_RCCEx_GetPeriphCLKFreq</STRONG> (Thumb, 380 bytes, Stack size 24 bytes, stm32l0xx_hal_rcc_ex.o(i.HAL_RCCEx_GetPeriphCLKFreq))
<BR><BR>[Stack]<UL><LI>Max Depth = 44<LI>Call Chain = HAL_RCCEx_GetPeriphCLKFreq &rArr; HAL_RCC_GetSysClockFreq &rArr; __aeabi_uidivmod
</UL>
<BR>[Calls]<UL><LI><a href="#[5c]">&gt;&gt;</a>&nbsp;&nbsp;&nbsp;HAL_RCC_GetSysClockFreq
<LI><a href="#[5b]">&gt;&gt;</a>&nbsp;&nbsp;&nbsp;HAL_RCC_GetPCLK2Freq
<LI><a href="#[5d]">&gt;&gt;</a>&nbsp;&nbsp;&nbsp;HAL_RCC_GetPCLK1Freq
<LI><a href="#[56]">&gt;&gt;</a>&nbsp;&nbsp;&nbsp;__aeabi_uidivmod
</UL>
<BR>[Called By]<UL><LI><a href="#[89]">&gt;&gt;</a>&nbsp;&nbsp;&nbsp;UART_SetConfig
</UL>

<P><STRONG><a name="[5e]"></a>HAL_RCCEx_PeriphCLKConfig</STRONG> (Thumb, 396 bytes, Stack size 24 bytes, stm32l0xx_hal_rcc_ex.o(i.HAL_RCCEx_PeriphCLKConfig))
<BR><BR>[Stack]<UL><LI>Max Depth = 24<LI>Call Chain = HAL_RCCEx_PeriphCLKConfig
</UL>
<BR>[Calls]<UL><LI><a href="#[4f]">&gt;&gt;</a>&nbsp;&nbsp;&nbsp;HAL_GetTick
</UL>
<BR>[Called By]<UL><LI><a href="#[9b]">&gt;&gt;</a>&nbsp;&nbsp;&nbsp;SystemClock_Config
</UL>

<P><STRONG><a name="[5f]"></a>HAL_RCC_ClockConfig</STRONG> (Thumb, 340 bytes, Stack size 24 bytes, stm32l0xx_hal_rcc.o(i.HAL_RCC_ClockConfig))
<BR><BR>[Stack]<UL><LI>Max Depth = 44<LI>Call Chain = HAL_RCC_ClockConfig &rArr; HAL_InitTick &rArr; __aeabi_uidivmod
</UL>
<BR>[Calls]<UL><LI><a href="#[54]">&gt;&gt;</a>&nbsp;&nbsp;&nbsp;HAL_InitTick
<LI><a href="#[4f]">&gt;&gt;</a>&nbsp;&nbsp;&nbsp;HAL_GetTick
<LI><a href="#[5c]">&gt;&gt;</a>&nbsp;&nbsp;&nbsp;HAL_RCC_GetSysClockFreq
</UL>
<BR>[Called By]<UL><LI><a href="#[9b]">&gt;&gt;</a>&nbsp;&nbsp;&nbsp;SystemClock_Config
</UL>

<P><STRONG><a name="[9c]"></a>HAL_RCC_GetHCLKFreq</STRONG> (Thumb, 6 bytes, Stack size 0 bytes, stm32l0xx_hal_rcc.o(i.HAL_RCC_GetHCLKFreq))
<BR><BR>[Called By]<UL><LI><a href="#[9b]">&gt;&gt;</a>&nbsp;&nbsp;&nbsp;SystemClock_Config
</UL>

<P><STRONG><a name="[5d]"></a>HAL_RCC_GetPCLK1Freq</STRONG> (Thumb, 20 bytes, Stack size 0 bytes, stm32l0xx_hal_rcc.o(i.HAL_RCC_GetPCLK1Freq))
<BR><BR>[Called By]<UL><LI><a href="#[5a]">&gt;&gt;</a>&nbsp;&nbsp;&nbsp;HAL_RCCEx_GetPeriphCLKFreq
<LI><a href="#[89]">&gt;&gt;</a>&nbsp;&nbsp;&nbsp;UART_SetConfig
</UL>

<P><STRONG><a name="[5b]"></a>HAL_RCC_GetPCLK2Freq</STRONG> (Thumb, 20 bytes, Stack size 0 bytes, stm32l0xx_hal_rcc.o(i.HAL_RCC_GetPCLK2Freq))
<BR><BR>[Called By]<UL><LI><a href="#[5a]">&gt;&gt;</a>&nbsp;&nbsp;&nbsp;HAL_RCCEx_GetPeriphCLKFreq
<LI><a href="#[89]">&gt;&gt;</a>&nbsp;&nbsp;&nbsp;UART_SetConfig
</UL>

<P><STRONG><a name="[5c]"></a>HAL_RCC_GetSysClockFreq</STRONG> (Thumb, 100 bytes, Stack size 8 bytes, stm32l0xx_hal_rcc.o(i.HAL_RCC_GetSysClockFreq))
<BR><BR>[Stack]<UL><LI>Max Depth = 20<LI>Call Chain = HAL_RCC_GetSysClockFreq &rArr; __aeabi_uidivmod
</UL>
<BR>[Calls]<UL><LI><a href="#[56]">&gt;&gt;</a>&nbsp;&nbsp;&nbsp;__aeabi_uidivmod
</UL>
<BR>[Called By]<UL><LI><a href="#[5f]">&gt;&gt;</a>&nbsp;&nbsp;&nbsp;HAL_RCC_ClockConfig
<LI><a href="#[5a]">&gt;&gt;</a>&nbsp;&nbsp;&nbsp;HAL_RCCEx_GetPeriphCLKFreq
<LI><a href="#[89]">&gt;&gt;</a>&nbsp;&nbsp;&nbsp;UART_SetConfig
</UL>

<P><STRONG><a name="[60]"></a>HAL_RCC_OscConfig</STRONG> (Thumb, 1106 bytes, Stack size 24 bytes, stm32l0xx_hal_rcc.o(i.HAL_RCC_OscConfig))
<BR><BR>[Stack]<UL><LI>Max Depth = 44<LI>Call Chain = HAL_RCC_OscConfig &rArr; HAL_InitTick &rArr; __aeabi_uidivmod
</UL>
<BR>[Calls]<UL><LI><a href="#[54]">&gt;&gt;</a>&nbsp;&nbsp;&nbsp;HAL_InitTick
<LI><a href="#[4f]">&gt;&gt;</a>&nbsp;&nbsp;&nbsp;HAL_GetTick
<LI><a href="#[61]">&gt;&gt;</a>&nbsp;&nbsp;&nbsp;RCC_SetFlashLatencyFromMSIRange
</UL>
<BR>[Called By]<UL><LI><a href="#[9b]">&gt;&gt;</a>&nbsp;&nbsp;&nbsp;SystemClock_Config
</UL>

<P><STRONG><a name="[62]"></a>HAL_SPI_DeInit</STRONG> (Thumb, 48 bytes, Stack size 16 bytes, stm32l0xx_hal_spi.o(i.HAL_SPI_DeInit))
<BR><BR>[Stack]<UL><LI>Max Depth = 44<LI>Call Chain = HAL_SPI_DeInit &rArr; HAL_SPI_MspDeInit &rArr; HAL_GPIO_DeInit
</UL>
<BR>[Calls]<UL><LI><a href="#[63]">&gt;&gt;</a>&nbsp;&nbsp;&nbsp;HAL_SPI_MspDeInit
</UL>
<BR>[Called By]<UL><LI><a href="#[98]">&gt;&gt;</a>&nbsp;&nbsp;&nbsp;SPIx_Error
</UL>

<P><STRONG><a name="[99]"></a>HAL_SPI_GetState</STRONG> (Thumb, 6 bytes, Stack size 0 bytes, stm32l0xx_hal_spi.o(i.HAL_SPI_GetState))
<BR><BR>[Called By]<UL><LI><a href="#[47]">&gt;&gt;</a>&nbsp;&nbsp;&nbsp;SPIx_Init
</UL>

<P><STRONG><a name="[64]"></a>HAL_SPI_Init</STRONG> (Thumb, 132 bytes, Stack size 16 bytes, stm32l0xx_hal_spi.o(i.HAL_SPI_Init))
<BR><BR>[Stack]<UL><LI>Max Depth = 80<LI>Call Chain = HAL_SPI_Init &rArr; HAL_SPI_MspInit &rArr; HAL_GPIO_Init
</UL>
<BR>[Calls]<UL><LI><a href="#[65]">&gt;&gt;</a>&nbsp;&nbsp;&nbsp;HAL_SPI_MspInit
</UL>
<BR>[Called By]<UL><LI><a href="#[47]">&gt;&gt;</a>&nbsp;&nbsp;&nbsp;SPIx_Init
<LI><a href="#[94]">&gt;&gt;</a>&nbsp;&nbsp;&nbsp;MX_SPI1_Init
</UL>

<P><STRONG><a name="[63]"></a>HAL_SPI_MspDeInit</STRONG> (Thumb, 40 bytes, Stack size 8 bytes, spi.o(i.HAL_SPI_MspDeInit))
<BR><BR>[Stack]<UL><LI>Max Depth = 28<LI>Call Chain = HAL_SPI_MspDeInit &rArr; HAL_GPIO_DeInit
</UL>
<BR>[Calls]<UL><LI><a href="#[66]">&gt;&gt;</a>&nbsp;&nbsp;&nbsp;HAL_GPIO_DeInit
</UL>
<BR>[Called By]<UL><LI><a href="#[62]">&gt;&gt;</a>&nbsp;&nbsp;&nbsp;HAL_SPI_DeInit
</UL>

<P><STRONG><a name="[65]"></a>HAL_SPI_MspInit</STRONG> (Thumb, 74 bytes, Stack size 40 bytes, spi.o(i.HAL_SPI_MspInit))
<BR><BR>[Stack]<UL><LI>Max Depth = 64<LI>Call Chain = HAL_SPI_MspInit &rArr; HAL_GPIO_Init
</UL>
<BR>[Calls]<UL><LI><a href="#[46]">&gt;&gt;</a>&nbsp;&nbsp;&nbsp;HAL_GPIO_Init
</UL>
<BR>[Called By]<UL><LI><a href="#[64]">&gt;&gt;</a>&nbsp;&nbsp;&nbsp;HAL_SPI_Init
</UL>

<P><STRONG><a name="[67]"></a>HAL_SPI_Transmit</STRONG> (Thumb, 336 bytes, Stack size 40 bytes, stm32l0xx_hal_spi.o(i.HAL_SPI_Transmit))
<BR><BR>[Stack]<UL><LI>Max Depth = 64<LI>Call Chain = HAL_SPI_Transmit &rArr; SPI_WaitOnFlagUntilTimeout
</UL>
<BR>[Calls]<UL><LI><a href="#[68]">&gt;&gt;</a>&nbsp;&nbsp;&nbsp;SPI_WaitOnFlagUntilTimeout
</UL>
<BR>[Called By]<UL><LI><a href="#[49]">&gt;&gt;</a>&nbsp;&nbsp;&nbsp;SPIx_Write
</UL>

<P><STRONG><a name="[9d]"></a>HAL_SYSTICK_CLKSourceConfig</STRONG> (Thumb, 20 bytes, Stack size 0 bytes, stm32l0xx_hal_cortex.o(i.HAL_SYSTICK_CLKSourceConfig))
<BR><BR>[Called By]<UL><LI><a href="#[9b]">&gt;&gt;</a>&nbsp;&nbsp;&nbsp;SystemClock_Config
</UL>

<P><STRONG><a name="[6a]"></a>HAL_SYSTICK_Callback</STRONG> (Thumb, 2 bytes, Stack size 0 bytes, stm32l0xx_hal_cortex.o(i.HAL_SYSTICK_Callback))
<BR><BR>[Called By]<UL><LI><a href="#[69]">&gt;&gt;</a>&nbsp;&nbsp;&nbsp;HAL_SYSTICK_IRQHandler
</UL>

<P><STRONG><a name="[57]"></a>HAL_SYSTICK_Config</STRONG> (Thumb, 38 bytes, Stack size 8 bytes, stm32l0xx_hal_cortex.o(i.HAL_SYSTICK_Config))
<BR><BR>[Stack]<UL><LI>Max Depth = 8<LI>Call Chain = HAL_SYSTICK_Config
</UL>
<BR>[Calls]<UL><LI><a href="#[59]">&gt;&gt;</a>&nbsp;&nbsp;&nbsp;NVIC_SetPriority
</UL>
<BR>[Called By]<UL><LI><a href="#[54]">&gt;&gt;</a>&nbsp;&nbsp;&nbsp;HAL_InitTick
<LI><a href="#[9b]">&gt;&gt;</a>&nbsp;&nbsp;&nbsp;SystemClock_Config
</UL>

<P><STRONG><a name="[69]"></a>HAL_SYSTICK_IRQHandler</STRONG> (Thumb, 8 bytes, Stack size 8 bytes, stm32l0xx_hal_cortex.o(i.HAL_SYSTICK_IRQHandler))
<BR><BR>[Stack]<UL><LI>Max Depth = 8<LI>Call Chain = HAL_SYSTICK_IRQHandler
</UL>
<BR>[Calls]<UL><LI><a href="#[6a]">&gt;&gt;</a>&nbsp;&nbsp;&nbsp;HAL_SYSTICK_Callback
</UL>
<BR>[Called By]<UL><LI><a href="#[5]">&gt;&gt;</a>&nbsp;&nbsp;&nbsp;SysTick_Handler
</UL>

<P><STRONG><a name="[96]"></a>HAL_TIMEx_MasterConfigSynchronization</STRONG> (Thumb, 72 bytes, Stack size 16 bytes, stm32l0xx_hal_tim_ex.o(i.HAL_TIMEx_MasterConfigSynchronization))
<BR><BR>[Stack]<UL><LI>Max Depth = 16<LI>Call Chain = HAL_TIMEx_MasterConfigSynchronization
</UL>
<BR>[Called By]<UL><LI><a href="#[95]">&gt;&gt;</a>&nbsp;&nbsp;&nbsp;MX_TIM21_Init
</UL>

<P><STRONG><a name="[6b]"></a>HAL_TIM_Base_Init</STRONG> (Thumb, 52 bytes, Stack size 16 bytes, stm32l0xx_hal_tim.o(i.HAL_TIM_Base_Init))
<BR><BR>[Stack]<UL><LI>Max Depth = 32<LI>Call Chain = HAL_TIM_Base_Init &rArr; TIM_Base_SetConfig
</UL>
<BR>[Calls]<UL><LI><a href="#[6d]">&gt;&gt;</a>&nbsp;&nbsp;&nbsp;TIM_Base_SetConfig
<LI><a href="#[6c]">&gt;&gt;</a>&nbsp;&nbsp;&nbsp;HAL_TIM_Base_MspInit
</UL>
<BR>[Called By]<UL><LI><a href="#[95]">&gt;&gt;</a>&nbsp;&nbsp;&nbsp;MX_TIM21_Init
</UL>

<P><STRONG><a name="[6c]"></a>HAL_TIM_Base_MspInit</STRONG> (Thumb, 20 bytes, Stack size 0 bytes, tim.o(i.HAL_TIM_Base_MspInit))
<BR><BR>[Called By]<UL><LI><a href="#[6b]">&gt;&gt;</a>&nbsp;&nbsp;&nbsp;HAL_TIM_Base_Init
</UL>

<P><STRONG><a name="[6e]"></a>HAL_TIM_ConfigClockSource</STRONG> (Thumb, 238 bytes, Stack size 24 bytes, stm32l0xx_hal_tim.o(i.HAL_TIM_ConfigClockSource))
<BR><BR>[Stack]<UL><LI>Max Depth = 36<LI>Call Chain = HAL_TIM_ConfigClockSource &rArr; TIM_TI2_ConfigInputStage
</UL>
<BR>[Calls]<UL><LI><a href="#[71]">&gt;&gt;</a>&nbsp;&nbsp;&nbsp;TIM_TI2_ConfigInputStage
<LI><a href="#[70]">&gt;&gt;</a>&nbsp;&nbsp;&nbsp;TIM_TI1_ConfigInputStage
<LI><a href="#[72]">&gt;&gt;</a>&nbsp;&nbsp;&nbsp;TIM_ITRx_SetConfig
<LI><a href="#[6f]">&gt;&gt;</a>&nbsp;&nbsp;&nbsp;TIM_ETR_SetConfig
</UL>
<BR>[Called By]<UL><LI><a href="#[95]">&gt;&gt;</a>&nbsp;&nbsp;&nbsp;MX_TIM21_Init
</UL>

<P><STRONG><a name="[73]"></a>HAL_TIM_MspPostInit</STRONG> (Thumb, 42 bytes, Stack size 24 bytes, tim.o(i.HAL_TIM_MspPostInit))
<BR><BR>[Stack]<UL><LI>Max Depth = 48<LI>Call Chain = HAL_TIM_MspPostInit &rArr; HAL_GPIO_Init
</UL>
<BR>[Calls]<UL><LI><a href="#[46]">&gt;&gt;</a>&nbsp;&nbsp;&nbsp;HAL_GPIO_Init
</UL>
<BR>[Called By]<UL><LI><a href="#[95]">&gt;&gt;</a>&nbsp;&nbsp;&nbsp;MX_TIM21_Init
</UL>

<P><STRONG><a name="[74]"></a>HAL_TIM_OC_ConfigChannel</STRONG> (Thumb, 80 bytes, Stack size 16 bytes, stm32l0xx_hal_tim.o(i.HAL_TIM_OC_ConfigChannel))
<BR><BR>[Stack]<UL><LI>Max Depth = 28<LI>Call Chain = HAL_TIM_OC_ConfigChannel &rArr; TIM_OC4_SetConfig
</UL>
<BR>[Calls]<UL><LI><a href="#[78]">&gt;&gt;</a>&nbsp;&nbsp;&nbsp;TIM_OC4_SetConfig
<LI><a href="#[77]">&gt;&gt;</a>&nbsp;&nbsp;&nbsp;TIM_OC3_SetConfig
<LI><a href="#[76]">&gt;&gt;</a>&nbsp;&nbsp;&nbsp;TIM_OC2_SetConfig
<LI><a href="#[75]">&gt;&gt;</a>&nbsp;&nbsp;&nbsp;TIM_OC1_SetConfig
</UL>
<BR>[Called By]<UL><LI><a href="#[95]">&gt;&gt;</a>&nbsp;&nbsp;&nbsp;MX_TIM21_Init
</UL>

<P><STRONG><a name="[79]"></a>HAL_TIM_OC_Init</STRONG> (Thumb, 52 bytes, Stack size 16 bytes, stm32l0xx_hal_tim.o(i.HAL_TIM_OC_Init))
<BR><BR>[Stack]<UL><LI>Max Depth = 32<LI>Call Chain = HAL_TIM_OC_Init &rArr; TIM_Base_SetConfig
</UL>
<BR>[Calls]<UL><LI><a href="#[6d]">&gt;&gt;</a>&nbsp;&nbsp;&nbsp;TIM_Base_SetConfig
<LI><a href="#[7a]">&gt;&gt;</a>&nbsp;&nbsp;&nbsp;HAL_TIM_OC_MspInit
</UL>
<BR>[Called By]<UL><LI><a href="#[95]">&gt;&gt;</a>&nbsp;&nbsp;&nbsp;MX_TIM21_Init
</UL>

<P><STRONG><a name="[7a]"></a>HAL_TIM_OC_MspInit</STRONG> (Thumb, 2 bytes, Stack size 0 bytes, stm32l0xx_hal_tim.o(i.HAL_TIM_OC_MspInit))
<BR><BR>[Called By]<UL><LI><a href="#[79]">&gt;&gt;</a>&nbsp;&nbsp;&nbsp;HAL_TIM_OC_Init
</UL>

<P><STRONG><a name="[7b]"></a>HAL_TIM_PWM_ConfigChannel</STRONG> (Thumb, 208 bytes, Stack size 24 bytes, stm32l0xx_hal_tim.o(i.HAL_TIM_PWM_ConfigChannel))
<BR><BR>[Stack]<UL><LI>Max Depth = 36<LI>Call Chain = HAL_TIM_PWM_ConfigChannel &rArr; TIM_OC4_SetConfig
</UL>
<BR>[Calls]<UL><LI><a href="#[78]">&gt;&gt;</a>&nbsp;&nbsp;&nbsp;TIM_OC4_SetConfig
<LI><a href="#[77]">&gt;&gt;</a>&nbsp;&nbsp;&nbsp;TIM_OC3_SetConfig
<LI><a href="#[76]">&gt;&gt;</a>&nbsp;&nbsp;&nbsp;TIM_OC2_SetConfig
<LI><a href="#[75]">&gt;&gt;</a>&nbsp;&nbsp;&nbsp;TIM_OC1_SetConfig
</UL>
<BR>[Called By]<UL><LI><a href="#[95]">&gt;&gt;</a>&nbsp;&nbsp;&nbsp;MX_TIM21_Init
</UL>

<P><STRONG><a name="[7c]"></a>HAL_TIM_PWM_Init</STRONG> (Thumb, 52 bytes, Stack size 16 bytes, stm32l0xx_hal_tim.o(i.HAL_TIM_PWM_Init))
<BR><BR>[Stack]<UL><LI>Max Depth = 32<LI>Call Chain = HAL_TIM_PWM_Init &rArr; TIM_Base_SetConfig
</UL>
<BR>[Calls]<UL><LI><a href="#[6d]">&gt;&gt;</a>&nbsp;&nbsp;&nbsp;TIM_Base_SetConfig
<LI><a href="#[7d]">&gt;&gt;</a>&nbsp;&nbsp;&nbsp;HAL_TIM_PWM_MspInit
</UL>
<BR>[Called By]<UL><LI><a href="#[95]">&gt;&gt;</a>&nbsp;&nbsp;&nbsp;MX_TIM21_Init
</UL>

<P><STRONG><a name="[7d]"></a>HAL_TIM_PWM_MspInit</STRONG> (Thumb, 2 bytes, Stack size 0 bytes, stm32l0xx_hal_tim.o(i.HAL_TIM_PWM_MspInit))
<BR><BR>[Called By]<UL><LI><a href="#[7c]">&gt;&gt;</a>&nbsp;&nbsp;&nbsp;HAL_TIM_PWM_Init
</UL>

<P><STRONG><a name="[83]"></a>HAL_UARTEx_WakeupCallback</STRONG> (Thumb, 2 bytes, Stack size 0 bytes, stm32l0xx_hal_uart_ex.o(i.HAL_UARTEx_WakeupCallback))
<BR><BR>[Called By]<UL><LI><a href="#[7e]">&gt;&gt;</a>&nbsp;&nbsp;&nbsp;HAL_UART_IRQHandler
</UL>

<P><STRONG><a name="[82]"></a>HAL_UART_ErrorCallback</STRONG> (Thumb, 2 bytes, Stack size 0 bytes, stm32l0xx_hal_uart.o(i.HAL_UART_ErrorCallback))
<BR><BR>[Called By]<UL><LI><a href="#[7e]">&gt;&gt;</a>&nbsp;&nbsp;&nbsp;HAL_UART_IRQHandler
<LI><a href="#[27]">&gt;&gt;</a>&nbsp;&nbsp;&nbsp;UART_DMAError
<LI><a href="#[24]">&gt;&gt;</a>&nbsp;&nbsp;&nbsp;UART_DMAAbortOnError
</UL>

<P><STRONG><a name="[7e]"></a>HAL_UART_IRQHandler</STRONG> (Thumb, 318 bytes, Stack size 24 bytes, stm32l0xx_hal_uart.o(i.HAL_UART_IRQHandler))
<BR><BR>[Stack]<UL><LI>Max Depth = 40<LI>Call Chain = HAL_UART_IRQHandler &rArr; HAL_DMA_Abort_IT
</UL>
<BR>[Calls]<UL><LI><a href="#[81]">&gt;&gt;</a>&nbsp;&nbsp;&nbsp;HAL_DMA_Abort_IT
<LI><a href="#[85]">&gt;&gt;</a>&nbsp;&nbsp;&nbsp;HAL_UART_TxCpltCallback
<LI><a href="#[82]">&gt;&gt;</a>&nbsp;&nbsp;&nbsp;HAL_UART_ErrorCallback
<LI><a href="#[84]">&gt;&gt;</a>&nbsp;&nbsp;&nbsp;UART_Transmit_IT
<LI><a href="#[7f]">&gt;&gt;</a>&nbsp;&nbsp;&nbsp;UART_Receive_IT
<LI><a href="#[80]">&gt;&gt;</a>&nbsp;&nbsp;&nbsp;UART_EndRxTransfer
<LI><a href="#[83]">&gt;&gt;</a>&nbsp;&nbsp;&nbsp;HAL_UARTEx_WakeupCallback
</UL>
<BR>[Called By]<UL><LI><a href="#[1c]">&gt;&gt;</a>&nbsp;&nbsp;&nbsp;USART1_IRQHandler
</UL>

<P><STRONG><a name="[86]"></a>HAL_UART_Init</STRONG> (Thumb, 108 bytes, Stack size 16 bytes, stm32l0xx_hal_uart.o(i.HAL_UART_Init))
<BR><BR>[Stack]<UL><LI>Max Depth = 104<LI>Call Chain = HAL_UART_Init &rArr; UART_SetConfig &rArr; __aeabi_uldivmod &rArr; __aeabi_llsr
</UL>
<BR>[Calls]<UL><LI><a href="#[89]">&gt;&gt;</a>&nbsp;&nbsp;&nbsp;UART_SetConfig
<LI><a href="#[8a]">&gt;&gt;</a>&nbsp;&nbsp;&nbsp;UART_CheckIdleState
<LI><a href="#[88]">&gt;&gt;</a>&nbsp;&nbsp;&nbsp;UART_AdvFeatureConfig
<LI><a href="#[87]">&gt;&gt;</a>&nbsp;&nbsp;&nbsp;HAL_UART_MspInit
</UL>
<BR>[Called By]<UL><LI><a href="#[97]">&gt;&gt;</a>&nbsp;&nbsp;&nbsp;MX_USART1_UART_Init
</UL>

<P><STRONG><a name="[87]"></a>HAL_UART_MspInit</STRONG> (Thumb, 128 bytes, Stack size 40 bytes, usart.o(i.HAL_UART_MspInit))
<BR><BR>[Stack]<UL><LI>Max Depth = 64<LI>Call Chain = HAL_UART_MspInit &rArr; HAL_GPIO_Init
</UL>
<BR>[Calls]<UL><LI><a href="#[8b]">&gt;&gt;</a>&nbsp;&nbsp;&nbsp;HAL_DMA_Init
<LI><a href="#[46]">&gt;&gt;</a>&nbsp;&nbsp;&nbsp;HAL_GPIO_Init
<LI><a href="#[58]">&gt;&gt;</a>&nbsp;&nbsp;&nbsp;HAL_NVIC_SetPriority
<LI><a href="#[8d]">&gt;&gt;</a>&nbsp;&nbsp;&nbsp;HAL_NVIC_EnableIRQ
<LI><a href="#[8c]">&gt;&gt;</a>&nbsp;&nbsp;&nbsp;_Error_Handler
</UL>
<BR>[Called By]<UL><LI><a href="#[86]">&gt;&gt;</a>&nbsp;&nbsp;&nbsp;HAL_UART_Init
</UL>

<P><STRONG><a name="[8e]"></a>HAL_UART_Receive_DMA</STRONG> (Thumb, 150 bytes, Stack size 24 bytes, stm32l0xx_hal_uart.o(i.HAL_UART_Receive_DMA))
<BR><BR>[Stack]<UL><LI>Max Depth = 56<LI>Call Chain = HAL_UART_Receive_DMA &rArr; HAL_DMA_Start_IT &rArr; DMA_SetConfig
</UL>
<BR>[Calls]<UL><LI><a href="#[4d]">&gt;&gt;</a>&nbsp;&nbsp;&nbsp;HAL_DMA_Start_IT
</UL>
<BR>[Called By]<UL><LI><a href="#[a3]">&gt;&gt;</a>&nbsp;&nbsp;&nbsp;usartInterrupt
</UL>

<P><STRONG><a name="[a0]"></a>HAL_UART_RxCpltCallback</STRONG> (Thumb, 2 bytes, Stack size 0 bytes, main.o(i.HAL_UART_RxCpltCallback))
<BR><BR>[Called By]<UL><LI><a href="#[7f]">&gt;&gt;</a>&nbsp;&nbsp;&nbsp;UART_Receive_IT
<LI><a href="#[25]">&gt;&gt;</a>&nbsp;&nbsp;&nbsp;UART_DMAReceiveCplt
</UL>

<P><STRONG><a name="[a1]"></a>HAL_UART_RxHalfCpltCallback</STRONG> (Thumb, 2 bytes, Stack size 0 bytes, main.o(i.HAL_UART_RxHalfCpltCallback))
<BR><BR>[Called By]<UL><LI><a href="#[26]">&gt;&gt;</a>&nbsp;&nbsp;&nbsp;UART_DMARxHalfCplt
</UL>

<P><STRONG><a name="[85]"></a>HAL_UART_TxCpltCallback</STRONG> (Thumb, 2 bytes, Stack size 0 bytes, stm32l0xx_hal_uart.o(i.HAL_UART_TxCpltCallback))
<BR><BR>[Called By]<UL><LI><a href="#[7e]">&gt;&gt;</a>&nbsp;&nbsp;&nbsp;HAL_UART_IRQHandler
</UL>

<P><STRONG><a name="[2]"></a>HardFault_Handler</STRONG> (Thumb, 2 bytes, Stack size 0 bytes, stm32l0xx_it.o(i.HardFault_Handler))
<BR><BR>[Calls]<UL><LI><a href="#[2]">&gt;&gt;</a>&nbsp;&nbsp;&nbsp;HardFault_Handler
</UL>
<BR>[Called By]<UL><LI><a href="#[2]">&gt;&gt;</a>&nbsp;&nbsp;&nbsp;HardFault_Handler
</UL>
<BR>[Address Reference Count : 1]<UL><LI> startup_stm32l053xx.o(RESET)
</UL>
<P><STRONG><a name="[8f]"></a>MX_DMA_Init</STRONG> (Thumb, 36 bytes, Stack size 8 bytes, dma.o(i.MX_DMA_Init))
<BR><BR>[Stack]<UL><LI>Max Depth = 16<LI>Call Chain = MX_DMA_Init &rArr; HAL_NVIC_SetPriority
</UL>
<BR>[Calls]<UL><LI><a href="#[58]">&gt;&gt;</a>&nbsp;&nbsp;&nbsp;HAL_NVIC_SetPriority
<LI><a href="#[8d]">&gt;&gt;</a>&nbsp;&nbsp;&nbsp;HAL_NVIC_EnableIRQ
</UL>
<BR>[Called By]<UL><LI><a href="#[21]">&gt;&gt;</a>&nbsp;&nbsp;&nbsp;main
</UL>

<P><STRONG><a name="[90]"></a>MX_GPIO_Init</STRONG> (Thumb, 162 bytes, Stack size 48 bytes, gpio.o(i.MX_GPIO_Init))
<BR><BR>[Stack]<UL><LI>Max Depth = 72<LI>Call Chain = MX_GPIO_Init &rArr; HAL_GPIO_Init
</UL>
<BR>[Calls]<UL><LI><a href="#[46]">&gt;&gt;</a>&nbsp;&nbsp;&nbsp;HAL_GPIO_Init
<LI><a href="#[40]">&gt;&gt;</a>&nbsp;&nbsp;&nbsp;HAL_GPIO_WritePin
<LI><a href="#[58]">&gt;&gt;</a>&nbsp;&nbsp;&nbsp;HAL_NVIC_SetPriority
<LI><a href="#[8d]">&gt;&gt;</a>&nbsp;&nbsp;&nbsp;HAL_NVIC_EnableIRQ
</UL>
<BR>[Called By]<UL><LI><a href="#[21]">&gt;&gt;</a>&nbsp;&nbsp;&nbsp;main
</UL>

<P><STRONG><a name="[91]"></a>MX_I2C1_Init</STRONG> (Thumb, 90 bytes, Stack size 8 bytes, i2c.o(i.MX_I2C1_Init))
<BR><BR>[Stack]<UL><LI>Max Depth = 72<LI>Call Chain = MX_I2C1_Init &rArr; HAL_I2C_Init &rArr; HAL_I2C_MspInit &rArr; HAL_GPIO_Init
</UL>
<BR>[Calls]<UL><LI><a href="#[93]">&gt;&gt;</a>&nbsp;&nbsp;&nbsp;HAL_I2CEx_ConfigDigitalFilter
<LI><a href="#[92]">&gt;&gt;</a>&nbsp;&nbsp;&nbsp;HAL_I2CEx_ConfigAnalogFilter
<LI><a href="#[51]">&gt;&gt;</a>&nbsp;&nbsp;&nbsp;HAL_I2C_Init
<LI><a href="#[8c]">&gt;&gt;</a>&nbsp;&nbsp;&nbsp;_Error_Handler
</UL>
<BR>[Called By]<UL><LI><a href="#[21]">&gt;&gt;</a>&nbsp;&nbsp;&nbsp;main
</UL>

<P><STRONG><a name="[94]"></a>MX_SPI1_Init</STRONG> (Thumb, 60 bytes, Stack size 8 bytes, spi.o(i.MX_SPI1_Init))
<BR><BR>[Stack]<UL><LI>Max Depth = 88<LI>Call Chain = MX_SPI1_Init &rArr; HAL_SPI_Init &rArr; HAL_SPI_MspInit &rArr; HAL_GPIO_Init
</UL>
<BR>[Calls]<UL><LI><a href="#[8c]">&gt;&gt;</a>&nbsp;&nbsp;&nbsp;_Error_Handler
<LI><a href="#[64]">&gt;&gt;</a>&nbsp;&nbsp;&nbsp;HAL_SPI_Init
</UL>
<BR>[Called By]<UL><LI><a href="#[21]">&gt;&gt;</a>&nbsp;&nbsp;&nbsp;main
</UL>

<P><STRONG><a name="[95]"></a>MX_TIM21_Init</STRONG> (Thumb, 188 bytes, Stack size 48 bytes, tim.o(i.MX_TIM21_Init))
<BR><BR>[Stack]<UL><LI>Max Depth = 96<LI>Call Chain = MX_TIM21_Init &rArr; HAL_TIM_MspPostInit &rArr; HAL_GPIO_Init
</UL>
<BR>[Calls]<UL><LI><a href="#[7c]">&gt;&gt;</a>&nbsp;&nbsp;&nbsp;HAL_TIM_PWM_Init
<LI><a href="#[7b]">&gt;&gt;</a>&nbsp;&nbsp;&nbsp;HAL_TIM_PWM_ConfigChannel
<LI><a href="#[79]">&gt;&gt;</a>&nbsp;&nbsp;&nbsp;HAL_TIM_OC_Init
<LI><a href="#[74]">&gt;&gt;</a>&nbsp;&nbsp;&nbsp;HAL_TIM_OC_ConfigChannel
<LI><a href="#[6e]">&gt;&gt;</a>&nbsp;&nbsp;&nbsp;HAL_TIM_ConfigClockSource
<LI><a href="#[6b]">&gt;&gt;</a>&nbsp;&nbsp;&nbsp;HAL_TIM_Base_Init
<LI><a href="#[96]">&gt;&gt;</a>&nbsp;&nbsp;&nbsp;HAL_TIMEx_MasterConfigSynchronization
<LI><a href="#[8c]">&gt;&gt;</a>&nbsp;&nbsp;&nbsp;_Error_Handler
<LI><a href="#[73]">&gt;&gt;</a>&nbsp;&nbsp;&nbsp;HAL_TIM_MspPostInit
</UL>
<BR>[Called By]<UL><LI><a href="#[21]">&gt;&gt;</a>&nbsp;&nbsp;&nbsp;main
</UL>

<P><STRONG><a name="[97]"></a>MX_USART1_UART_Init</STRONG> (Thumb, 52 bytes, Stack size 8 bytes, usart.o(i.MX_USART1_UART_Init))
<BR><BR>[Stack]<UL><LI>Max Depth = 112<LI>Call Chain = MX_USART1_UART_Init &rArr; HAL_UART_Init &rArr; UART_SetConfig &rArr; __aeabi_uldivmod &rArr; __aeabi_llsr
</UL>
<BR>[Calls]<UL><LI><a href="#[86]">&gt;&gt;</a>&nbsp;&nbsp;&nbsp;HAL_UART_Init
<LI><a href="#[8c]">&gt;&gt;</a>&nbsp;&nbsp;&nbsp;_Error_Handler
</UL>
<BR>[Called By]<UL><LI><a href="#[21]">&gt;&gt;</a>&nbsp;&nbsp;&nbsp;main
</UL>

<P><STRONG><a name="[1]"></a>NMI_Handler</STRONG> (Thumb, 2 bytes, Stack size 0 bytes, stm32l0xx_it.o(i.NMI_Handler))
<BR>[Address Reference Count : 1]<UL><LI> startup_stm32l053xx.o(RESET)
</UL>
<P><STRONG><a name="[4]"></a>PendSV_Handler</STRONG> (Thumb, 2 bytes, Stack size 0 bytes, stm32l0xx_it.o(i.PendSV_Handler))
<BR>[Address Reference Count : 1]<UL><LI> startup_stm32l053xx.o(RESET)
</UL>
<P><STRONG><a name="[3]"></a>SVC_Handler</STRONG> (Thumb, 2 bytes, Stack size 0 bytes, stm32l0xx_it.o(i.SVC_Handler))
<BR>[Address Reference Count : 1]<UL><LI> startup_stm32l053xx.o(RESET)
</UL>
<P><STRONG><a name="[5]"></a>SysTick_Handler</STRONG> (Thumb, 12 bytes, Stack size 8 bytes, stm32l0xx_it.o(i.SysTick_Handler))
<BR><BR>[Stack]<UL><LI>Max Depth = 16<LI>Call Chain = SysTick_Handler &rArr; HAL_SYSTICK_IRQHandler
</UL>
<BR>[Calls]<UL><LI><a href="#[69]">&gt;&gt;</a>&nbsp;&nbsp;&nbsp;HAL_SYSTICK_IRQHandler
<LI><a href="#[9a]">&gt;&gt;</a>&nbsp;&nbsp;&nbsp;HAL_IncTick
</UL>
<BR>[Address Reference Count : 1]<UL><LI> startup_stm32l053xx.o(RESET)
</UL>
<P><STRONG><a name="[9b]"></a>SystemClock_Config</STRONG> (Thumb, 170 bytes, Stack size 128 bytes, main.o(i.SystemClock_Config))
<BR><BR>[Stack]<UL><LI>Max Depth = 172<LI>Call Chain = SystemClock_Config &rArr; HAL_RCC_OscConfig &rArr; HAL_InitTick &rArr; __aeabi_uidivmod
</UL>
<BR>[Calls]<UL><LI><a href="#[60]">&gt;&gt;</a>&nbsp;&nbsp;&nbsp;HAL_RCC_OscConfig
<LI><a href="#[9c]">&gt;&gt;</a>&nbsp;&nbsp;&nbsp;HAL_RCC_GetHCLKFreq
<LI><a href="#[5f]">&gt;&gt;</a>&nbsp;&nbsp;&nbsp;HAL_RCC_ClockConfig
<LI><a href="#[57]">&gt;&gt;</a>&nbsp;&nbsp;&nbsp;HAL_SYSTICK_Config
<LI><a href="#[9d]">&gt;&gt;</a>&nbsp;&nbsp;&nbsp;HAL_SYSTICK_CLKSourceConfig
<LI><a href="#[58]">&gt;&gt;</a>&nbsp;&nbsp;&nbsp;HAL_NVIC_SetPriority
<LI><a href="#[8c]">&gt;&gt;</a>&nbsp;&nbsp;&nbsp;_Error_Handler
<LI><a href="#[5e]">&gt;&gt;</a>&nbsp;&nbsp;&nbsp;HAL_RCCEx_PeriphCLKConfig
<LI><a href="#[56]">&gt;&gt;</a>&nbsp;&nbsp;&nbsp;__aeabi_uidivmod
</UL>
<BR>[Called By]<UL><LI><a href="#[21]">&gt;&gt;</a>&nbsp;&nbsp;&nbsp;main
</UL>

<P><STRONG><a name="[22]"></a>SystemInit</STRONG> (Thumb, 66 bytes, Stack size 0 bytes, system_stm32l0xx.o(i.SystemInit))
<BR>[Address Reference Count : 1]<UL><LI> startup_stm32l053xx.o(.text)
</UL>
<P><STRONG><a name="[88]"></a>UART_AdvFeatureConfig</STRONG> (Thumb, 202 bytes, Stack size 8 bytes, stm32l0xx_hal_uart.o(i.UART_AdvFeatureConfig))
<BR><BR>[Stack]<UL><LI>Max Depth = 8<LI>Call Chain = UART_AdvFeatureConfig
</UL>
<BR>[Called By]<UL><LI><a href="#[86]">&gt;&gt;</a>&nbsp;&nbsp;&nbsp;HAL_UART_Init
</UL>

<P><STRONG><a name="[8a]"></a>UART_CheckIdleState</STRONG> (Thumb, 90 bytes, Stack size 24 bytes, stm32l0xx_hal_uart.o(i.UART_CheckIdleState))
<BR><BR>[Stack]<UL><LI>Max Depth = 64<LI>Call Chain = UART_CheckIdleState &rArr; UART_WaitOnFlagUntilTimeout
</UL>
<BR>[Calls]<UL><LI><a href="#[4f]">&gt;&gt;</a>&nbsp;&nbsp;&nbsp;HAL_GetTick
<LI><a href="#[9e]">&gt;&gt;</a>&nbsp;&nbsp;&nbsp;UART_WaitOnFlagUntilTimeout
</UL>
<BR>[Called By]<UL><LI><a href="#[86]">&gt;&gt;</a>&nbsp;&nbsp;&nbsp;HAL_UART_Init
</UL>

<P><STRONG><a name="[89]"></a>UART_SetConfig</STRONG> (Thumb, 498 bytes, Stack size 32 bytes, stm32l0xx_hal_uart.o(i.UART_SetConfig))
<BR><BR>[Stack]<UL><LI>Max Depth = 88<LI>Call Chain = UART_SetConfig &rArr; __aeabi_uldivmod &rArr; __aeabi_llsr
</UL>
<BR>[Calls]<UL><LI><a href="#[5c]">&gt;&gt;</a>&nbsp;&nbsp;&nbsp;HAL_RCC_GetSysClockFreq
<LI><a href="#[5b]">&gt;&gt;</a>&nbsp;&nbsp;&nbsp;HAL_RCC_GetPCLK2Freq
<LI><a href="#[5d]">&gt;&gt;</a>&nbsp;&nbsp;&nbsp;HAL_RCC_GetPCLK1Freq
<LI><a href="#[5a]">&gt;&gt;</a>&nbsp;&nbsp;&nbsp;HAL_RCCEx_GetPeriphCLKFreq
<LI><a href="#[a2]">&gt;&gt;</a>&nbsp;&nbsp;&nbsp;__ARM_common_switch8
<LI><a href="#[35]">&gt;&gt;</a>&nbsp;&nbsp;&nbsp;__aeabi_uldivmod
<LI><a href="#[56]">&gt;&gt;</a>&nbsp;&nbsp;&nbsp;__aeabi_uidivmod
</UL>
<BR>[Called By]<UL><LI><a href="#[86]">&gt;&gt;</a>&nbsp;&nbsp;&nbsp;HAL_UART_Init
</UL>

<P><STRONG><a name="[9e]"></a>UART_WaitOnFlagUntilTimeout</STRONG> (Thumb, 98 bytes, Stack size 40 bytes, stm32l0xx_hal_uart.o(i.UART_WaitOnFlagUntilTimeout))
<BR><BR>[Stack]<UL><LI>Max Depth = 40<LI>Call Chain = UART_WaitOnFlagUntilTimeout
</UL>
<BR>[Calls]<UL><LI><a href="#[4f]">&gt;&gt;</a>&nbsp;&nbsp;&nbsp;HAL_GetTick
</UL>
<BR>[Called By]<UL><LI><a href="#[8a]">&gt;&gt;</a>&nbsp;&nbsp;&nbsp;UART_CheckIdleState
</UL>

<P><STRONG><a name="[1c]"></a>USART1_IRQHandler</STRONG> (Thumb, 26 bytes, Stack size 8 bytes, stm32l0xx_it.o(i.USART1_IRQHandler))
<BR><BR>[Stack]<UL><LI>Max Depth = 72<LI>Call Chain = USART1_IRQHandler &rArr; usartInterrupt &rArr; HAL_UART_Receive_DMA &rArr; HAL_DMA_Start_IT &rArr; DMA_SetConfig
</UL>
<BR>[Calls]<UL><LI><a href="#[7e]">&gt;&gt;</a>&nbsp;&nbsp;&nbsp;HAL_UART_IRQHandler
<LI><a href="#[a3]">&gt;&gt;</a>&nbsp;&nbsp;&nbsp;usartInterrupt
</UL>
<BR>[Address Reference Count : 1]<UL><LI> startup_stm32l053xx.o(RESET)
</UL>
<P><STRONG><a name="[8c]"></a>_Error_Handler</STRONG> (Thumb, 4 bytes, Stack size 0 bytes, main.o(i._Error_Handler))
<BR><BR>[Called By]<UL><LI><a href="#[91]">&gt;&gt;</a>&nbsp;&nbsp;&nbsp;MX_I2C1_Init
<LI><a href="#[97]">&gt;&gt;</a>&nbsp;&nbsp;&nbsp;MX_USART1_UART_Init
<LI><a href="#[87]">&gt;&gt;</a>&nbsp;&nbsp;&nbsp;HAL_UART_MspInit
<LI><a href="#[95]">&gt;&gt;</a>&nbsp;&nbsp;&nbsp;MX_TIM21_Init
<LI><a href="#[94]">&gt;&gt;</a>&nbsp;&nbsp;&nbsp;MX_SPI1_Init
<LI><a href="#[9b]">&gt;&gt;</a>&nbsp;&nbsp;&nbsp;SystemClock_Config
</UL>

<P><STRONG><a name="[a2]"></a>__ARM_common_switch8</STRONG> (Thumb, 26 bytes, Stack size 8 bytes, stm32l0xx_hal_tim.o(i.__ARM_common_switch8))
<BR><BR>[Stack]<UL><LI>Max Depth = 8<LI>Call Chain = __ARM_common_switch8
</UL>
<BR>[Called By]<UL><LI><a href="#[89]">&gt;&gt;</a>&nbsp;&nbsp;&nbsp;UART_SetConfig
</UL>

<P><STRONG><a name="[b3]"></a>__scatterload_copy</STRONG> (Thumb, 14 bytes, Stack size unknown bytes, handlers.o(i.__scatterload_copy), UNUSED)

<P><STRONG><a name="[b4]"></a>__scatterload_null</STRONG> (Thumb, 2 bytes, Stack size unknown bytes, handlers.o(i.__scatterload_null), UNUSED)

<P><STRONG><a name="[b5]"></a>__scatterload_zeroinit</STRONG> (Thumb, 14 bytes, Stack size unknown bytes, handlers.o(i.__scatterload_zeroinit), UNUSED)

<P><STRONG><a name="[42]"></a>dmaInterrupt</STRONG> (Thumb, 54 bytes, Stack size 0 bytes, main.o(i.dmaInterrupt))
<BR><BR>[Called By]<UL><LI><a href="#[10]">&gt;&gt;</a>&nbsp;&nbsp;&nbsp;DMA1_Channel2_3_IRQHandler
</UL>

<P><STRONG><a name="[2a]"></a>done_fn</STRONG> (Thumb, 38 bytes, Stack size 8 bytes, main.o(i.done_fn))
<BR><BR>[Stack]<UL><LI>Max Depth = 48<LI>Call Chain = done_fn &rArr; BSP_EPD_RefreshDisplay &rArr; EPD_Delay &rArr; HAL_Delay
</UL>
<BR>[Calls]<UL><LI><a href="#[a5]">&gt;&gt;</a>&nbsp;&nbsp;&nbsp;redOff
<LI><a href="#[a4]">&gt;&gt;</a>&nbsp;&nbsp;&nbsp;greenOn
<LI><a href="#[3e]">&gt;&gt;</a>&nbsp;&nbsp;&nbsp;BSP_EPD_RefreshDisplay
<LI><a href="#[39]">&gt;&gt;</a>&nbsp;&nbsp;&nbsp;BSP_EPD_DrawImage
</UL>
<BR>[Address Reference Count : 1]<UL><LI> main.o(i.update)
</UL>
<P><STRONG><a name="[4b]"></a>externalInterrupt</STRONG> (Thumb, 28 bytes, Stack size 8 bytes, main.o(i.externalInterrupt))
<BR><BR>[Stack]<UL><LI>Max Depth = 8<LI>Call Chain = externalInterrupt
</UL>
<BR>[Calls]<UL><LI><a href="#[a6]">&gt;&gt;</a>&nbsp;&nbsp;&nbsp;update
</UL>
<BR>[Called By]<UL><LI><a href="#[b]">&gt;&gt;</a>&nbsp;&nbsp;&nbsp;EXTI0_1_IRQHandler
</UL>

<P><STRONG><a name="[2f]"></a>gde021a1_CloseChargePump</STRONG> (Thumb, 22 bytes, Stack size 8 bytes, gde021a1.o(i.gde021a1_CloseChargePump))
<BR><BR>[Stack]<UL><LI>Max Depth = 168<LI>Call Chain = gde021a1_CloseChargePump &rArr; EPD_IO_WriteReg &rArr; SPIx_Write &rArr; SPIx_Error &rArr; SPIx_Init &rArr; HAL_SPI_Init &rArr; HAL_SPI_MspInit &rArr; HAL_GPIO_Init
</UL>
<BR>[Calls]<UL><LI><a href="#[4a]">&gt;&gt;</a>&nbsp;&nbsp;&nbsp;EPD_IO_WriteReg
<LI><a href="#[48]">&gt;&gt;</a>&nbsp;&nbsp;&nbsp;EPD_IO_WriteData
</UL>
<BR>[Address Reference Count : 1]<UL><LI> gde021a1.o(.data)
</UL>
<P><STRONG><a name="[32]"></a>gde021a1_DrawImage</STRONG> (Thumb, 334 bytes, Stack size 32 bytes, gde021a1.o(i.gde021a1_DrawImage))
<BR><BR>[Stack]<UL><LI>Max Depth = 192<LI>Call Chain = gde021a1_DrawImage &rArr; EPD_IO_WriteReg &rArr; SPIx_Write &rArr; SPIx_Error &rArr; SPIx_Init &rArr; HAL_SPI_Init &rArr; HAL_SPI_MspInit &rArr; HAL_GPIO_Init
</UL>
<BR>[Calls]<UL><LI><a href="#[56]">&gt;&gt;</a>&nbsp;&nbsp;&nbsp;__aeabi_uidivmod
<LI><a href="#[4a]">&gt;&gt;</a>&nbsp;&nbsp;&nbsp;EPD_IO_WriteReg
<LI><a href="#[48]">&gt;&gt;</a>&nbsp;&nbsp;&nbsp;EPD_IO_WriteData
</UL>
<BR>[Address Reference Count : 1]<UL><LI> gde021a1.o(.data)
</UL>
<P><STRONG><a name="[31]"></a>gde021a1_GetEpdPixelHeight</STRONG> (Thumb, 4 bytes, Stack size 0 bytes, gde021a1.o(i.gde021a1_GetEpdPixelHeight))
<BR>[Address Reference Count : 1]<UL><LI> gde021a1.o(.data)
</UL>
<P><STRONG><a name="[30]"></a>gde021a1_GetEpdPixelWidth</STRONG> (Thumb, 4 bytes, Stack size 0 bytes, gde021a1.o(i.gde021a1_GetEpdPixelWidth))
<BR>[Address Reference Count : 1]<UL><LI> gde021a1.o(.data)
</UL>
<P><STRONG><a name="[2b]"></a>gde021a1_Init</STRONG> (Thumb, 164 bytes, Stack size 16 bytes, gde021a1.o(i.gde021a1_Init))
<BR><BR>[Stack]<UL><LI>Max Depth = 192<LI>Call Chain = gde021a1_Init &rArr; EPD_IO_Init &rArr; SPIx_Init &rArr; HAL_SPI_Init &rArr; HAL_SPI_MspInit &rArr; HAL_GPIO_Init
</UL>
<BR>[Calls]<UL><LI><a href="#[4a]">&gt;&gt;</a>&nbsp;&nbsp;&nbsp;EPD_IO_WriteReg
<LI><a href="#[48]">&gt;&gt;</a>&nbsp;&nbsp;&nbsp;EPD_IO_WriteData
<LI><a href="#[45]">&gt;&gt;</a>&nbsp;&nbsp;&nbsp;EPD_IO_Init
</UL>
<BR>[Address Reference Count : 1]<UL><LI> gde021a1.o(.data)
</UL>
<P><STRONG><a name="[2e]"></a>gde021a1_RefreshDisplay</STRONG> (Thumb, 22 bytes, Stack size 8 bytes, gde021a1.o(i.gde021a1_RefreshDisplay))
<BR><BR>[Stack]<UL><LI>Max Depth = 168<LI>Call Chain = gde021a1_RefreshDisplay &rArr; EPD_IO_WriteReg &rArr; SPIx_Write &rArr; SPIx_Error &rArr; SPIx_Init &rArr; HAL_SPI_Init &rArr; HAL_SPI_MspInit &rArr; HAL_GPIO_Init
</UL>
<BR>[Calls]<UL><LI><a href="#[4a]">&gt;&gt;</a>&nbsp;&nbsp;&nbsp;EPD_IO_WriteReg
<LI><a href="#[48]">&gt;&gt;</a>&nbsp;&nbsp;&nbsp;EPD_IO_WriteData
</UL>
<BR>[Address Reference Count : 1]<UL><LI> gde021a1.o(.data)
</UL>
<P><STRONG><a name="[2d]"></a>gde021a1_SetDisplayWindow</STRONG> (Thumb, 72 bytes, Stack size 24 bytes, gde021a1.o(i.gde021a1_SetDisplayWindow))
<BR><BR>[Stack]<UL><LI>Max Depth = 184<LI>Call Chain = gde021a1_SetDisplayWindow &rArr; EPD_IO_WriteReg &rArr; SPIx_Write &rArr; SPIx_Error &rArr; SPIx_Init &rArr; HAL_SPI_Init &rArr; HAL_SPI_MspInit &rArr; HAL_GPIO_Init
</UL>
<BR>[Calls]<UL><LI><a href="#[4a]">&gt;&gt;</a>&nbsp;&nbsp;&nbsp;EPD_IO_WriteReg
<LI><a href="#[48]">&gt;&gt;</a>&nbsp;&nbsp;&nbsp;EPD_IO_WriteData
</UL>
<BR>[Address Reference Count : 1]<UL><LI> gde021a1.o(.data)
</UL>
<P><STRONG><a name="[2c]"></a>gde021a1_WritePixel</STRONG> (Thumb, 18 bytes, Stack size 8 bytes, gde021a1.o(i.gde021a1_WritePixel))
<BR><BR>[Stack]<UL><LI>Max Depth = 168<LI>Call Chain = gde021a1_WritePixel &rArr; EPD_IO_WriteReg &rArr; SPIx_Write &rArr; SPIx_Error &rArr; SPIx_Init &rArr; HAL_SPI_Init &rArr; HAL_SPI_MspInit &rArr; HAL_GPIO_Init
</UL>
<BR>[Calls]<UL><LI><a href="#[4a]">&gt;&gt;</a>&nbsp;&nbsp;&nbsp;EPD_IO_WriteReg
<LI><a href="#[48]">&gt;&gt;</a>&nbsp;&nbsp;&nbsp;EPD_IO_WriteData
</UL>
<BR>[Address Reference Count : 1]<UL><LI> gde021a1.o(.data)
</UL>
<P><STRONG><a name="[a4]"></a>greenOn</STRONG> (Thumb, 14 bytes, Stack size 8 bytes, gpio.o(i.greenOn))
<BR><BR>[Stack]<UL><LI>Max Depth = 8<LI>Call Chain = greenOn
</UL>
<BR>[Calls]<UL><LI><a href="#[40]">&gt;&gt;</a>&nbsp;&nbsp;&nbsp;HAL_GPIO_WritePin
</UL>
<BR>[Called By]<UL><LI><a href="#[2a]">&gt;&gt;</a>&nbsp;&nbsp;&nbsp;done_fn
</UL>

<P><STRONG><a name="[21]"></a>main</STRONG> (Thumb, 98 bytes, Stack size 0 bytes, main.o(i.main))
<BR><BR>[Stack]<UL><LI>Max Depth = 172<LI>Call Chain = main &rArr; SystemClock_Config &rArr; HAL_RCC_OscConfig &rArr; HAL_InitTick &rArr; __aeabi_uidivmod
</UL>
<BR>[Calls]<UL><LI><a href="#[a6]">&gt;&gt;</a>&nbsp;&nbsp;&nbsp;update
<LI><a href="#[91]">&gt;&gt;</a>&nbsp;&nbsp;&nbsp;MX_I2C1_Init
<LI><a href="#[97]">&gt;&gt;</a>&nbsp;&nbsp;&nbsp;MX_USART1_UART_Init
<LI><a href="#[90]">&gt;&gt;</a>&nbsp;&nbsp;&nbsp;MX_GPIO_Init
<LI><a href="#[53]">&gt;&gt;</a>&nbsp;&nbsp;&nbsp;HAL_Init
<LI><a href="#[95]">&gt;&gt;</a>&nbsp;&nbsp;&nbsp;MX_TIM21_Init
<LI><a href="#[94]">&gt;&gt;</a>&nbsp;&nbsp;&nbsp;MX_SPI1_Init
<LI><a href="#[8f]">&gt;&gt;</a>&nbsp;&nbsp;&nbsp;MX_DMA_Init
<LI><a href="#[3c]">&gt;&gt;</a>&nbsp;&nbsp;&nbsp;BSP_EPD_Init
<LI><a href="#[9b]">&gt;&gt;</a>&nbsp;&nbsp;&nbsp;SystemClock_Config
</UL>
<BR>[Address Reference Count : 1]<UL><LI> entry9a.o(.ARM.Collect$$$$0000000B)
</UL>
<P><STRONG><a name="[a5]"></a>redOff</STRONG> (Thumb, 16 bytes, Stack size 8 bytes, gpio.o(i.redOff))
<BR><BR>[Stack]<UL><LI>Max Depth = 8<LI>Call Chain = redOff
</UL>
<BR>[Calls]<UL><LI><a href="#[40]">&gt;&gt;</a>&nbsp;&nbsp;&nbsp;HAL_GPIO_WritePin
</UL>
<BR>[Called By]<UL><LI><a href="#[2a]">&gt;&gt;</a>&nbsp;&nbsp;&nbsp;done_fn
</UL>

<P><STRONG><a name="[a8]"></a>toggleGreen</STRONG> (Thumb, 12 bytes, Stack size 0 bytes, gpio.o(i.toggleGreen))
<BR><BR>[Called By]<UL><LI><a href="#[29]">&gt;&gt;</a>&nbsp;&nbsp;&nbsp;working_fn
</UL>

<P><STRONG><a name="[a7]"></a>toggleRed</STRONG> (Thumb, 14 bytes, Stack size 0 bytes, gpio.o(i.toggleRed))
<BR><BR>[Called By]<UL><LI><a href="#[29]">&gt;&gt;</a>&nbsp;&nbsp;&nbsp;working_fn
<LI><a href="#[28]">&gt;&gt;</a>&nbsp;&nbsp;&nbsp;waiting_for_usart_fn
</UL>

<P><STRONG><a name="[a3]"></a>usartInterrupt</STRONG> (Thumb, 44 bytes, Stack size 8 bytes, main.o(i.usartInterrupt))
<BR><BR>[Stack]<UL><LI>Max Depth = 64<LI>Call Chain = usartInterrupt &rArr; HAL_UART_Receive_DMA &rArr; HAL_DMA_Start_IT &rArr; DMA_SetConfig
</UL>
<BR>[Calls]<UL><LI><a href="#[8e]">&gt;&gt;</a>&nbsp;&nbsp;&nbsp;HAL_UART_Receive_DMA
</UL>
<BR>[Called By]<UL><LI><a href="#[1c]">&gt;&gt;</a>&nbsp;&nbsp;&nbsp;USART1_IRQHandler
</UL>

<P><STRONG><a name="[28]"></a>waiting_for_usart_fn</STRONG> (Thumb, 38 bytes, Stack size 8 bytes, main.o(i.waiting_for_usart_fn))
<BR><BR>[Stack]<UL><LI>Max Depth = 8<LI>Call Chain = waiting_for_usart_fn
</UL>
<BR>[Calls]<UL><LI><a href="#[a7]">&gt;&gt;</a>&nbsp;&nbsp;&nbsp;toggleRed
</UL>
<BR>[Address Reference Count : 1]<UL><LI> main.o(i.main)
</UL>
<P><STRONG><a name="[29]"></a>working_fn</STRONG> (Thumb, 70 bytes, Stack size 8 bytes, main.o(i.working_fn))
<BR><BR>[Stack]<UL><LI>Max Depth = 8<LI>Call Chain = working_fn
</UL>
<BR>[Calls]<UL><LI><a href="#[a7]">&gt;&gt;</a>&nbsp;&nbsp;&nbsp;toggleRed
<LI><a href="#[a8]">&gt;&gt;</a>&nbsp;&nbsp;&nbsp;toggleGreen
</UL>
<BR>[Address Reference Count : 1]<UL><LI> main.o(i.update)
</UL><P>
<H3>
Local Symbols
</H3>
<P><STRONG><a name="[61]"></a>RCC_SetFlashLatencyFromMSIRange</STRONG> (Thumb, 94 bytes, Stack size 16 bytes, stm32l0xx_hal_rcc.o(i.RCC_SetFlashLatencyFromMSIRange))
<BR><BR>[Stack]<UL><LI>Max Depth = 16<LI>Call Chain = RCC_SetFlashLatencyFromMSIRange
</UL>
<BR>[Called By]<UL><LI><a href="#[60]">&gt;&gt;</a>&nbsp;&nbsp;&nbsp;HAL_RCC_OscConfig
</UL>

<P><STRONG><a name="[4e]"></a>DMA_SetConfig</STRONG> (Thumb, 30 bytes, Stack size 8 bytes, stm32l0xx_hal_dma.o(i.DMA_SetConfig))
<BR><BR>[Stack]<UL><LI>Max Depth = 8<LI>Call Chain = DMA_SetConfig
</UL>
<BR>[Called By]<UL><LI><a href="#[4d]">&gt;&gt;</a>&nbsp;&nbsp;&nbsp;HAL_DMA_Start_IT
</UL>

<P><STRONG><a name="[6d]"></a>TIM_Base_SetConfig</STRONG> (Thumb, 70 bytes, Stack size 16 bytes, stm32l0xx_hal_tim.o(i.TIM_Base_SetConfig))
<BR><BR>[Stack]<UL><LI>Max Depth = 16<LI>Call Chain = TIM_Base_SetConfig
</UL>
<BR>[Called By]<UL><LI><a href="#[7c]">&gt;&gt;</a>&nbsp;&nbsp;&nbsp;HAL_TIM_PWM_Init
<LI><a href="#[79]">&gt;&gt;</a>&nbsp;&nbsp;&nbsp;HAL_TIM_OC_Init
<LI><a href="#[6b]">&gt;&gt;</a>&nbsp;&nbsp;&nbsp;HAL_TIM_Base_Init
</UL>

<P><STRONG><a name="[6f]"></a>TIM_ETR_SetConfig</STRONG> (Thumb, 22 bytes, Stack size 12 bytes, stm32l0xx_hal_tim.o(i.TIM_ETR_SetConfig))
<BR><BR>[Stack]<UL><LI>Max Depth = 12<LI>Call Chain = TIM_ETR_SetConfig
</UL>
<BR>[Called By]<UL><LI><a href="#[6e]">&gt;&gt;</a>&nbsp;&nbsp;&nbsp;HAL_TIM_ConfigClockSource
</UL>

<P><STRONG><a name="[72]"></a>TIM_ITRx_SetConfig</STRONG> (Thumb, 16 bytes, Stack size 0 bytes, stm32l0xx_hal_tim.o(i.TIM_ITRx_SetConfig))
<BR><BR>[Called By]<UL><LI><a href="#[6e]">&gt;&gt;</a>&nbsp;&nbsp;&nbsp;HAL_TIM_ConfigClockSource
</UL>

<P><STRONG><a name="[75]"></a>TIM_OC1_SetConfig</STRONG> (Thumb, 48 bytes, Stack size 12 bytes, stm32l0xx_hal_tim.o(i.TIM_OC1_SetConfig))
<BR><BR>[Stack]<UL><LI>Max Depth = 12<LI>Call Chain = TIM_OC1_SetConfig
</UL>
<BR>[Called By]<UL><LI><a href="#[7b]">&gt;&gt;</a>&nbsp;&nbsp;&nbsp;HAL_TIM_PWM_ConfigChannel
<LI><a href="#[74]">&gt;&gt;</a>&nbsp;&nbsp;&nbsp;HAL_TIM_OC_ConfigChannel
</UL>

<P><STRONG><a name="[76]"></a>TIM_OC2_SetConfig</STRONG> (Thumb, 50 bytes, Stack size 12 bytes, stm32l0xx_hal_tim.o(i.TIM_OC2_SetConfig))
<BR><BR>[Stack]<UL><LI>Max Depth = 12<LI>Call Chain = TIM_OC2_SetConfig
</UL>
<BR>[Called By]<UL><LI><a href="#[7b]">&gt;&gt;</a>&nbsp;&nbsp;&nbsp;HAL_TIM_PWM_ConfigChannel
<LI><a href="#[74]">&gt;&gt;</a>&nbsp;&nbsp;&nbsp;HAL_TIM_OC_ConfigChannel
</UL>

<P><STRONG><a name="[77]"></a>TIM_OC3_SetConfig</STRONG> (Thumb, 54 bytes, Stack size 12 bytes, stm32l0xx_hal_tim.o(i.TIM_OC3_SetConfig))
<BR><BR>[Stack]<UL><LI>Max Depth = 12<LI>Call Chain = TIM_OC3_SetConfig
</UL>
<BR>[Called By]<UL><LI><a href="#[7b]">&gt;&gt;</a>&nbsp;&nbsp;&nbsp;HAL_TIM_PWM_ConfigChannel
<LI><a href="#[74]">&gt;&gt;</a>&nbsp;&nbsp;&nbsp;HAL_TIM_OC_ConfigChannel
</UL>

<P><STRONG><a name="[78]"></a>TIM_OC4_SetConfig</STRONG> (Thumb, 54 bytes, Stack size 12 bytes, stm32l0xx_hal_tim.o(i.TIM_OC4_SetConfig))
<BR><BR>[Stack]<UL><LI>Max Depth = 12<LI>Call Chain = TIM_OC4_SetConfig
</UL>
<BR>[Called By]<UL><LI><a href="#[7b]">&gt;&gt;</a>&nbsp;&nbsp;&nbsp;HAL_TIM_PWM_ConfigChannel
<LI><a href="#[74]">&gt;&gt;</a>&nbsp;&nbsp;&nbsp;HAL_TIM_OC_ConfigChannel
</UL>

<P><STRONG><a name="[70]"></a>TIM_TI1_ConfigInputStage</STRONG> (Thumb, 34 bytes, Stack size 12 bytes, stm32l0xx_hal_tim.o(i.TIM_TI1_ConfigInputStage))
<BR><BR>[Stack]<UL><LI>Max Depth = 12<LI>Call Chain = TIM_TI1_ConfigInputStage
</UL>
<BR>[Called By]<UL><LI><a href="#[6e]">&gt;&gt;</a>&nbsp;&nbsp;&nbsp;HAL_TIM_ConfigClockSource
</UL>

<P><STRONG><a name="[71]"></a>TIM_TI2_ConfigInputStage</STRONG> (Thumb, 38 bytes, Stack size 12 bytes, stm32l0xx_hal_tim.o(i.TIM_TI2_ConfigInputStage))
<BR><BR>[Stack]<UL><LI>Max Depth = 12<LI>Call Chain = TIM_TI2_ConfigInputStage
</UL>
<BR>[Called By]<UL><LI><a href="#[6e]">&gt;&gt;</a>&nbsp;&nbsp;&nbsp;HAL_TIM_ConfigClockSource
</UL>

<P><STRONG><a name="[24]"></a>UART_DMAAbortOnError</STRONG> (Thumb, 20 bytes, Stack size 8 bytes, stm32l0xx_hal_uart.o(i.UART_DMAAbortOnError))
<BR><BR>[Stack]<UL><LI>Max Depth = 8<LI>Call Chain = UART_DMAAbortOnError
</UL>
<BR>[Calls]<UL><LI><a href="#[82]">&gt;&gt;</a>&nbsp;&nbsp;&nbsp;HAL_UART_ErrorCallback
</UL>
<BR>[Address Reference Count : 1]<UL><LI> stm32l0xx_hal_uart.o(i.HAL_UART_IRQHandler)
</UL>
<P><STRONG><a name="[27]"></a>UART_DMAError</STRONG> (Thumb, 74 bytes, Stack size 16 bytes, stm32l0xx_hal_uart.o(i.UART_DMAError))
<BR><BR>[Stack]<UL><LI>Max Depth = 16<LI>Call Chain = UART_DMAError
</UL>
<BR>[Calls]<UL><LI><a href="#[82]">&gt;&gt;</a>&nbsp;&nbsp;&nbsp;HAL_UART_ErrorCallback
<LI><a href="#[9f]">&gt;&gt;</a>&nbsp;&nbsp;&nbsp;UART_EndTxTransfer
<LI><a href="#[80]">&gt;&gt;</a>&nbsp;&nbsp;&nbsp;UART_EndRxTransfer
</UL>
<BR>[Address Reference Count : 1]<UL><LI> stm32l0xx_hal_uart.o(i.HAL_UART_Receive_DMA)
</UL>
<P><STRONG><a name="[25]"></a>UART_DMAReceiveCplt</STRONG> (Thumb, 64 bytes, Stack size 8 bytes, stm32l0xx_hal_uart.o(i.UART_DMAReceiveCplt))
<BR><BR>[Stack]<UL><LI>Max Depth = 8<LI>Call Chain = UART_DMAReceiveCplt
</UL>
<BR>[Calls]<UL><LI><a href="#[a0]">&gt;&gt;</a>&nbsp;&nbsp;&nbsp;HAL_UART_RxCpltCallback
</UL>
<BR>[Address Reference Count : 1]<UL><LI> stm32l0xx_hal_uart.o(i.HAL_UART_Receive_DMA)
</UL>
<P><STRONG><a name="[26]"></a>UART_DMARxHalfCplt</STRONG> (Thumb, 10 bytes, Stack size 8 bytes, stm32l0xx_hal_uart.o(i.UART_DMARxHalfCplt))
<BR><BR>[Stack]<UL><LI>Max Depth = 8<LI>Call Chain = UART_DMARxHalfCplt
</UL>
<BR>[Calls]<UL><LI><a href="#[a1]">&gt;&gt;</a>&nbsp;&nbsp;&nbsp;HAL_UART_RxHalfCpltCallback
</UL>
<BR>[Address Reference Count : 1]<UL><LI> stm32l0xx_hal_uart.o(i.HAL_UART_Receive_DMA)
</UL>
<P><STRONG><a name="[80]"></a>UART_EndRxTransfer</STRONG> (Thumb, 30 bytes, Stack size 0 bytes, stm32l0xx_hal_uart.o(i.UART_EndRxTransfer))
<BR><BR>[Called By]<UL><LI><a href="#[7e]">&gt;&gt;</a>&nbsp;&nbsp;&nbsp;HAL_UART_IRQHandler
<LI><a href="#[27]">&gt;&gt;</a>&nbsp;&nbsp;&nbsp;UART_DMAError
</UL>

<P><STRONG><a name="[9f]"></a>UART_EndTxTransfer</STRONG> (Thumb, 18 bytes, Stack size 0 bytes, stm32l0xx_hal_uart.o(i.UART_EndTxTransfer))
<BR><BR>[Called By]<UL><LI><a href="#[27]">&gt;&gt;</a>&nbsp;&nbsp;&nbsp;UART_DMAError
</UL>

<P><STRONG><a name="[7f]"></a>UART_Receive_IT</STRONG> (Thumb, 126 bytes, Stack size 16 bytes, stm32l0xx_hal_uart.o(i.UART_Receive_IT))
<BR><BR>[Stack]<UL><LI>Max Depth = 16<LI>Call Chain = UART_Receive_IT
</UL>
<BR>[Calls]<UL><LI><a href="#[a0]">&gt;&gt;</a>&nbsp;&nbsp;&nbsp;HAL_UART_RxCpltCallback
</UL>
<BR>[Called By]<UL><LI><a href="#[7e]">&gt;&gt;</a>&nbsp;&nbsp;&nbsp;HAL_UART_IRQHandler
</UL>

<P><STRONG><a name="[84]"></a>UART_Transmit_IT</STRONG> (Thumb, 102 bytes, Stack size 0 bytes, stm32l0xx_hal_uart.o(i.UART_Transmit_IT))
<BR><BR>[Called By]<UL><LI><a href="#[7e]">&gt;&gt;</a>&nbsp;&nbsp;&nbsp;HAL_UART_IRQHandler
</UL>

<P><STRONG><a name="[59]"></a>NVIC_SetPriority</STRONG> (Thumb, 60 bytes, Stack size 0 bytes, stm32l0xx_hal_cortex.o(i.NVIC_SetPriority))
<BR><BR>[Called By]<UL><LI><a href="#[57]">&gt;&gt;</a>&nbsp;&nbsp;&nbsp;HAL_SYSTICK_Config
<LI><a href="#[58]">&gt;&gt;</a>&nbsp;&nbsp;&nbsp;HAL_NVIC_SetPriority
</UL>

<P><STRONG><a name="[68]"></a>SPI_WaitOnFlagUntilTimeout</STRONG> (Thumb, 178 bytes, Stack size 24 bytes, stm32l0xx_hal_spi.o(i.SPI_WaitOnFlagUntilTimeout))
<BR><BR>[Stack]<UL><LI>Max Depth = 24<LI>Call Chain = SPI_WaitOnFlagUntilTimeout
</UL>
<BR>[Calls]<UL><LI><a href="#[4f]">&gt;&gt;</a>&nbsp;&nbsp;&nbsp;HAL_GetTick
</UL>
<BR>[Called By]<UL><LI><a href="#[67]">&gt;&gt;</a>&nbsp;&nbsp;&nbsp;HAL_SPI_Transmit
</UL>

<P><STRONG><a name="[a6]"></a>update</STRONG> (Thumb, 104 bytes, Stack size 0 bytes, main.o(i.update))
<BR><BR>[Called By]<UL><LI><a href="#[4b]">&gt;&gt;</a>&nbsp;&nbsp;&nbsp;externalInterrupt
<LI><a href="#[21]">&gt;&gt;</a>&nbsp;&nbsp;&nbsp;main
</UL>

<P><STRONG><a name="[98]"></a>SPIx_Error</STRONG> (Thumb, 14 bytes, Stack size 8 bytes, stm32l0538_discovery.o(i.SPIx_Error))
<BR><BR>[Stack]<UL><LI>Max Depth = 136<LI>Call Chain = SPIx_Error &rArr; SPIx_Init &rArr; HAL_SPI_Init &rArr; HAL_SPI_MspInit &rArr; HAL_GPIO_Init
</UL>
<BR>[Calls]<UL><LI><a href="#[62]">&gt;&gt;</a>&nbsp;&nbsp;&nbsp;HAL_SPI_DeInit
<LI><a href="#[47]">&gt;&gt;</a>&nbsp;&nbsp;&nbsp;SPIx_Init
</UL>
<BR>[Called By]<UL><LI><a href="#[49]">&gt;&gt;</a>&nbsp;&nbsp;&nbsp;SPIx_Write
</UL>

<P><STRONG><a name="[47]"></a>SPIx_Init</STRONG> (Thumb, 130 bytes, Stack size 48 bytes, stm32l0538_discovery.o(i.SPIx_Init))
<BR><BR>[Stack]<UL><LI>Max Depth = 128<LI>Call Chain = SPIx_Init &rArr; HAL_SPI_Init &rArr; HAL_SPI_MspInit &rArr; HAL_GPIO_Init
</UL>
<BR>[Calls]<UL><LI><a href="#[46]">&gt;&gt;</a>&nbsp;&nbsp;&nbsp;HAL_GPIO_Init
<LI><a href="#[64]">&gt;&gt;</a>&nbsp;&nbsp;&nbsp;HAL_SPI_Init
<LI><a href="#[99]">&gt;&gt;</a>&nbsp;&nbsp;&nbsp;HAL_SPI_GetState
</UL>
<BR>[Called By]<UL><LI><a href="#[45]">&gt;&gt;</a>&nbsp;&nbsp;&nbsp;EPD_IO_Init
<LI><a href="#[98]">&gt;&gt;</a>&nbsp;&nbsp;&nbsp;SPIx_Error
</UL>

<P><STRONG><a name="[49]"></a>SPIx_Write</STRONG> (Thumb, 26 bytes, Stack size 8 bytes, stm32l0538_discovery.o(i.SPIx_Write))
<BR><BR>[Stack]<UL><LI>Max Depth = 144<LI>Call Chain = SPIx_Write &rArr; SPIx_Error &rArr; SPIx_Init &rArr; HAL_SPI_Init &rArr; HAL_SPI_MspInit &rArr; HAL_GPIO_Init
</UL>
<BR>[Calls]<UL><LI><a href="#[67]">&gt;&gt;</a>&nbsp;&nbsp;&nbsp;HAL_SPI_Transmit
<LI><a href="#[98]">&gt;&gt;</a>&nbsp;&nbsp;&nbsp;SPIx_Error
</UL>
<BR>[Called By]<UL><LI><a href="#[4a]">&gt;&gt;</a>&nbsp;&nbsp;&nbsp;EPD_IO_WriteReg
<LI><a href="#[48]">&gt;&gt;</a>&nbsp;&nbsp;&nbsp;EPD_IO_WriteData
</UL>
<P>
<H3>
Undefined Global Symbols
</H3><HR></body></html>
