Component: ARM Compiler 5.06 update 5 (build 528) Tool: armlink [4d35e2]

==============================================================================

Section Cross References

    startup_stm32l053xx.o(RESET) refers to startup_stm32l053xx.o(STACK) for __initial_sp
    startup_stm32l053xx.o(RESET) refers to startup_stm32l053xx.o(.text) for Reset_Handler
    startup_stm32l053xx.o(RESET) refers to stm32l0xx_it.o(i.NMI_Handler) for NMI_Handler
    startup_stm32l053xx.o(RESET) refers to stm32l0xx_it.o(i.HardFault_Handler) for HardFault_Handler
    startup_stm32l053xx.o(RESET) refers to stm32l0xx_it.o(i.SVC_Handler) for SVC_Handler
    startup_stm32l053xx.o(RESET) refers to stm32l0xx_it.o(i.PendSV_Handler) for PendSV_Handler
    startup_stm32l053xx.o(RESET) refers to stm32l0xx_it.o(i.SysTick_Handler) for SysTick_Handler
    startup_stm32l053xx.o(RESET) refers to stm32l0xx_it.o(i.EXTI0_1_IRQHandler) for EXTI0_1_IRQHandler
    startup_stm32l053xx.o(RESET) refers to stm32l0xx_it.o(i.DMA1_Channel2_3_IRQHandler) for DMA1_Channel2_3_IRQHandler
    startup_stm32l053xx.o(RESET) refers to stm32l0xx_it.o(i.USART1_IRQHandler) for USART1_IRQHandler
    startup_stm32l053xx.o(.text) refers to system_stm32l0xx.o(i.SystemInit) for SystemInit
    startup_stm32l053xx.o(.text) refers to entry.o(.ARM.Collect$$$$00000000) for __main
    system_stm32l0xx.o(i.SystemCoreClockUpdate) refers to uidiv.o(.text) for __aeabi_uidivmod
    system_stm32l0xx.o(i.SystemCoreClockUpdate) refers to system_stm32l0xx.o(.data) for .data
    system_stm32l0xx.o(i.SystemCoreClockUpdate) refers to system_stm32l0xx.o(.constdata) for .constdata
    stm32l0xx_hal_rcc.o(i.HAL_RCC_ClockConfig) refers to stm32l0xx_hal.o(i.HAL_GetTick) for HAL_GetTick
    stm32l0xx_hal_rcc.o(i.HAL_RCC_ClockConfig) refers to stm32l0xx_hal_rcc.o(i.HAL_RCC_GetSysClockFreq) for HAL_RCC_GetSysClockFreq
    stm32l0xx_hal_rcc.o(i.HAL_RCC_ClockConfig) refers to stm32l0xx_hal.o(i.HAL_InitTick) for HAL_InitTick
    stm32l0xx_hal_rcc.o(i.HAL_RCC_ClockConfig) refers to system_stm32l0xx.o(.constdata) for AHBPrescTable
    stm32l0xx_hal_rcc.o(i.HAL_RCC_ClockConfig) refers to system_stm32l0xx.o(.data) for SystemCoreClock
    stm32l0xx_hal_rcc.o(i.HAL_RCC_DeInit) refers to system_stm32l0xx.o(.data) for SystemCoreClock
    stm32l0xx_hal_rcc.o(i.HAL_RCC_GetHCLKFreq) refers to system_stm32l0xx.o(.data) for SystemCoreClock
    stm32l0xx_hal_rcc.o(i.HAL_RCC_GetPCLK1Freq) refers to system_stm32l0xx.o(.data) for SystemCoreClock
    stm32l0xx_hal_rcc.o(i.HAL_RCC_GetPCLK1Freq) refers to system_stm32l0xx.o(.constdata) for APBPrescTable
    stm32l0xx_hal_rcc.o(i.HAL_RCC_GetPCLK2Freq) refers to system_stm32l0xx.o(.data) for SystemCoreClock
    stm32l0xx_hal_rcc.o(i.HAL_RCC_GetPCLK2Freq) refers to system_stm32l0xx.o(.constdata) for APBPrescTable
    stm32l0xx_hal_rcc.o(i.HAL_RCC_GetSysClockFreq) refers to uidiv.o(.text) for __aeabi_uidivmod
    stm32l0xx_hal_rcc.o(i.HAL_RCC_GetSysClockFreq) refers to system_stm32l0xx.o(.constdata) for PLLMulTable
    stm32l0xx_hal_rcc.o(i.HAL_RCC_MCOConfig) refers to memseta.o(.text) for __aeabi_memclr4
    stm32l0xx_hal_rcc.o(i.HAL_RCC_MCOConfig) refers to stm32l0xx_hal_gpio.o(i.HAL_GPIO_Init) for HAL_GPIO_Init
    stm32l0xx_hal_rcc.o(i.HAL_RCC_NMI_IRQHandler) refers to stm32l0xx_hal_rcc.o(i.HAL_RCC_CSSCallback) for HAL_RCC_CSSCallback
    stm32l0xx_hal_rcc.o(i.HAL_RCC_OscConfig) refers to stm32l0xx_hal.o(i.HAL_GetTick) for HAL_GetTick
    stm32l0xx_hal_rcc.o(i.HAL_RCC_OscConfig) refers to stm32l0xx_hal_rcc.o(i.RCC_SetFlashLatencyFromMSIRange) for RCC_SetFlashLatencyFromMSIRange
    stm32l0xx_hal_rcc.o(i.HAL_RCC_OscConfig) refers to stm32l0xx_hal.o(i.HAL_InitTick) for HAL_InitTick
    stm32l0xx_hal_rcc.o(i.HAL_RCC_OscConfig) refers to system_stm32l0xx.o(.constdata) for AHBPrescTable
    stm32l0xx_hal_rcc.o(i.HAL_RCC_OscConfig) refers to system_stm32l0xx.o(.data) for SystemCoreClock
    stm32l0xx_hal_dma.o(i.HAL_DMA_Abort) refers to stm32l0xx_hal.o(i.HAL_GetTick) for HAL_GetTick
    stm32l0xx_hal_dma.o(i.HAL_DMA_PollForTransfer) refers to stm32l0xx_hal.o(i.HAL_GetTick) for HAL_GetTick
    stm32l0xx_hal_dma.o(i.HAL_DMA_Start) refers to stm32l0xx_hal_dma.o(i.DMA_SetConfig) for DMA_SetConfig
    stm32l0xx_hal_dma.o(i.HAL_DMA_Start_IT) refers to stm32l0xx_hal_dma.o(i.DMA_SetConfig) for DMA_SetConfig
    stm32l0xx_hal_flash_ex.o(i.FLASH_OB_ProtectedSectorsConfig) refers to stm32l0xx_hal_flash.o(i.FLASH_WaitForLastOperation) for FLASH_WaitForLastOperation
    stm32l0xx_hal_flash_ex.o(i.FLASH_OB_ProtectedSectorsConfig) refers to stm32l0xx_hal_flash.o(.bss) for pFlash
    stm32l0xx_hal_flash_ex.o(i.FLASH_PageErase) refers to stm32l0xx_hal_flash.o(.bss) for pFlash
    stm32l0xx_hal_flash_ex.o(i.HAL_FLASHEx_AdvOBProgram) refers to stm32l0xx_hal_flash_ex.o(i.FLASH_OB_ProtectedSectorsConfig) for FLASH_OB_ProtectedSectorsConfig
[...]
    Removing stm32l0xx_hal_i2c.o(i.I2C_Disable_IRQ), (86 bytes).
    Removing stm32l0xx_hal_i2c.o(i.I2C_Enable_IRQ), (100 bytes).
    Removing stm32l0xx_hal_i2c.o(i.I2C_Flush_TXDR), (34 bytes).
    Removing stm32l0xx_hal_i2c.o(i.I2C_ITAddrCplt), (122 bytes).
    Removing stm32l0xx_hal_i2c.o(i.I2C_ITError), (204 bytes).
    Removing stm32l0xx_hal_i2c.o(i.I2C_ITListenCplt), (96 bytes).
    Removing stm32l0xx_hal_i2c.o(i.I2C_ITMasterCplt), (160 bytes).
    Removing stm32l0xx_hal_i2c.o(i.I2C_ITMasterSequentialCplt), (70 bytes).
    Removing stm32l0xx_hal_i2c.o(i.I2C_ITSlaveCplt), (232 bytes).
    Removing stm32l0xx_hal_i2c.o(i.I2C_ITSlaveSequentialCplt), (74 bytes).
    Removing stm32l0xx_hal_i2c.o(i.I2C_IsAcknowledgeFailed), (116 bytes).
    Removing stm32l0xx_hal_i2c.o(i.I2C_Master_ISR_DMA), (194 bytes).
    Removing stm32l0xx_hal_i2c.o(i.I2C_Master_ISR_IT), (296 bytes).
    Removing stm32l0xx_hal_i2c.o(i.I2C_RequestMemoryRead), (106 bytes).
    Removing stm32l0xx_hal_i2c.o(i.I2C_RequestMemoryWrite), (106 bytes).
    Removing stm32l0xx_hal_i2c.o(i.I2C_Slave_ISR_DMA), (104 bytes).
    Removing stm32l0xx_hal_i2c.o(i.I2C_Slave_ISR_IT), (280 bytes).
    Removing stm32l0xx_hal_i2c.o(i.I2C_TransferConfig), (36 bytes).
    Removing stm32l0xx_hal_i2c.o(i.I2C_WaitOnFlagUntilTimeout), (72 bytes).
    Removing stm32l0xx_hal_i2c.o(i.I2C_WaitOnRXNEFlagUntilTimeout), (120 bytes).
    Removing stm32l0xx_hal_i2c.o(i.I2C_WaitOnSTOPFlagUntilTimeout), (78 bytes).
    Removing stm32l0xx_hal_i2c.o(i.I2C_WaitOnTXISFlagUntilTimeout), (82 bytes).
    Removing stm32l0xx_hal_flash.o(.rev16_text), (4 bytes).
    Removing stm32l0xx_hal_flash.o(.revsh_text), (4 bytes).
    Removing stm32l0xx_hal_flash.o(i.FLASH_SetErrorCode), (144 bytes).
    Removing stm32l0xx_hal_flash.o(i.FLASH_WaitForLastOperation), (112 bytes).
    Removing stm32l0xx_hal_flash.o(i.HAL_FLASH_EndOfOperationCallback), (2 bytes).
    Removing stm32l0xx_hal_flash.o(i.HAL_FLASH_GetError), (12 bytes).
    Removing stm32l0xx_hal_flash.o(i.HAL_FLASH_IRQHandler), (220 bytes).
    Removing stm32l0xx_hal_flash.o(i.HAL_FLASH_Lock), (20 bytes).
    Removing stm32l0xx_hal_flash.o(i.HAL_FLASH_OB_Launch), (32 bytes).
    Removing stm32l0xx_hal_flash.o(i.HAL_FLASH_OB_Lock), (20 bytes).
    Removing stm32l0xx_hal_flash.o(i.HAL_FLASH_OB_Unlock), (60 bytes).
    Removing stm32l0xx_hal_flash.o(i.HAL_FLASH_OperationErrorCallback), (2 bytes).
    Removing stm32l0xx_hal_flash.o(i.HAL_FLASH_Program), (60 bytes).
    Removing stm32l0xx_hal_flash.o(i.HAL_FLASH_Program_IT), (60 bytes).
    Removing stm32l0xx_hal_flash.o(i.HAL_FLASH_Unlock), (60 bytes).
    Removing stm32l0xx_hal_flash.o(.bss), (24 bytes).
    Removing stm32l0xx_hal_cortex.o(.rev16_text), (4 bytes).
    Removing stm32l0xx_hal_cortex.o(.revsh_text), (4 bytes).
    Removing stm32l0xx_hal_cortex.o(i.HAL_MPU_ConfigRegion), (80 bytes).
    Removing stm32l0xx_hal_cortex.o(i.HAL_NVIC_ClearPendingIRQ), (20 bytes).
    Removing stm32l0xx_hal_cortex.o(i.HAL_NVIC_DisableIRQ), (20 bytes).
    Removing stm32l0xx_hal_cortex.o(i.HAL_NVIC_GetPendingIRQ), (28 bytes).
    Removing stm32l0xx_hal_cortex.o(i.HAL_NVIC_GetPriority), (52 bytes).
    Removing stm32l0xx_hal_cortex.o(i.HAL_NVIC_SetPendingIRQ), (20 bytes).
    Removing stm32l0xx_hal_cortex.o(i.HAL_NVIC_SystemReset), (28 bytes).
    Removing stm32l0xx_hal_flash_ramfunc.o(.rev16_text), (4 bytes).
    Removing stm32l0xx_hal_flash_ramfunc.o(.revsh_text), (4 bytes).
    Removing stm32l0xx_hal_flash_ramfunc.o(i.FLASHRAM_SetErrorCode), (144 bytes).
    Removing stm32l0xx_hal_flash_ramfunc.o(i.FLASHRAM_WaitForLastOperation), (96 bytes).
    Removing stm32l0xx_hal_flash_ramfunc.o(i.HAL_FLASHEx_DisableRunPowerDown), (36 bytes).
    Removing stm32l0xx_hal_flash_ramfunc.o(i.HAL_FLASHEx_EnableRunPowerDown), (36 bytes).
    Removing stm32l0xx_hal_flash_ramfunc.o(i.HAL_FLASHEx_GetError), (16 bytes).
    Removing stm32l0xx_hal_flash_ramfunc.o(i.HAL_FLASHEx_HalfPageProgram), (84 bytes).
    Removing stm32l0xx_hal_i2c_ex.o(.rev16_text), (4 bytes).
    Removing stm32l0xx_hal_i2c_ex.o(.revsh_text), (4 bytes).
    Removing stm32l0xx_hal_i2c_ex.o(i.HAL_I2CEx_DisableFastModePlus), (28 bytes).
    Removing stm32l0xx_hal_i2c_ex.o(i.HAL_I2CEx_DisableWakeUp), (66 bytes).
    Removing stm32l0xx_hal_i2c_ex.o(i.HAL_I2CEx_EnableFastModePlus), (28 bytes).
    Removing stm32l0xx_hal_i2c_ex.o(i.HAL_I2CEx_EnableWakeUp), (66 bytes).
    Removing stm32l0xx_hal_tim_ex.o(.rev16_text), (4 bytes).
    Removing stm32l0xx_hal_tim_ex.o(.revsh_text), (4 bytes).
    Removing stm32l0xx_hal_tim_ex.o(i.HAL_TIMEx_RemapConfig), (30 bytes).
    Removing stm32l0xx_hal_pwr.o(.rev16_text), (4 bytes).
    Removing stm32l0xx_hal_pwr.o(.revsh_text), (4 bytes).
    Removing stm32l0xx_hal_pwr.o(i.HAL_PWR_ConfigPVD), (104 bytes).
    Removing stm32l0xx_hal_pwr.o(i.HAL_PWR_DeInit), (24 bytes).
    Removing stm32l0xx_hal_pwr.o(i.HAL_PWR_DisableBkUpAccess), (16 bytes).
    Removing stm32l0xx_hal_pwr.o(i.HAL_PWR_DisablePVD), (16 bytes).
    Removing stm32l0xx_hal_pwr.o(i.HAL_PWR_DisableSEVOnPend), (16 bytes).
    Removing stm32l0xx_hal_pwr.o(i.HAL_PWR_DisableSleepOnExit), (16 bytes).
    Removing stm32l0xx_hal_pwr.o(i.HAL_PWR_DisableWakeUpPin), (16 bytes).
    Removing stm32l0xx_hal_pwr.o(i.HAL_PWR_EnableBkUpAccess), (16 bytes).
    Removing stm32l0xx_hal_pwr.o(i.HAL_PWR_EnablePVD), (16 bytes).
    Removing stm32l0xx_hal_pwr.o(i.HAL_PWR_EnableSEVOnPend), (16 bytes).
    Removing stm32l0xx_hal_pwr.o(i.HAL_PWR_EnableSleepOnExit), (16 bytes).
    Removing stm32l0xx_hal_pwr.o(i.HAL_PWR_EnableWakeUpPin), (16 bytes).
    Removing stm32l0xx_hal_pwr.o(i.HAL_PWR_EnterSLEEPMode), (48 bytes).
    Removing stm32l0xx_hal_pwr.o(i.HAL_PWR_EnterSTANDBYMode), (32 bytes).
    Removing stm32l0xx_hal_pwr.o(i.HAL_PWR_EnterSTOPMode), (52 bytes).
    Removing stm32l0xx_hal_pwr.o(i.HAL_PWR_PVDCallback), (2 bytes).
    Removing stm32l0xx_hal_pwr.o(i.HAL_PWR_PVD_IRQHandler), (28 bytes).
    Removing stm32l0xx_hal.o(.rev16_text), (4 bytes).
    Removing stm32l0xx_hal.o(.revsh_text), (4 bytes).
    Removing stm32l0xx_hal.o(i.HAL_DBGMCU_DBG_DisableLowPowerConfig), (16 bytes).
    Removing stm32l0xx_hal.o(i.HAL_DBGMCU_DBG_EnableLowPowerConfig), (16 bytes).
    Removing stm32l0xx_hal.o(i.HAL_DBGMCU_DisableDBGSleepMode), (16 bytes).
    Removing stm32l0xx_hal.o(i.HAL_DBGMCU_DisableDBGStandbyMode), (16 bytes).
    Removing stm32l0xx_hal.o(i.HAL_DBGMCU_DisableDBGStopMode), (16 bytes).
    Removing stm32l0xx_hal.o(i.HAL_DBGMCU_EnableDBGSleepMode), (16 bytes).
    Removing stm32l0xx_hal.o(i.HAL_DBGMCU_EnableDBGStandbyMode), (16 bytes).
    Removing stm32l0xx_hal.o(i.HAL_DBGMCU_EnableDBGStopMode), (16 bytes).
    Removing stm32l0xx_hal.o(i.HAL_DeInit), (40 bytes).
    Removing stm32l0xx_hal.o(i.HAL_GetDEVID), (16 bytes).
    Removing stm32l0xx_hal.o(i.HAL_GetHalVersion), (8 bytes).
    Removing stm32l0xx_hal.o(i.HAL_GetREVID), (12 bytes).
    Removing stm32l0xx_hal.o(i.HAL_MspDeInit), (2 bytes).
    Removing stm32l0xx_hal.o(i.HAL_MspInit), (2 bytes).
    Removing stm32l0xx_hal.o(i.HAL_ResumeTick), (16 bytes).
    Removing stm32l0xx_hal.o(i.HAL_SYSCFG_Disable_Lock_VREFINT), (16 bytes).
    Removing stm32l0xx_hal.o(i.HAL_SYSCFG_Enable_Lock_VREFINT), (16 bytes).
    Removing stm32l0xx_hal.o(i.HAL_SYSCFG_GetBootMode), (16 bytes).
    Removing stm32l0xx_hal.o(i.HAL_SYSCFG_VREFINT_OutputSelect), (24 bytes).
    Removing stm32l0xx_hal.o(i.HAL_SuspendTick), (16 bytes).
    Removing stm32l0xx_hal_rcc_ex.o(.rev16_text), (4 bytes).
    Removing stm32l0xx_hal_rcc_ex.o(.revsh_text), (4 bytes).
    Removing stm32l0xx_hal_rcc_ex.o(i.HAL_RCCEx_CRSConfig), (72 bytes).
    Removing stm32l0xx_hal_rcc_ex.o(i.HAL_RCCEx_CRSGetSynchronizationInfo), (40 bytes).
    Removing stm32l0xx_hal_rcc_ex.o(i.HAL_RCCEx_CRSSoftwareSynchronizationGenerate), (16 bytes).
    Removing stm32l0xx_hal_rcc_ex.o(i.HAL_RCCEx_CRSWaitSynchronization), (120 bytes).
    Removing stm32l0xx_hal_rcc_ex.o(i.HAL_RCCEx_CRS_ErrorCallback), (2 bytes).
    Removing stm32l0xx_hal_rcc_ex.o(i.HAL_RCCEx_CRS_ExpectedSyncCallback), (2 bytes).
    Removing stm32l0xx_hal_rcc_ex.o(i.HAL_RCCEx_CRS_IRQHandler), (112 bytes).
    Removing stm32l0xx_hal_rcc_ex.o(i.HAL_RCCEx_CRS_SyncOkCallback), (2 bytes).
    Removing stm32l0xx_hal_rcc_ex.o(i.HAL_RCCEx_CRS_SyncWarnCallback), (2 bytes).
    Removing stm32l0xx_hal_rcc_ex.o(i.HAL_RCCEx_DisableHSI48_VREFINT), (16 bytes).
    Removing stm32l0xx_hal_rcc_ex.o(i.HAL_RCCEx_DisableLSECSS), (32 bytes).
    Removing stm32l0xx_hal_rcc_ex.o(i.HAL_RCCEx_EnableHSI48_VREFINT), (16 bytes).
    Removing stm32l0xx_hal_rcc_ex.o(i.HAL_RCCEx_EnableLSECSS), (20 bytes).
    Removing stm32l0xx_hal_rcc_ex.o(i.HAL_RCCEx_EnableLSECSS_IT), (52 bytes).
    Removing stm32l0xx_hal_rcc_ex.o(i.HAL_RCCEx_GetPeriphCLKConfig), (112 bytes).
    Removing stm32l0xx_hal_rcc_ex.o(i.HAL_RCCEx_LSECSS_Callback), (2 bytes).
    Removing stm32l0xx_hal_rcc_ex.o(i.HAL_RCCEx_LSECSS_IRQHandler), (24 bytes).
    Removing stm32l0xx_hal_spi.o(.rev16_text), (4 bytes).
    Removing stm32l0xx_hal_spi.o(.revsh_text), (4 bytes).
    Removing stm32l0xx_hal_spi.o(i.HAL_SPI_DMAPause), (46 bytes).
    Removing stm32l0xx_hal_spi.o(i.HAL_SPI_DMAResume), (44 bytes).
    Removing stm32l0xx_hal_spi.o(i.HAL_SPI_DMAStop), (54 bytes).
    Removing stm32l0xx_hal_spi.o(i.HAL_SPI_ErrorCallback), (2 bytes).
    Removing stm32l0xx_hal_spi.o(i.HAL_SPI_GetError), (4 bytes).
    Removing stm32l0xx_hal_spi.o(i.HAL_SPI_IRQHandler), (194 bytes).
    Removing stm32l0xx_hal_spi.o(i.HAL_SPI_MspDeInit), (2 bytes).
    Removing stm32l0xx_hal_spi.o(i.HAL_SPI_MspInit), (2 bytes).
    Removing stm32l0xx_hal_spi.o(i.HAL_SPI_Receive), (468 bytes).
    Removing stm32l0xx_hal_spi.o(i.HAL_SPI_Receive_DMA), (228 bytes).
    Removing stm32l0xx_hal_spi.o(i.HAL_SPI_Receive_IT), (172 bytes).
    Removing stm32l0xx_hal_spi.o(i.HAL_SPI_RxCpltCallback), (2 bytes).
    Removing stm32l0xx_hal_spi.o(i.HAL_SPI_RxHalfCpltCallback), (2 bytes).
    Removing stm32l0xx_hal_spi.o(i.HAL_SPI_TransmitReceive), (696 bytes).
    Removing stm32l0xx_hal_spi.o(i.HAL_SPI_TransmitReceive_DMA), (256 bytes).
    Removing stm32l0xx_hal_spi.o(i.HAL_SPI_TransmitReceive_IT), (164 bytes).
    Removing stm32l0xx_hal_spi.o(i.HAL_SPI_Transmit_DMA), (208 bytes).
    Removing stm32l0xx_hal_spi.o(i.HAL_SPI_Transmit_IT), (160 bytes).
    Removing stm32l0xx_hal_spi.o(i.HAL_SPI_TxCpltCallback), (2 bytes).
    Removing stm32l0xx_hal_spi.o(i.HAL_SPI_TxHalfCpltCallback), (2 bytes).
    Removing stm32l0xx_hal_spi.o(i.HAL_SPI_TxRxCpltCallback), (2 bytes).
    Removing stm32l0xx_hal_spi.o(i.HAL_SPI_TxRxHalfCpltCallback), (2 bytes).
    Removing stm32l0xx_hal_spi.o(i.SPI_2LinesRxISR), (48 bytes).
    Removing stm32l0xx_hal_spi.o(i.SPI_DMAError), (30 bytes).
    Removing stm32l0xx_hal_spi.o(i.SPI_DMAHalfReceiveCplt), (10 bytes).
    Removing stm32l0xx_hal_spi.o(i.SPI_DMAHalfTransmitCplt), (10 bytes).
    Removing stm32l0xx_hal_spi.o(i.SPI_DMAHalfTransmitReceiveCplt), (10 bytes).
    Removing stm32l0xx_hal_spi.o(i.SPI_DMAReceiveCplt), (188 bytes).
    Removing stm32l0xx_hal_spi.o(i.SPI_DMATransmitCplt), (112 bytes).
    Removing stm32l0xx_hal_spi.o(i.SPI_DMATransmitReceiveCplt), (194 bytes).
    Removing stm32l0xx_hal_spi.o(i.SPI_RxCloseIRQHandler), (208 bytes).
    Removing stm32l0xx_hal_spi.o(i.SPI_RxISR), (78 bytes).
    Removing stm32l0xx_hal_spi.o(i.SPI_TxCloseIRQHandler), (132 bytes).
    Removing stm32l0xx_hal_spi.o(i.SPI_TxISR), (72 bytes).
    Removing gpio.o(.rev16_text), (4 bytes).
    Removing gpio.o(.revsh_text), (4 bytes).
    Removing gpio.o(i.greenOff), (20 bytes).
    Removing gpio.o(i.readUserButton), (16 bytes).
    Removing gpio.o(i.redOn), (16 bytes).
    Removing usart.o(.rev16_text), (4 bytes).
    Removing usart.o(.revsh_text), (4 bytes).
    Removing usart.o(i.HAL_UART_MspDeInit), (60 bytes).
    Removing stm32l0xx_it.o(.rev16_text), (4 bytes).
    Removing stm32l0xx_it.o(.revsh_text), (4 bytes).
    Removing i2c.o(.rev16_text), (4 bytes).
    Removing i2c.o(.revsh_text), (4 bytes).
    Removing i2c.o(i.HAL_I2C_MspDeInit), (44 bytes).
    Removing main.o(.rev16_text), (4 bytes).
    Removing main.o(.revsh_text), (4 bytes).
    Removing tim.o(.rev16_text), (4 bytes).
    Removing tim.o(.revsh_text), (4 bytes).
    Removing tim.o(i.HAL_TIM_Base_MspDeInit), (28 bytes).
    Removing stm32l0xx_hal_msp.o(.rev16_text), (4 bytes).
    Removing stm32l0xx_hal_msp.o(.revsh_text), (4 bytes).
    Removing spi.o(.rev16_text), (4 bytes).
    Removing spi.o(.revsh_text), (4 bytes).
    Removing dma.o(.rev16_text), (4 bytes).
    Removing dma.o(.revsh_text), (4 bytes).
    Removing stm32l0538_discovery.o(.rev16_text), (4 bytes).
    Removing stm32l0538_discovery.o(.revsh_text), (4 bytes).
    Removing stm32l0538_discovery.o(i.BSP_GetVersion), (6 bytes).
    Removing stm32l0538_discovery.o(i.BSP_LED_Init), (56 bytes).
    Removing stm32l0538_discovery.o(i.BSP_LED_Off), (32 bytes).
    Removing stm32l0538_discovery.o(i.BSP_LED_On), (32 bytes).
    Removing stm32l0538_discovery.o(i.BSP_LED_Toggle), (28 bytes).
    Removing stm32l0538_discovery.o(i.BSP_PB_GetState), (28 bytes).
    Removing stm32l0538_discovery.o(i.BSP_PB_Init), (100 bytes).
    Removing stm32l0538_discovery.o(i.EPD_IO_ReadData), (72 bytes).
    Removing stm32l0538_discovery.o(.constdata), (8 bytes).
    Removing stm32l0538_discovery.o(.data), (12 bytes).
    Removing stm32l0538_discovery_epd.o(.rev16_text), (4 bytes).
    Removing stm32l0538_discovery_epd.o(.revsh_text), (4 bytes).
    Removing stm32l0538_discovery_epd.o(i.BSP_EPD_CloseChargePump), (24 bytes).
    Removing stm32l0538_discovery_epd.o(i.BSP_EPD_DisplayChar), (76 bytes).
    Removing stm32l0538_discovery_epd.o(i.BSP_EPD_DisplayStringAt), (156 bytes).
    Removing stm32l0538_discovery_epd.o(i.BSP_EPD_DisplayStringAtLine), (28 bytes).
    Removing stm32l0538_discovery_epd.o(i.BSP_EPD_DrawHLine), (44 bytes).
    Removing stm32l0538_discovery_epd.o(i.BSP_EPD_DrawRect), (52 bytes).
    Removing stm32l0538_discovery_epd.o(i.BSP_EPD_DrawVLine), (44 bytes).
    Removing stm32l0538_discovery_epd.o(i.BSP_EPD_FillRect), (48 bytes).
    Removing stm32l0538_discovery_epd.o(i.BSP_EPD_GetFont), (12 bytes).
    Removing stm32l0538_discovery_epd.o(i.BSP_EPD_SetFont), (12 bytes).
    Removing stm32l0538_discovery_epd.o(.constdata), (6650 bytes).
    Removing stm32l0538_discovery_epd.o(.constdata), (950 bytes).
    Removing stm32l0538_discovery_epd.o(.data), (8 bytes).
    Removing stm32l0538_discovery_epd.o(.data), (8 bytes).
    Removing gde021a1.o(i.gde021a1_ReadReg), (14 bytes).
    Removing gde021a1.o(i.gde021a1_WriteReg), (16 bytes).

458 unused section(s) (total 36562 bytes) removed from the image.

==============================================================================

Image Symbol Table

    Local Symbols

    Symbol Name                              Value     Ov Type        Size  Object(Section)

    ../Drivers/STM32L0xx_HAL_Driver/Src/stm32l0xx_hal.c 0x00000000   Number         0  stm32l0xx_hal.o ABSOLUTE
    ../Drivers/STM32L0xx_HAL_Driver/Src/stm32l0xx_hal_cortex.c 0x00000000   Number         0  stm32l0xx_hal_cortex.o ABSOLUTE
    ../Drivers/STM32L0xx_HAL_Driver/Src/stm32l0xx_hal_dma.c 0x00000000   Number         0  stm32l0xx_hal_dma.o ABSOLUTE
    ../Drivers/STM32L0xx_HAL_Driver/Src/stm32l0xx_hal_flash.c 0x00000000   Number         0  stm32l0xx_hal_flash.o ABSOLUTE
    ../Drivers/STM32L0xx_HAL_Driver/Src/stm32l0xx_hal_flash_ex.c 0x00000000   Number         0  stm32l0xx_hal_flash_ex.o ABSOLUTE
    ../Drivers/STM32L0xx_HAL_Driver/Src/stm32l0xx_hal_flash_ramfunc.c 0x00000000   Number         0  stm32l0xx_hal_flash_ramfunc.o ABSOLUTE
    ../Drivers/STM32L0xx_HAL_Driver/Src/stm32l0xx_hal_gpio.c 0x00000000   Number         0  stm32l0xx_hal_gpio.o ABSOLUTE
    ../Drivers/STM32L0xx_HAL_Driver/Src/stm32l0xx_hal_i2c.c 0x00000000   Number         0  stm32l0xx_hal_i2c.o ABSOLUTE
    ../Drivers/STM32L0xx_HAL_Driver/Src/stm32l0xx_hal_i2c_ex.c 0x00000000   Number         0  stm32l0xx_hal_i2c_ex.o ABSOLUTE
    ../Drivers/STM32L0xx_HAL_Driver/Src/stm32l0xx_hal_pwr.c 0x00000000   Number         0  stm32l0xx_hal_pwr.o ABSOLUTE
    ../Drivers/STM32L0xx_HAL_Driver/Src/stm32l0xx_hal_pwr_ex.c 0x00000000   Number         0  stm32l0xx_hal_pwr_ex.o ABSOLUTE
    ../Drivers/STM32L0xx_HAL_Driver/Src/stm32l0xx_hal_rcc.c 0x00000000   Number         0  stm32l0xx_hal_rcc.o ABSOLUTE
    ../Drivers/STM32L0xx_HAL_Driver/Src/stm32l0xx_hal_rcc_ex.c 0x00000000   Number         0  stm32l0xx_hal_rcc_ex.o ABSOLUTE
    ../Drivers/STM32L0xx_HAL_Driver/Src/stm32l0xx_hal_spi.c 0x00000000   Number         0  stm32l0xx_hal_spi.o ABSOLUTE
    ../Drivers/STM32L0xx_HAL_Driver/Src/stm32l0xx_hal_tim.c 0x00000000   Number         0  stm32l0xx_hal_tim.o ABSOLUTE
    ../Drivers/STM32L0xx_HAL_Driver/Src/stm32l0xx_hal_tim_ex.c 0x00000000   Number         0  stm32l0xx_hal_tim_ex.o ABSOLUTE
    ../Drivers/STM32L0xx_HAL_Driver/Src/stm32l0xx_hal_uart.c 0x00000000   Number         0  stm32l0xx_hal_uart.o ABSOLUTE
    ../Drivers/STM32L0xx_HAL_Driver/Src/stm32l0xx_hal_uart_ex.c 0x00000000   Number         0  stm32l0xx_hal_uart_ex.o ABSOLUTE
    ../Src/dma.c                             0x00000000   Number         0  dma.o ABSOLUTE
    ../Src/gpio.c                            0x00000000   Number         0  gpio.o ABSOLUTE
    ../Src/i2c.c                             0x00000000   Number         0  i2c.o ABSOLUTE
    ../Src/main.c                            0x00000000   Number         0  main.o ABSOLUTE
    ../Src/spi.c                             0x00000000   Number         0  spi.o ABSOLUTE
    ../Src/stm32l0xx_hal_msp.c               0x00000000   Number         0  stm32l0xx_hal_msp.o ABSOLUTE
    ../Src/stm32l0xx_it.c                    0x00000000   Number         0  stm32l0xx_it.o ABSOLUTE
    ../Src/system_stm32l0xx.c                0x00000000   Number         0  system_stm32l0xx.o ABSOLUTE
    ../Src/tim.c                             0x00000000   Number         0  tim.o ABSOLUTE
    ../Src/usart.c                           0x00000000   Number         0  usart.o ABSOLUTE
    ../clib/microlib/division.c              0x00000000   Number         0  uidiv.o ABSOLUTE
    ../clib/microlib/division.c              0x00000000   Number         0  uldiv.o ABSOLUTE
    ../clib/microlib/init/entry.s            0x00000000   Number         0  entry7b.o ABSOLUTE
    ../clib/microlib/init/entry.s            0x00000000   Number         0  entry11b.o ABSOLUTE
    ../clib/microlib/init/entry.s            0x00000000   Number         0  entry11a.o ABSOLUTE
    ../clib/microlib/init/entry.s            0x00000000   Number         0  entry5.o ABSOLUTE
    ../clib/microlib/init/entry.s            0x00000000   Number         0  entry10a.o ABSOLUTE
    ../clib/microlib/init/entry.s            0x00000000   Number         0  entry9b.o ABSOLUTE
    ../clib/microlib/init/entry.s            0x00000000   Number         0  entry7a.o ABSOLUTE
    ../clib/microlib/init/entry.s            0x00000000   Number         0  entry2.o ABSOLUTE
    ../clib/microlib/init/entry.s            0x00000000   Number         0  entry.o ABSOLUTE
    ../clib/microlib/init/entry.s            0x00000000   Number         0  entry10b.o ABSOLUTE
    ../clib/microlib/init/entry.s            0x00000000   Number         0  entry9a.o ABSOLUTE
    ../clib/microlib/init/entry.s            0x00000000   Number         0  entry8a.o ABSOLUTE
    ../clib/microlib/init/entry.s            0x00000000   Number         0  entry8b.o ABSOLUTE
    ../clib/microlib/longlong.c              0x00000000   Number         0  llshl.o ABSOLUTE
    ../clib/microlib/longlong.c              0x00000000   Number         0  llushr.o ABSOLUTE
    ../clib/microlib/string/memset.c         0x00000000   Number         0  memseta.o ABSOLUTE
    ..\Drivers\BSP\Components\gde021a1\gde021a1.c 0x00000000   Number         0  gde021a1.o ABSOLUTE
    ..\Drivers\BSP\STM32L0538-Discovery\stm32l0538_discovery.c 0x00000000   Number         0  stm32l0538_discovery.o ABSOLUTE
    ..\Drivers\BSP\STM32L0538-Discovery\stm32l0538_discovery_epd.c 0x00000000   Number         0  stm32l0538_discovery_epd.o ABSOLUTE
    ..\Drivers\STM32L0xx_HAL_Driver\Src\stm32l0xx_hal.c 0x00000000   Number         0  stm32l0xx_hal.o ABSOLUTE
    ..\Drivers\STM32L0xx_HAL_Driver\Src\stm32l0xx_hal_cortex.c 0x00000000   Number         0  stm32l0xx_hal_cortex.o ABSOLUTE
    ..\Drivers\STM32L0xx_HAL_Driver\Src\stm32l0xx_hal_dma.c 0x00000000   Number         0  stm32l0xx_hal_dma.o ABSOLUTE
    ..\Drivers\STM32L0xx_HAL_Driver\Src\stm32l0xx_hal_flash.c 0x00000000   Number         0  stm32l0xx_hal_flash.o ABSOLUTE
    ..\Drivers\STM32L0xx_HAL_Driver\Src\stm32l0xx_hal_flash_ex.c 0x00000000   Number         0  stm32l0xx_hal_flash_ex.o ABSOLUTE
    ..\Drivers\STM32L0xx_HAL_Driver\Src\stm32l0xx_hal_flash_ramfunc.c 0x00000000   Number         0  stm32l0xx_hal_flash_ramfunc.o ABSOLUTE
    ..\Drivers\STM32L0xx_HAL_Driver\Src\stm32l0xx_hal_gpio.c 0x00000000   Number         0  stm32l0xx_hal_gpio.o ABSOLUTE
    ..\Drivers\STM32L0xx_HAL_Driver\Src\stm32l0xx_hal_i2c.c 0x00000000   Number         0  stm32l0xx_hal_i2c.o ABSOLUTE
    ..\Drivers\STM32L0xx_HAL_Driver\Src\stm32l0xx_hal_i2c_ex.c 0x00000000   Number         0  stm32l0xx_hal_i2c_ex.o ABSOLUTE
    ..\Drivers\STM32L0xx_HAL_Driver\Src\stm32l0xx_hal_pwr.c 0x00000000   Number         0  stm32l0xx_hal_pwr.o ABSOLUTE
    ..\Drivers\STM32L0xx_HAL_Driver\Src\stm32l0xx_hal_pwr_ex.c 0x00000000   Number         0  stm32l0xx_hal_pwr_ex.o ABSOLUTE
    ..\Drivers\STM32L0xx_HAL_Driver\Src\stm32l0xx_hal_rcc.c 0x00000000   Number         0  stm32l0xx_hal_rcc.o ABSOLUTE
    ..\Drivers\STM32L0xx_HAL_Driver\Src\stm32l0xx_hal_rcc_ex.c 0x00000000   Number         0  stm32l0xx_hal_rcc_ex.o ABSOLUTE
    ..\Drivers\STM32L0xx_HAL_Driver\Src\stm32l0xx_hal_spi.c 0x00000000   Number         0  stm32l0xx_hal_spi.o ABSOLUTE
    ..\Drivers\STM32L0xx_HAL_Driver\Src\stm32l0xx_hal_tim.c 0x00000000   Number         0  stm32l0xx_hal_tim.o ABSOLUTE
    ..\Drivers\STM32L0xx_HAL_Driver\Src\stm32l0xx_hal_tim_ex.c 0x00000000   Number         0  stm32l0xx_hal_tim_ex.o ABSOLUTE
    ..\Drivers\STM32L0xx_HAL_Driver\Src\stm32l0xx_hal_uart.c 0x00000000   Number         0  stm32l0xx_hal_uart.o ABSOLUTE
    ..\Drivers\STM32L0xx_HAL_Driver\Src\stm32l0xx_hal_uart_ex.c 0x00000000   Number         0  stm32l0xx_hal_uart_ex.o ABSOLUTE
    ..\Src\dma.c                             0x00000000   Number         0  dma.o ABSOLUTE
    ..\Src\gpio.c                            0x00000000   Number         0  gpio.o ABSOLUTE
    ..\Src\i2c.c                             0x00000000   Number         0  i2c.o ABSOLUTE
    ..\Src\main.c                            0x00000000   Number         0  main.o ABSOLUTE
    ..\Src\spi.c                             0x00000000   Number         0  spi.o ABSOLUTE
    ..\Src\stm32l0xx_hal_msp.c               0x00000000   Number         0  stm32l0xx_hal_msp.o ABSOLUTE
    ..\Src\stm32l0xx_it.c                    0x00000000   Number         0  stm32l0xx_it.o ABSOLUTE
    ..\Src\system_stm32l0xx.c                0x00000000   Number         0  system_stm32l0xx.o ABSOLUTE
    ..\Src\tim.c                             0x00000000   Number         0  tim.o ABSOLUTE
    ..\Src\usart.c                           0x00000000   Number         0  usart.o ABSOLUTE
    ..\\Drivers\\BSP\\STM32L0538-Discovery\\stm32l0538_discovery.c 0x00000000   Number         0  stm32l0538_discovery.o ABSOLUTE
    ..\\Drivers\\BSP\\STM32L0538-Discovery\\stm32l0538_discovery_epd.c 0x00000000   Number         0  stm32l0538_discovery_epd.o ABSOLUTE
    dc.s                                     0x00000000   Number         0  dc.o ABSOLUTE
    handlers.s                               0x00000000   Number         0  handlers.o ABSOLUTE
    init.s                                   0x00000000   Number         0  init.o ABSOLUTE
    startup_stm32l053xx.s                    0x00000000   Number         0  startup_stm32l053xx.o ABSOLUTE
    RESET                                    0x08000000   Section      192  startup_stm32l053xx.o(RESET)
    .ARM.Collect$$$$00000000                 0x080000c0   Section        0  entry.o(.ARM.Collect$$$$00000000)
    .ARM.Collect$$$$00000001                 0x080000c0   Section        4  entry2.o(.ARM.Collect$$$$00000001)
    .ARM.Collect$$$$00000004                 0x080000c4   Section        4  entry5.o(.ARM.Collect$$$$00000004)
    .ARM.Collect$$$$00000008                 0x080000c8   Section        0  entry7b.o(.ARM.Collect$$$$00000008)
    .ARM.Collect$$$$0000000A                 0x080000c8   Section        0  entry8b.o(.ARM.Collect$$$$0000000A)
    .ARM.Collect$$$$0000000B                 0x080000c8   Section        8  entry9a.o(.ARM.Collect$$$$0000000B)
    .ARM.Collect$$$$0000000D                 0x080000d0   Section        0  entry10a.o(.ARM.Collect$$$$0000000D)
    .ARM.Collect$$$$0000000F                 0x080000d0   Section        0  entry11a.o(.ARM.Collect$$$$0000000F)
    .ARM.Collect$$$$00002712                 0x080000d0   Section        4  entry2.o(.ARM.Collect$$$$00002712)
    __lit__00000000                          0x080000d0   Data           4  entry2.o(.ARM.Collect$$$$00002712)
    .text                                    0x080000d4   Section       28  startup_stm32l053xx.o(.text)
    .text                                    0x080000f0   Section        0  uidiv.o(.text)
    .text                                    0x0800011c   Section        0  uldiv.o(.text)
    .text                                    0x0800017c   Section        0  llshl.o(.text)
    .text                                    0x0800019c   Section        0  llushr.o(.text)
    .text                                    0x080001c0   Section       36  init.o(.text)
    i.BSP_EPD_Clear                          0x080001e4   Section        0  stm32l0538_discovery_epd.o(i.BSP_EPD_Clear)
    i.BSP_EPD_DrawImage                      0x08000214   Section        0  stm32l0538_discovery_epd.o(i.BSP_EPD_DrawImage)
    i.BSP_EPD_GetXSize                       0x08000270   Section        0  stm32l0538_discovery_epd.o(i.BSP_EPD_GetXSize)
    i.BSP_EPD_GetYSize                       0x0800027c   Section        0  stm32l0538_discovery_epd.o(i.BSP_EPD_GetYSize)
    i.BSP_EPD_Init                           0x08000288   Section        0  stm32l0538_discovery_epd.o(i.BSP_EPD_Init)
    i.BSP_EPD_RefreshDisplay                 0x080002b4   Section        0  stm32l0538_discovery_epd.o(i.BSP_EPD_RefreshDisplay)
    i.DMA1_Channel2_3_IRQHandler             0x080002ec   Section        0  stm32l0xx_it.o(i.DMA1_Channel2_3_IRQHandler)
    i.DMA_SetConfig                          0x08000300   Section        0  stm32l0xx_hal_dma.o(i.DMA_SetConfig)
    DMA_SetConfig                            0x08000301   Thumb Code    30  stm32l0xx_hal_dma.o(i.DMA_SetConfig)
    i.EPD_Delay                              0x0800031e   Section        0  stm32l0538_discovery.o(i.EPD_Delay)
    i.EPD_IO_Init                            0x08000328   Section        0  stm32l0538_discovery.o(i.EPD_IO_Init)
    i.EPD_IO_WriteData                       0x08000400   Section        0  stm32l0538_discovery.o(i.EPD_IO_WriteData)
    i.EPD_IO_WriteReg                        0x08000438   Section        0  stm32l0538_discovery.o(i.EPD_IO_WriteReg)
    i.EXTI0_1_IRQHandler                     0x08000470   Section        0  stm32l0xx_it.o(i.EXTI0_1_IRQHandler)
    i.HAL_DMA_Abort_IT                       0x08000480   Section        0  stm32l0xx_hal_dma.o(i.HAL_DMA_Abort_IT)
    i.HAL_DMA_IRQHandler                     0x08000518   Section        0  stm32l0xx_hal_dma.o(i.HAL_DMA_IRQHandler)
    i.HAL_DMA_Init                           0x08000798   Section        0  stm32l0xx_hal_dma.o(i.HAL_DMA_Init)
    i.HAL_DMA_Start_IT                       0x080008a0   Section        0  stm32l0xx_hal_dma.o(i.HAL_DMA_Start_IT)
    i.HAL_Delay                              0x080008ee   Section        0  stm32l0xx_hal.o(i.HAL_Delay)
    i.HAL_GPIO_DeInit                        0x08000904   Section        0  stm32l0xx_hal_gpio.o(i.HAL_GPIO_DeInit)
    i.HAL_GPIO_EXTI_Callback                 0x080009e8   Section        0  stm32l0xx_hal_gpio.o(i.HAL_GPIO_EXTI_Callback)
    i.HAL_GPIO_EXTI_IRQHandler               0x080009ec   Section        0  stm32l0xx_hal_gpio.o(i.HAL_GPIO_EXTI_IRQHandler)
    i.HAL_GPIO_Init                          0x08000a04   Section        0  stm32l0xx_hal_gpio.o(i.HAL_GPIO_Init)
    i.HAL_GPIO_ReadPin                       0x08000b7c   Section        0  stm32l0xx_hal_gpio.o(i.HAL_GPIO_ReadPin)
    i.HAL_GPIO_WritePin                      0x08000b86   Section        0  stm32l0xx_hal_gpio.o(i.HAL_GPIO_WritePin)
    i.HAL_GetTick                            0x08000b94   Section        0  stm32l0xx_hal.o(i.HAL_GetTick)
    i.HAL_I2CEx_ConfigAnalogFilter           0x08000ba0   Section        0  stm32l0xx_hal_i2c_ex.o(i.HAL_I2CEx_ConfigAnalogFilter)
    i.HAL_I2CEx_ConfigDigitalFilter          0x08000bea   Section        0  stm32l0xx_hal_i2c_ex.o(i.HAL_I2CEx_ConfigDigitalFilter)
    i.HAL_I2C_Init                           0x08000c34   Section        0  stm32l0xx_hal_i2c.o(i.HAL_I2C_Init)
    i.HAL_I2C_MspInit                        0x08000ce8   Section        0  i2c.o(i.HAL_I2C_MspInit)
    i.HAL_IncTick                            0x08000d2c   Section        0  stm32l0xx_hal.o(i.HAL_IncTick)
    i.HAL_Init                               0x08000d3c   Section        0  stm32l0xx_hal.o(i.HAL_Init)
    i.HAL_InitTick                           0x08000d5c   Section        0  stm32l0xx_hal.o(i.HAL_InitTick)
    i.HAL_MspInit                            0x08000d84   Section        0  stm32l0xx_hal_msp.o(i.HAL_MspInit)
    i.HAL_NVIC_EnableIRQ                     0x08000dbc   Section        0  stm32l0xx_hal_cortex.o(i.HAL_NVIC_EnableIRQ)
    i.HAL_NVIC_SetPriority                   0x08000dd0   Section        0  stm32l0xx_hal_cortex.o(i.HAL_NVIC_SetPriority)
    i.HAL_RCCEx_GetPeriphCLKFreq             0x08000dd8   Section        0  stm32l0xx_hal_rcc_ex.o(i.HAL_RCCEx_GetPeriphCLKFreq)
    i.HAL_RCCEx_PeriphCLKConfig              0x08000f7c   Section        0  stm32l0xx_hal_rcc_ex.o(i.HAL_RCCEx_PeriphCLKConfig)
    i.HAL_RCC_ClockConfig                    0x08001114   Section        0  stm32l0xx_hal_rcc.o(i.HAL_RCC_ClockConfig)
    i.HAL_RCC_GetHCLKFreq                    0x0800127c   Section        0  stm32l0xx_hal_rcc.o(i.HAL_RCC_GetHCLKFreq)
    i.HAL_RCC_GetPCLK1Freq                   0x08001288   Section        0  stm32l0xx_hal_rcc.o(i.HAL_RCC_GetPCLK1Freq)
    i.HAL_RCC_GetPCLK2Freq                   0x080012a8   Section        0  stm32l0xx_hal_rcc.o(i.HAL_RCC_GetPCLK2Freq)
    i.HAL_RCC_GetSysClockFreq                0x080012c8   Section        0  stm32l0xx_hal_rcc.o(i.HAL_RCC_GetSysClockFreq)
    i.HAL_RCC_OscConfig                      0x08001340   Section        0  stm32l0xx_hal_rcc.o(i.HAL_RCC_OscConfig)
    i.HAL_SPI_DeInit                         0x08001792   Section        0  stm32l0xx_hal_spi.o(i.HAL_SPI_DeInit)
    i.HAL_SPI_GetState                       0x080017c2   Section        0  stm32l0xx_hal_spi.o(i.HAL_SPI_GetState)
    i.HAL_SPI_Init                           0x080017c8   Section        0  stm32l0xx_hal_spi.o(i.HAL_SPI_Init)
    i.HAL_SPI_MspDeInit                      0x0800184c   Section        0  spi.o(i.HAL_SPI_MspDeInit)
    i.HAL_SPI_MspInit                        0x08001880   Section        0  spi.o(i.HAL_SPI_MspInit)
    i.HAL_SPI_Transmit                       0x080018d8   Section        0  stm32l0xx_hal_spi.o(i.HAL_SPI_Transmit)
    i.HAL_SYSTICK_CLKSourceConfig            0x08001a28   Section        0  stm32l0xx_hal_cortex.o(i.HAL_SYSTICK_CLKSourceConfig)
    i.HAL_SYSTICK_Callback                   0x08001a40   Section        0  stm32l0xx_hal_cortex.o(i.HAL_SYSTICK_Callback)
    i.HAL_SYSTICK_Config                     0x08001a44   Section        0  stm32l0xx_hal_cortex.o(i.HAL_SYSTICK_Config)
    i.HAL_SYSTICK_IRQHandler                 0x08001a74   Section        0  stm32l0xx_hal_cortex.o(i.HAL_SYSTICK_IRQHandler)
    i.HAL_TIMEx_MasterConfigSynchronization  0x08001a7c   Section        0  stm32l0xx_hal_tim_ex.o(i.HAL_TIMEx_MasterConfigSynchronization)
    i.HAL_TIM_Base_Init                      0x08001ac4   Section        0  stm32l0xx_hal_tim.o(i.HAL_TIM_Base_Init)
    i.HAL_TIM_Base_MspInit                   0x08001af8   Section        0  tim.o(i.HAL_TIM_Base_MspInit)
    i.HAL_TIM_ConfigClockSource              0x08001b14   Section        0  stm32l0xx_hal_tim.o(i.HAL_TIM_ConfigClockSource)
    i.HAL_TIM_MspPostInit                    0x08001c04   Section        0  tim.o(i.HAL_TIM_MspPostInit)
    i.HAL_TIM_OC_ConfigChannel               0x08001c34   Section        0  stm32l0xx_hal_tim.o(i.HAL_TIM_OC_ConfigChannel)
    i.HAL_TIM_OC_Init                        0x08001c84   Section        0  stm32l0xx_hal_tim.o(i.HAL_TIM_OC_Init)
    i.HAL_TIM_OC_MspInit                     0x08001cb8   Section        0  stm32l0xx_hal_tim.o(i.HAL_TIM_OC_MspInit)
    i.HAL_TIM_PWM_ConfigChannel              0x08001cba   Section        0  stm32l0xx_hal_tim.o(i.HAL_TIM_PWM_ConfigChannel)
    i.HAL_TIM_PWM_Init                       0x08001d8a   Section        0  stm32l0xx_hal_tim.o(i.HAL_TIM_PWM_Init)
    i.HAL_TIM_PWM_MspInit                    0x08001dbe   Section        0  stm32l0xx_hal_tim.o(i.HAL_TIM_PWM_MspInit)
    i.HAL_UARTEx_WakeupCallback              0x08001dc0   Section        0  stm32l0xx_hal_uart_ex.o(i.HAL_UARTEx_WakeupCallback)
    i.HAL_UART_ErrorCallback                 0x08001dc2   Section        0  stm32l0xx_hal_uart.o(i.HAL_UART_ErrorCallback)
    i.HAL_UART_IRQHandler                    0x08001dc4   Section        0  stm32l0xx_hal_uart.o(i.HAL_UART_IRQHandler)
    i.HAL_UART_Init                          0x08001f08   Section        0  stm32l0xx_hal_uart.o(i.HAL_UART_Init)
    i.HAL_UART_MspInit                       0x08001f74   Section        0  usart.o(i.HAL_UART_MspInit)
    i.HAL_UART_Receive_DMA                   0x08002014   Section        0  stm32l0xx_hal_uart.o(i.HAL_UART_Receive_DMA)
    i.HAL_UART_RxCpltCallback                0x080020b8   Section        0  main.o(i.HAL_UART_RxCpltCallback)
    i.HAL_UART_RxHalfCpltCallback            0x080020ba   Section        0  main.o(i.HAL_UART_RxHalfCpltCallback)
    i.HAL_UART_TxCpltCallback                0x080020bc   Section        0  stm32l0xx_hal_uart.o(i.HAL_UART_TxCpltCallback)
    i.HardFault_Handler                      0x080020be   Section        0  stm32l0xx_it.o(i.HardFault_Handler)
    i.MX_DMA_Init                            0x080020c0   Section        0  dma.o(i.MX_DMA_Init)
    i.MX_GPIO_Init                           0x080020e8   Section        0  gpio.o(i.MX_GPIO_Init)
    i.MX_I2C1_Init                           0x08002198   Section        0  i2c.o(i.MX_I2C1_Init)
    i.MX_SPI1_Init                           0x0800220c   Section        0  spi.o(i.MX_SPI1_Init)
    i.MX_TIM21_Init                          0x08002260   Section        0  tim.o(i.MX_TIM21_Init)
    i.MX_USART1_UART_Init                    0x08002334   Section        0  usart.o(i.MX_USART1_UART_Init)
    i.NMI_Handler                            0x08002380   Section        0  stm32l0xx_it.o(i.NMI_Handler)
    i.NVIC_SetPriority                       0x08002384   Section        0  stm32l0xx_hal_cortex.o(i.NVIC_SetPriority)
    NVIC_SetPriority                         0x08002385   Thumb Code    60  stm32l0xx_hal_cortex.o(i.NVIC_SetPriority)
    i.PendSV_Handler                         0x080023c8   Section        0  stm32l0xx_it.o(i.PendSV_Handler)
    i.RCC_SetFlashLatencyFromMSIRange        0x080023cc   Section        0  stm32l0xx_hal_rcc.o(i.RCC_SetFlashLatencyFromMSIRange)
    RCC_SetFlashLatencyFromMSIRange          0x080023cd   Thumb Code    94  stm32l0xx_hal_rcc.o(i.RCC_SetFlashLatencyFromMSIRange)
    i.SPI_WaitOnFlagUntilTimeout             0x0800243c   Section        0  stm32l0xx_hal_spi.o(i.SPI_WaitOnFlagUntilTimeout)
    SPI_WaitOnFlagUntilTimeout               0x0800243d   Thumb Code   178  stm32l0xx_hal_spi.o(i.SPI_WaitOnFlagUntilTimeout)
    i.SPIx_Error                             0x080024f0   Section        0  stm32l0538_discovery.o(i.SPIx_Error)
    SPIx_Error                               0x080024f1   Thumb Code    14  stm32l0538_discovery.o(i.SPIx_Error)
    i.SPIx_Init                              0x08002504   Section        0  stm32l0538_discovery.o(i.SPIx_Init)
    SPIx_Init                                0x08002505   Thumb Code   130  stm32l0538_discovery.o(i.SPIx_Init)
    i.SPIx_Write                             0x08002598   Section        0  stm32l0538_discovery.o(i.SPIx_Write)
    SPIx_Write                               0x08002599   Thumb Code    26  stm32l0538_discovery.o(i.SPIx_Write)
    i.SVC_Handler                            0x080025b8   Section        0  stm32l0xx_it.o(i.SVC_Handler)
    i.SysTick_Handler                        0x080025ba   Section        0  stm32l0xx_it.o(i.SysTick_Handler)
    i.SystemClock_Config                     0x080025c8   Section        0  main.o(i.SystemClock_Config)
    i.SystemInit                             0x08002688   Section        0  system_stm32l0xx.o(i.SystemInit)
    i.TIM_Base_SetConfig                     0x080026dc   Section        0  stm32l0xx_hal_tim.o(i.TIM_Base_SetConfig)
    TIM_Base_SetConfig                       0x080026dd   Thumb Code    70  stm32l0xx_hal_tim.o(i.TIM_Base_SetConfig)
    i.TIM_ETR_SetConfig                      0x0800272c   Section        0  stm32l0xx_hal_tim.o(i.TIM_ETR_SetConfig)
    TIM_ETR_SetConfig                        0x0800272d   Thumb Code    22  stm32l0xx_hal_tim.o(i.TIM_ETR_SetConfig)
    i.TIM_ITRx_SetConfig                     0x08002742   Section        0  stm32l0xx_hal_tim.o(i.TIM_ITRx_SetConfig)
    TIM_ITRx_SetConfig                       0x08002743   Thumb Code    16  stm32l0xx_hal_tim.o(i.TIM_ITRx_SetConfig)
    i.TIM_OC1_SetConfig                      0x08002752   Section        0  stm32l0xx_hal_tim.o(i.TIM_OC1_SetConfig)
    TIM_OC1_SetConfig                        0x08002753   Thumb Code    48  stm32l0xx_hal_tim.o(i.TIM_OC1_SetConfig)
    i.TIM_OC2_SetConfig                      0x08002782   Section        0  stm32l0xx_hal_tim.o(i.TIM_OC2_SetConfig)
    TIM_OC2_SetConfig                        0x08002783   Thumb Code    50  stm32l0xx_hal_tim.o(i.TIM_OC2_SetConfig)
    i.TIM_OC3_SetConfig                      0x080027b4   Section        0  stm32l0xx_hal_tim.o(i.TIM_OC3_SetConfig)
    TIM_OC3_SetConfig                        0x080027b5   Thumb Code    54  stm32l0xx_hal_tim.o(i.TIM_OC3_SetConfig)
    i.TIM_OC4_SetConfig                      0x080027ea   Section        0  stm32l0xx_hal_tim.o(i.TIM_OC4_SetConfig)
    TIM_OC4_SetConfig                        0x080027eb   Thumb Code    54  stm32l0xx_hal_tim.o(i.TIM_OC4_SetConfig)
    i.TIM_TI1_ConfigInputStage               0x08002820   Section        0  stm32l0xx_hal_tim.o(i.TIM_TI1_ConfigInputStage)
    TIM_TI1_ConfigInputStage                 0x08002821   Thumb Code    34  stm32l0xx_hal_tim.o(i.TIM_TI1_ConfigInputStage)
    i.TIM_TI2_ConfigInputStage               0x08002842   Section        0  stm32l0xx_hal_tim.o(i.TIM_TI2_ConfigInputStage)
    TIM_TI2_ConfigInputStage                 0x08002843   Thumb Code    38  stm32l0xx_hal_tim.o(i.TIM_TI2_ConfigInputStage)
    i.UART_AdvFeatureConfig                  0x08002868   Section        0  stm32l0xx_hal_uart.o(i.UART_AdvFeatureConfig)
    i.UART_CheckIdleState                    0x08002934   Section        0  stm32l0xx_hal_uart.o(i.UART_CheckIdleState)
    i.UART_DMAAbortOnError                   0x08002994   Section        0  stm32l0xx_hal_uart.o(i.UART_DMAAbortOnError)
    UART_DMAAbortOnError                     0x08002995   Thumb Code    20  stm32l0xx_hal_uart.o(i.UART_DMAAbortOnError)
    i.UART_DMAError                          0x080029a8   Section        0  stm32l0xx_hal_uart.o(i.UART_DMAError)
    UART_DMAError                            0x080029a9   Thumb Code    74  stm32l0xx_hal_uart.o(i.UART_DMAError)
    i.UART_DMAReceiveCplt                    0x080029f2   Section        0  stm32l0xx_hal_uart.o(i.UART_DMAReceiveCplt)
    UART_DMAReceiveCplt                      0x080029f3   Thumb Code    64  stm32l0xx_hal_uart.o(i.UART_DMAReceiveCplt)
    i.UART_DMARxHalfCplt                     0x08002a32   Section        0  stm32l0xx_hal_uart.o(i.UART_DMARxHalfCplt)
    UART_DMARxHalfCplt                       0x08002a33   Thumb Code    10  stm32l0xx_hal_uart.o(i.UART_DMARxHalfCplt)
    i.UART_EndRxTransfer                     0x08002a3c   Section        0  stm32l0xx_hal_uart.o(i.UART_EndRxTransfer)
    UART_EndRxTransfer                       0x08002a3d   Thumb Code    30  stm32l0xx_hal_uart.o(i.UART_EndRxTransfer)
    i.UART_EndTxTransfer                     0x08002a5a   Section        0  stm32l0xx_hal_uart.o(i.UART_EndTxTransfer)
    UART_EndTxTransfer                       0x08002a5b   Thumb Code    18  stm32l0xx_hal_uart.o(i.UART_EndTxTransfer)
    i.UART_Receive_IT                        0x08002a6c   Section        0  stm32l0xx_hal_uart.o(i.UART_Receive_IT)
    UART_Receive_IT                          0x08002a6d   Thumb Code   126  stm32l0xx_hal_uart.o(i.UART_Receive_IT)
    i.UART_SetConfig                         0x08002aec   Section        0  stm32l0xx_hal_uart.o(i.UART_SetConfig)
    i.UART_Transmit_IT                       0x08002d08   Section        0  stm32l0xx_hal_uart.o(i.UART_Transmit_IT)
    UART_Transmit_IT                         0x08002d09   Thumb Code   102  stm32l0xx_hal_uart.o(i.UART_Transmit_IT)
    i.UART_WaitOnFlagUntilTimeout            0x08002d6e   Section        0  stm32l0xx_hal_uart.o(i.UART_WaitOnFlagUntilTimeout)
    i.USART1_IRQHandler                      0x08002dd0   Section        0  stm32l0xx_it.o(i.USART1_IRQHandler)
    i._Error_Handler                         0x08002df0   Section        0  main.o(i._Error_Handler)
    i.__ARM_common_switch8                   0x08002df4   Section        0  stm32l0xx_hal_tim.o(i.__ARM_common_switch8)
    i.__scatterload_copy                     0x08002e0e   Section       14  handlers.o(i.__scatterload_copy)
    i.__scatterload_null                     0x08002e1c   Section        2  handlers.o(i.__scatterload_null)
    i.__scatterload_zeroinit                 0x08002e1e   Section       14  handlers.o(i.__scatterload_zeroinit)
    i.dmaInterrupt                           0x08002e2c   Section        0  main.o(i.dmaInterrupt)
    i.done_fn                                0x08002e74   Section        0  main.o(i.done_fn)
    i.externalInterrupt                      0x08002ea0   Section        0  main.o(i.externalInterrupt)
    i.gde021a1_CloseChargePump               0x08002ec4   Section        0  gde021a1.o(i.gde021a1_CloseChargePump)
    i.gde021a1_DrawImage                     0x08002eda   Section        0  gde021a1.o(i.gde021a1_DrawImage)
    i.gde021a1_GetEpdPixelHeight             0x08003028   Section        0  gde021a1.o(i.gde021a1_GetEpdPixelHeight)
    i.gde021a1_GetEpdPixelWidth              0x0800302c   Section        0  gde021a1.o(i.gde021a1_GetEpdPixelWidth)
    i.gde021a1_Init                          0x08003030   Section        0  gde021a1.o(i.gde021a1_Init)
    i.gde021a1_RefreshDisplay                0x080030d8   Section        0  gde021a1.o(i.gde021a1_RefreshDisplay)
    i.gde021a1_SetDisplayWindow              0x080030ee   Section        0  gde021a1.o(i.gde021a1_SetDisplayWindow)
    i.gde021a1_WritePixel                    0x08003136   Section        0  gde021a1.o(i.gde021a1_WritePixel)
    i.greenOn                                0x08003148   Section        0  gpio.o(i.greenOn)
    i.main                                   0x0800315c   Section        0  main.o(i.main)
    i.redOff                                 0x080031e4   Section        0  gpio.o(i.redOff)
    i.toggleGreen                            0x080031f4   Section        0  gpio.o(i.toggleGreen)
    i.toggleRed                              0x08003204   Section        0  gpio.o(i.toggleRed)
    i.update                                 0x08003214   Section        0  main.o(i.update)
    update                                   0x08003215   Thumb Code   104  main.o(i.update)
    i.usartInterrupt                         0x080032a4   Section        0  main.o(i.usartInterrupt)
    i.waiting_for_usart_fn                   0x080032e0   Section        0  main.o(i.waiting_for_usart_fn)
    i.working_fn                             0x08003310   Section        0  main.o(i.working_fn)
    .constdata                               0x08003360   Section       25  system_stm32l0xx.o(.constdata)
    .constdata                               0x08003379   Section        8  system_stm32l0xx.o(.constdata)
    .constdata                               0x08003381   Section     4180  stm32l0538_discovery_epd.o(.constdata)
    .constdata                               0x080043d5   Section     1995  stm32l0538_discovery_epd.o(.constdata)
    .constdata                               0x08004ba0   Section       90  gde021a1.o(.constdata)
    .data                                    0x20000000   Section        4  system_stm32l0xx.o(.data)
    .data                                    0x20000004   Section        4  stm32l0xx_hal.o(.data)
    .data                                    0x20000008   Section       45  main.o(.data)
    STATE                                    0x20000008   Data           4  main.o(.data)
    workStarted                              0x2000000c   Data           4  main.o(.data)
    rxStarted                                0x20000010   Data           4  main.o(.data)
    rxDone                                   0x20000014   Data           4  main.o(.data)
    pressHold                                0x20000018   Data           4  main.o(.data)
    usrButtonPressed                         0x2000001c   Data           4  main.o(.data)
    usartBuffer                              0x20000020   Data           8  main.o(.data)
    lastIndex                                0x20000028   Data           2  main.o(.data)
    stateFunction                            0x2000002c   Data           4  main.o(.data)
    breakout                                 0x20000030   Data           4  main.o(.data)
    result                                   0x20000034   Data           1  main.o(.data)
    .data                                    0x20000038   Section       24  stm32l0538_discovery_epd.o(.data)
    pFont                                    0x20000038   Data           4  stm32l0538_discovery_epd.o(.data)
    epd_drv                                  0x2000003c   Data           4  stm32l0538_discovery_epd.o(.data)
    .data                                    0x20000050   Section       32  gde021a1.o(.data)
    .bss                                     0x20000070   Section      176  usart.o(.bss)
    .bss                                     0x20000120   Section       76  i2c.o(.bss)
    .bss                                     0x2000016c   Section     2060  main.o(.bss)
    picture                                  0x2000016c   Data        1548  main.o(.bss)
    debugArray                               0x20000778   Data         512  main.o(.bss)
    .bss                                     0x20000978   Section       56  tim.o(.bss)
    .bss                                     0x200009b0   Section       88  spi.o(.bss)
    .bss                                     0x20000a08   Section       88  stm32l0538_discovery.o(.bss)
    SpiHandle                                0x20000a08   Data          88  stm32l0538_discovery.o(.bss)
    STACK                                    0x20000a60   Section     1024  startup_stm32l053xx.o(STACK)

    Global Symbols

    Symbol Name                              Value     Ov Type        Size  Object(Section)

    BuildAttributes$$THM_ISAv3M$S$PE$A:L22$X:L11$S22$IEEE1$IW$USESV6$~STKCKD$USESV7$~SHL$OSPACE$EBA8$MICROLIB$REQ8$PRES8$EABIv2 0x00000000   Number         0  anon$$obj.o ABSOLUTE
    __ARM_use_no_argv                        0x00000000   Number         0  main.o ABSOLUTE
    __cpp_initialize__aeabi_                  - Undefined Weak Reference
    __cxa_finalize                            - Undefined Weak Reference
    __decompress                              - Undefined Weak Reference
    _clock_init                               - Undefined Weak Reference
    _microlib_exit                            - Undefined Weak Reference
    __Vectors_Size                           0x000000c0   Number         0  startup_stm32l053xx.o ABSOLUTE
    __Vectors                                0x08000000   Data           4  startup_stm32l053xx.o(RESET)
    __Vectors_End                            0x080000c0   Data           0  startup_stm32l053xx.o(RESET)
    __main                                   0x080000c1   Thumb Code     0  entry.o(.ARM.Collect$$$$00000000)
    _main_stk                                0x080000c1   Thumb Code     0  entry2.o(.ARM.Collect$$$$00000001)
    _main_scatterload                        0x080000c5   Thumb Code     0  entry5.o(.ARM.Collect$$$$00000004)
    __main_after_scatterload                 0x080000c9   Thumb Code     0  entry5.o(.ARM.Collect$$$$00000004)
    _main_clock                              0x080000c9   Thumb Code     0  entry7b.o(.ARM.Collect$$$$00000008)
    _main_cpp_init                           0x080000c9   Thumb Code     0  entry8b.o(.ARM.Collect$$$$0000000A)
    _main_init                               0x080000c9   Thumb Code     0  entry9a.o(.ARM.Collect$$$$0000000B)
    __rt_final_cpp                           0x080000d1   Thumb Code     0  entry10a.o(.ARM.Collect$$$$0000000D)
    __rt_final_exit                          0x080000d1   Thumb Code     0  entry11a.o(.ARM.Collect$$$$0000000F)
    Reset_Handler                            0x080000d5   Thumb Code     8  startup_stm32l053xx.o(.text)
    ADC1_COMP_IRQHandler                     0x080000e7   Thumb Code     0  startup_stm32l053xx.o(.text)
    DMA1_Channel1_IRQHandler                 0x080000e7   Thumb Code     0  startup_stm32l053xx.o(.text)
    DMA1_Channel4_5_6_7_IRQHandler           0x080000e7   Thumb Code     0  startup_stm32l053xx.o(.text)
    EXTI2_3_IRQHandler                       0x080000e7   Thumb Code     0  startup_stm32l053xx.o(.text)
    EXTI4_15_IRQHandler                      0x080000e7   Thumb Code     0  startup_stm32l053xx.o(.text)
    FLASH_IRQHandler                         0x080000e7   Thumb Code     0  startup_stm32l053xx.o(.text)
    I2C1_IRQHandler                          0x080000e7   Thumb Code     0  startup_stm32l053xx.o(.text)
    I2C2_IRQHandler                          0x080000e7   Thumb Code     0  startup_stm32l053xx.o(.text)
    LCD_IRQHandler                           0x080000e7   Thumb Code     0  startup_stm32l053xx.o(.text)
    LPTIM1_IRQHandler                        0x080000e7   Thumb Code     0  startup_stm32l053xx.o(.text)
    PVD_IRQHandler                           0x080000e7   Thumb Code     0  startup_stm32l053xx.o(.text)
    RCC_CRS_IRQHandler                       0x080000e7   Thumb Code     0  startup_stm32l053xx.o(.text)
    RNG_LPUART1_IRQHandler                   0x080000e7   Thumb Code     0  startup_stm32l053xx.o(.text)
    RTC_IRQHandler                           0x080000e7   Thumb Code     0  startup_stm32l053xx.o(.text)
    SPI1_IRQHandler                          0x080000e7   Thumb Code     0  startup_stm32l053xx.o(.text)
    SPI2_IRQHandler                          0x080000e7   Thumb Code     0  startup_stm32l053xx.o(.text)
    TIM21_IRQHandler                         0x080000e7   Thumb Code     0  startup_stm32l053xx.o(.text)
    TIM22_IRQHandler                         0x080000e7   Thumb Code     0  startup_stm32l053xx.o(.text)
    TIM2_IRQHandler                          0x080000e7   Thumb Code     0  startup_stm32l053xx.o(.text)
    TIM6_DAC_IRQHandler                      0x080000e7   Thumb Code     0  startup_stm32l053xx.o(.text)
    TSC_IRQHandler                           0x080000e7   Thumb Code     0  startup_stm32l053xx.o(.text)
    USART2_IRQHandler                        0x080000e7   Thumb Code     0  startup_stm32l053xx.o(.text)
    USB_IRQHandler                           0x080000e7   Thumb Code     0  startup_stm32l053xx.o(.text)
    WWDG_IRQHandler                          0x080000e7   Thumb Code     0  startup_stm32l053xx.o(.text)
    __aeabi_uidiv                            0x080000f1   Thumb Code     0  uidiv.o(.text)
    __aeabi_uidivmod                         0x080000f1   Thumb Code    44  uidiv.o(.text)
    __aeabi_uldivmod                         0x0800011d   Thumb Code    96  uldiv.o(.text)
    __aeabi_llsl                             0x0800017d   Thumb Code    32  llshl.o(.text)
    _ll_shift_l                              0x0800017d   Thumb Code     0  llshl.o(.text)
    __aeabi_llsr                             0x0800019d   Thumb Code    34  llushr.o(.text)
    _ll_ushift_r                             0x0800019d   Thumb Code     0  llushr.o(.text)
    __scatterload                            0x080001c1   Thumb Code    28  init.o(.text)
    __scatterload_rt2                        0x080001c1   Thumb Code     0  init.o(.text)
    BSP_EPD_Clear                            0x080001e5   Thumb Code    40  stm32l0538_discovery_epd.o(i.BSP_EPD_Clear)
    BSP_EPD_DrawImage                        0x08000215   Thumb Code    88  stm32l0538_discovery_epd.o(i.BSP_EPD_DrawImage)
    BSP_EPD_GetXSize                         0x08000271   Thumb Code     8  stm32l0538_discovery_epd.o(i.BSP_EPD_GetXSize)
    BSP_EPD_GetYSize                         0x0800027d   Thumb Code     8  stm32l0538_discovery_epd.o(i.BSP_EPD_GetYSize)
    BSP_EPD_Init                             0x08000289   Thumb Code    34  stm32l0538_discovery_epd.o(i.BSP_EPD_Init)
    BSP_EPD_RefreshDisplay                   0x080002b5   Thumb Code    48  stm32l0538_discovery_epd.o(i.BSP_EPD_RefreshDisplay)
    DMA1_Channel2_3_IRQHandler               0x080002ed   Thumb Code    14  stm32l0xx_it.o(i.DMA1_Channel2_3_IRQHandler)
    EPD_Delay                                0x0800031f   Thumb Code     8  stm32l0538_discovery.o(i.EPD_Delay)
    EPD_IO_Init                              0x08000329   Thumb Code   206  stm32l0538_discovery.o(i.EPD_IO_Init)
    EPD_IO_WriteData                         0x08000401   Thumb Code    50  stm32l0538_discovery.o(i.EPD_IO_WriteData)
    EPD_IO_WriteReg                          0x08000439   Thumb Code    50  stm32l0538_discovery.o(i.EPD_IO_WriteReg)
    EXTI0_1_IRQHandler                       0x08000471   Thumb Code    14  stm32l0xx_it.o(i.EXTI0_1_IRQHandler)
    HAL_DMA_Abort_IT                         0x08000481   Thumb Code   148  stm32l0xx_hal_dma.o(i.HAL_DMA_Abort_IT)
    HAL_DMA_IRQHandler                       0x08000519   Thumb Code   634  stm32l0xx_hal_dma.o(i.HAL_DMA_IRQHandler)
    HAL_DMA_Init                             0x08000799   Thumb Code   254  stm32l0xx_hal_dma.o(i.HAL_DMA_Init)
    HAL_DMA_Start_IT                         0x080008a1   Thumb Code    78  stm32l0xx_hal_dma.o(i.HAL_DMA_Start_IT)
    HAL_Delay                                0x080008ef   Thumb Code    22  stm32l0xx_hal.o(i.HAL_Delay)
    HAL_GPIO_DeInit                          0x08000905   Thumb Code   202  stm32l0xx_hal_gpio.o(i.HAL_GPIO_DeInit)
    HAL_GPIO_EXTI_Callback                   0x080009e9   Thumb Code     2  stm32l0xx_hal_gpio.o(i.HAL_GPIO_EXTI_Callback)
    HAL_GPIO_EXTI_IRQHandler                 0x080009ed   Thumb Code    18  stm32l0xx_hal_gpio.o(i.HAL_GPIO_EXTI_IRQHandler)
    HAL_GPIO_Init                            0x08000a05   Thumb Code   346  stm32l0xx_hal_gpio.o(i.HAL_GPIO_Init)
    HAL_GPIO_ReadPin                         0x08000b7d   Thumb Code    10  stm32l0xx_hal_gpio.o(i.HAL_GPIO_ReadPin)
    HAL_GPIO_WritePin                        0x08000b87   Thumb Code    12  stm32l0xx_hal_gpio.o(i.HAL_GPIO_WritePin)
    HAL_GetTick                              0x08000b95   Thumb Code     6  stm32l0xx_hal.o(i.HAL_GetTick)
    HAL_I2CEx_ConfigAnalogFilter             0x08000ba1   Thumb Code    74  stm32l0xx_hal_i2c_ex.o(i.HAL_I2CEx_ConfigAnalogFilter)
    HAL_I2CEx_ConfigDigitalFilter            0x08000beb   Thumb Code    72  stm32l0xx_hal_i2c_ex.o(i.HAL_I2CEx_ConfigDigitalFilter)
    HAL_I2C_Init                             0x08000c35   Thumb Code   176  stm32l0xx_hal_i2c.o(i.HAL_I2C_Init)
    HAL_I2C_MspInit                          0x08000ce9   Thumb Code    54  i2c.o(i.HAL_I2C_MspInit)
    HAL_IncTick                              0x08000d2d   Thumb Code    10  stm32l0xx_hal.o(i.HAL_IncTick)
    HAL_Init                                 0x08000d3d   Thumb Code    26  stm32l0xx_hal.o(i.HAL_Init)
    HAL_InitTick                             0x08000d5d   Thumb Code    34  stm32l0xx_hal.o(i.HAL_InitTick)
    HAL_MspInit                              0x08000d85   Thumb Code    52  stm32l0xx_hal_msp.o(i.HAL_MspInit)
    HAL_NVIC_EnableIRQ                       0x08000dbd   Thumb Code    14  stm32l0xx_hal_cortex.o(i.HAL_NVIC_EnableIRQ)
    HAL_NVIC_SetPriority                     0x08000dd1   Thumb Code     8  stm32l0xx_hal_cortex.o(i.HAL_NVIC_SetPriority)
    HAL_RCCEx_GetPeriphCLKFreq               0x08000dd9   Thumb Code   380  stm32l0xx_hal_rcc_ex.o(i.HAL_RCCEx_GetPeriphCLKFreq)
    HAL_RCCEx_PeriphCLKConfig                0x08000f7d   Thumb Code   396  stm32l0xx_hal_rcc_ex.o(i.HAL_RCCEx_PeriphCLKConfig)
    HAL_RCC_ClockConfig                      0x08001115   Thumb Code   340  stm32l0xx_hal_rcc.o(i.HAL_RCC_ClockConfig)
    HAL_RCC_GetHCLKFreq                      0x0800127d   Thumb Code     6  stm32l0xx_hal_rcc.o(i.HAL_RCC_GetHCLKFreq)
    HAL_RCC_GetPCLK1Freq                     0x08001289   Thumb Code    20  stm32l0xx_hal_rcc.o(i.HAL_RCC_GetPCLK1Freq)
    HAL_RCC_GetPCLK2Freq                     0x080012a9   Thumb Code    20  stm32l0xx_hal_rcc.o(i.HAL_RCC_GetPCLK2Freq)
    HAL_RCC_GetSysClockFreq                  0x080012c9   Thumb Code   100  stm32l0xx_hal_rcc.o(i.HAL_RCC_GetSysClockFreq)
    HAL_RCC_OscConfig                        0x08001341   Thumb Code  1106  stm32l0xx_hal_rcc.o(i.HAL_RCC_OscConfig)
    HAL_SPI_DeInit                           0x08001793   Thumb Code    48  stm32l0xx_hal_spi.o(i.HAL_SPI_DeInit)
    HAL_SPI_GetState                         0x080017c3   Thumb Code     6  stm32l0xx_hal_spi.o(i.HAL_SPI_GetState)
    HAL_SPI_Init                             0x080017c9   Thumb Code   132  stm32l0xx_hal_spi.o(i.HAL_SPI_Init)
    HAL_SPI_MspDeInit                        0x0800184d   Thumb Code    40  spi.o(i.HAL_SPI_MspDeInit)
    HAL_SPI_MspInit                          0x08001881   Thumb Code    74  spi.o(i.HAL_SPI_MspInit)
    HAL_SPI_Transmit                         0x080018d9   Thumb Code   336  stm32l0xx_hal_spi.o(i.HAL_SPI_Transmit)
    HAL_SYSTICK_CLKSourceConfig              0x08001a29   Thumb Code    20  stm32l0xx_hal_cortex.o(i.HAL_SYSTICK_CLKSourceConfig)
    HAL_SYSTICK_Callback                     0x08001a41   Thumb Code     2  stm32l0xx_hal_cortex.o(i.HAL_SYSTICK_Callback)
    HAL_SYSTICK_Config                       0x08001a45   Thumb Code    38  stm32l0xx_hal_cortex.o(i.HAL_SYSTICK_Config)
    HAL_SYSTICK_IRQHandler                   0x08001a75   Thumb Code     8  stm32l0xx_hal_cortex.o(i.HAL_SYSTICK_IRQHandler)
    HAL_TIMEx_MasterConfigSynchronization    0x08001a7d   Thumb Code    72  stm32l0xx_hal_tim_ex.o(i.HAL_TIMEx_MasterConfigSynchronization)
    HAL_TIM_Base_Init                        0x08001ac5   Thumb Code    52  stm32l0xx_hal_tim.o(i.HAL_TIM_Base_Init)
    HAL_TIM_Base_MspInit                     0x08001af9   Thumb Code    20  tim.o(i.HAL_TIM_Base_MspInit)
    HAL_TIM_ConfigClockSource                0x08001b15   Thumb Code   238  stm32l0xx_hal_tim.o(i.HAL_TIM_ConfigClockSource)
    HAL_TIM_MspPostInit                      0x08001c05   Thumb Code    42  tim.o(i.HAL_TIM_MspPostInit)
    HAL_TIM_OC_ConfigChannel                 0x08001c35   Thumb Code    80  stm32l0xx_hal_tim.o(i.HAL_TIM_OC_ConfigChannel)
    HAL_TIM_OC_Init                          0x08001c85   Thumb Code    52  stm32l0xx_hal_tim.o(i.HAL_TIM_OC_Init)
    HAL_TIM_OC_MspInit                       0x08001cb9   Thumb Code     2  stm32l0xx_hal_tim.o(i.HAL_TIM_OC_MspInit)
    HAL_TIM_PWM_ConfigChannel                0x08001cbb   Thumb Code   208  stm32l0xx_hal_tim.o(i.HAL_TIM_PWM_ConfigChannel)
    HAL_TIM_PWM_Init                         0x08001d8b   Thumb Code    52  stm32l0xx_hal_tim.o(i.HAL_TIM_PWM_Init)
    HAL_TIM_PWM_MspInit                      0x08001dbf   Thumb Code     2  stm32l0xx_hal_tim.o(i.HAL_TIM_PWM_MspInit)
    HAL_UARTEx_WakeupCallback                0x08001dc1   Thumb Code     2  stm32l0xx_hal_uart_ex.o(i.HAL_UARTEx_WakeupCallback)
    HAL_UART_ErrorCallback                   0x08001dc3   Thumb Code     2  stm32l0xx_hal_uart.o(i.HAL_UART_ErrorCallback)
    HAL_UART_IRQHandler                      0x08001dc5   Thumb Code   318  stm32l0xx_hal_uart.o(i.HAL_UART_IRQHandler)
    HAL_UART_Init                            0x08001f09   Thumb Code   108  stm32l0xx_hal_uart.o(i.HAL_UART_Init)
    HAL_UART_MspInit                         0x08001f75   Thumb Code   128  usart.o(i.HAL_UART_MspInit)
    HAL_UART_Receive_DMA                     0x08002015   Thumb Code   150  stm32l0xx_hal_uart.o(i.HAL_UART_Receive_DMA)
    HAL_UART_RxCpltCallback                  0x080020b9   Thumb Code     2  main.o(i.HAL_UART_RxCpltCallback)
    HAL_UART_RxHalfCpltCallback              0x080020bb   Thumb Code     2  main.o(i.HAL_UART_RxHalfCpltCallback)
    HAL_UART_TxCpltCallback                  0x080020bd   Thumb Code     2  stm32l0xx_hal_uart.o(i.HAL_UART_TxCpltCallback)
    HardFault_Handler                        0x080020bf   Thumb Code     2  stm32l0xx_it.o(i.HardFault_Handler)
    MX_DMA_Init                              0x080020c1   Thumb Code    36  dma.o(i.MX_DMA_Init)
    MX_GPIO_Init                             0x080020e9   Thumb Code   162  gpio.o(i.MX_GPIO_Init)
    MX_I2C1_Init                             0x08002199   Thumb Code    90  i2c.o(i.MX_I2C1_Init)
    MX_SPI1_Init                             0x0800220d   Thumb Code    60  spi.o(i.MX_SPI1_Init)
    MX_TIM21_Init                            0x08002261   Thumb Code   188  tim.o(i.MX_TIM21_Init)
    MX_USART1_UART_Init                      0x08002335   Thumb Code    52  usart.o(i.MX_USART1_UART_Init)
    NMI_Handler                              0x08002381   Thumb Code     2  stm32l0xx_it.o(i.NMI_Handler)
    PendSV_Handler                           0x080023c9   Thumb Code     2  stm32l0xx_it.o(i.PendSV_Handler)
    SVC_Handler                              0x080025b9   Thumb Code     2  stm32l0xx_it.o(i.SVC_Handler)
    SysTick_Handler                          0x080025bb   Thumb Code    12  stm32l0xx_it.o(i.SysTick_Handler)
    SystemClock_Config                       0x080025c9   Thumb Code   170  main.o(i.SystemClock_Config)
    SystemInit                               0x08002689   Thumb Code    66  system_stm32l0xx.o(i.SystemInit)
    UART_AdvFeatureConfig                    0x08002869   Thumb Code   202  stm32l0xx_hal_uart.o(i.UART_AdvFeatureConfig)
    UART_CheckIdleState                      0x08002935   Thumb Code    90  stm32l0xx_hal_uart.o(i.UART_CheckIdleState)
    UART_SetConfig                           0x08002aed   Thumb Code   498  stm32l0xx_hal_uart.o(i.UART_SetConfig)
    UART_WaitOnFlagUntilTimeout              0x08002d6f   Thumb Code    98  stm32l0xx_hal_uart.o(i.UART_WaitOnFlagUntilTimeout)
    USART1_IRQHandler                        0x08002dd1   Thumb Code    26  stm32l0xx_it.o(i.USART1_IRQHandler)
    _Error_Handler                           0x08002df1   Thumb Code     4  main.o(i._Error_Handler)
    __ARM_common_switch8                     0x08002df5   Thumb Code    26  stm32l0xx_hal_tim.o(i.__ARM_common_switch8)
    __scatterload_copy                       0x08002e0f   Thumb Code    14  handlers.o(i.__scatterload_copy)
    __scatterload_null                       0x08002e1d   Thumb Code     2  handlers.o(i.__scatterload_null)
    __scatterload_zeroinit                   0x08002e1f   Thumb Code    14  handlers.o(i.__scatterload_zeroinit)
    dmaInterrupt                             0x08002e2d   Thumb Code    54  main.o(i.dmaInterrupt)
    done_fn                                  0x08002e75   Thumb Code    38  main.o(i.done_fn)
    externalInterrupt                        0x08002ea1   Thumb Code    28  main.o(i.externalInterrupt)
    gde021a1_CloseChargePump                 0x08002ec5   Thumb Code    22  gde021a1.o(i.gde021a1_CloseChargePump)
    gde021a1_DrawImage                       0x08002edb   Thumb Code   334  gde021a1.o(i.gde021a1_DrawImage)
    gde021a1_GetEpdPixelHeight               0x08003029   Thumb Code     4  gde021a1.o(i.gde021a1_GetEpdPixelHeight)
    gde021a1_GetEpdPixelWidth                0x0800302d   Thumb Code     4  gde021a1.o(i.gde021a1_GetEpdPixelWidth)
    gde021a1_Init                            0x08003031   Thumb Code   164  gde021a1.o(i.gde021a1_Init)
    gde021a1_RefreshDisplay                  0x080030d9   Thumb Code    22  gde021a1.o(i.gde021a1_RefreshDisplay)
    gde021a1_SetDisplayWindow                0x080030ef   Thumb Code    72  gde021a1.o(i.gde021a1_SetDisplayWindow)
    gde021a1_WritePixel                      0x08003137   Thumb Code    18  gde021a1.o(i.gde021a1_WritePixel)
    greenOn                                  0x08003149   Thumb Code    14  gpio.o(i.greenOn)
    main                                     0x0800315d   Thumb Code    98  main.o(i.main)
    redOff                                   0x080031e5   Thumb Code    16  gpio.o(i.redOff)
    toggleGreen                              0x080031f5   Thumb Code    12  gpio.o(i.toggleGreen)
    toggleRed                                0x08003205   Thumb Code    14  gpio.o(i.toggleRed)
    usartInterrupt                           0x080032a5   Thumb Code    44  main.o(i.usartInterrupt)
    waiting_for_usart_fn                     0x080032e1   Thumb Code    38  main.o(i.waiting_for_usart_fn)
    working_fn                               0x08003311   Thumb Code    70  main.o(i.working_fn)
    AHBPrescTable                            0x08003360   Data          16  system_stm32l0xx.o(.constdata)
    PLLMulTable                              0x08003370   Data           9  system_stm32l0xx.o(.constdata)
    APBPrescTable                            0x08003379   Data           8  system_stm32l0xx.o(.constdata)
    Font16_Table                             0x08003381   Data        4180  stm32l0538_discovery_epd.o(.constdata)
    Font12_Table                             0x080043d5   Data        1995  stm32l0538_discovery_epd.o(.constdata)
    WF_LUT                                   0x08004ba0   Data          90  gde021a1.o(.constdata)
    Region$$Table$$Base                      0x08004bfc   Number         0  anon$$obj.o(Region$$Table)
    Region$$Table$$Limit                     0x08004c1c   Number         0  anon$$obj.o(Region$$Table)
    SystemCoreClock                          0x20000000   Data           4  system_stm32l0xx.o(.data)
    uwTick                                   0x20000004   Data           4  stm32l0xx_hal.o(.data)
    Font16                                   0x20000040   Data           8  stm32l0538_discovery_epd.o(.data)
    Font12                                   0x20000048   Data           8  stm32l0538_discovery_epd.o(.data)
    gde021a1_drv                             0x20000050   Data          32  gde021a1.o(.data)
    huart1                                   0x20000070   Data         112  usart.o(.bss)
    hdma_usart1_rx                           0x200000e0   Data          64  usart.o(.bss)
    hi2c1                                    0x20000120   Data          76  i2c.o(.bss)
    htim21                                   0x20000978   Data          56  tim.o(.bss)
    hspi1                                    0x200009b0   Data          88  spi.o(.bss)
    __initial_sp                             0x20000e60   Data           0  startup_stm32l053xx.o(STACK)



==============================================================================

Memory Map of the image

  Image Entry point : 0x080000c1

  Load Region LR_IROM1 (Base: 0x08000000, Size: 0x00004c8c, Max: 0x00010000, ABSOLUTE)

    Execution Region ER_IROM1 (Exec base: 0x08000000, Load base: 0x08000000, Size: 0x00004c1c, Max: 0x00010000, ABSOLUTE)

    Exec Addr    Load Addr    Size         Type   Attr      Idx    E Section Name        Object

    0x08000000   0x08000000   0x000000c0   Data   RO            3    RESET               startup_stm32l053xx.o
    0x080000c0   0x080000c0   0x00000000   Code   RO         3736  * .ARM.Collect$$$$00000000  mc_p.l(entry.o)
    0x080000c0   0x080000c0   0x00000004   Code   RO         3745    .ARM.Collect$$$$00000001  mc_p.l(entry2.o)
    0x080000c4   0x080000c4   0x00000004   Code   RO         3748    .ARM.Collect$$$$00000004  mc_p.l(entry5.o)
    0x080000c8   0x080000c8   0x00000000   Code   RO         3750    .ARM.Collect$$$$00000008  mc_p.l(entry7b.o)
    0x080000c8   0x080000c8   0x00000000   Code   RO         3752    .ARM.Collect$$$$0000000A  mc_p.l(entry8b.o)
    0x080000c8   0x080000c8   0x00000008   Code   RO         3753    .ARM.Collect$$$$0000000B  mc_p.l(entry9a.o)
    0x080000d0   0x080000d0   0x00000000   Code   RO         3755    .ARM.Collect$$$$0000000D  mc_p.l(entry10a.o)
    0x080000d0   0x080000d0   0x00000000   Code   RO         3757    .ARM.Collect$$$$0000000F  mc_p.l(entry11a.o)
    0x080000d0   0x080000d0   0x00000004   Code   RO         3746    .ARM.Collect$$$$00002712  mc_p.l(entry2.o)
    0x080000d4   0x080000d4   0x0000001c   Code   RO            4    .text               startup_stm32l053xx.o
    0x080000f0   0x080000f0   0x0000002c   Code   RO         3739    .text               mc_p.l(uidiv.o)
    0x0800011c   0x0800011c   0x00000060   Code   RO         3741    .text               mc_p.l(uldiv.o)
    0x0800017c   0x0800017c   0x00000020   Code   RO         3759    .text               mc_p.l(llshl.o)
    0x0800019c   0x0800019c   0x00000022   Code   RO         3761    .text               mc_p.l(llushr.o)
    0x080001be   0x080001be   0x00000002   PAD
    0x080001c0   0x080001c0   0x00000024   Code   RO         3763    .text               mc_p.l(init.o)
    0x080001e4   0x080001e4   0x00000030   Code   RO         3531    i.BSP_EPD_Clear     stm32l0538_discovery_epd.o
    0x08000214   0x08000214   0x0000005c   Code   RO         3537    i.BSP_EPD_DrawImage  stm32l0538_discovery_epd.o
    0x08000270   0x08000270   0x0000000c   Code   RO         3542    i.BSP_EPD_GetXSize  stm32l0538_discovery_epd.o
    0x0800027c   0x0800027c   0x0000000c   Code   RO         3543    i.BSP_EPD_GetYSize  stm32l0538_discovery_epd.o
    0x08000288   0x08000288   0x0000002c   Code   RO         3544    i.BSP_EPD_Init      stm32l0538_discovery_epd.o
    0x080002b4   0x080002b4   0x00000038   Code   RO         3545    i.BSP_EPD_RefreshDisplay  stm32l0538_discovery_epd.o
    0x080002ec   0x080002ec   0x00000014   Code   RO         3072    i.DMA1_Channel2_3_IRQHandler  stm32l0xx_it.o
    0x08000300   0x08000300   0x0000001e   Code   RO          242    i.DMA_SetConfig     stm32l0xx_hal_dma.o
    0x0800031e   0x0800031e   0x00000008   Code   RO         3429    i.EPD_Delay         stm32l0538_discovery.o
    0x08000326   0x08000326   0x00000002   PAD
    0x08000328   0x08000328   0x000000d8   Code   RO         3430    i.EPD_IO_Init       stm32l0538_discovery.o
    0x08000400   0x08000400   0x00000038   Code   RO         3432    i.EPD_IO_WriteData  stm32l0538_discovery.o
    0x08000438   0x08000438   0x00000038   Code   RO         3433    i.EPD_IO_WriteReg   stm32l0538_discovery.o
    0x08000470   0x08000470   0x0000000e   Code   RO         3073    i.EXTI0_1_IRQHandler  stm32l0xx_it.o
    0x0800047e   0x0800047e   0x00000002   PAD
    0x08000480   0x08000480   0x00000098   Code   RO          244    i.HAL_DMA_Abort_IT  stm32l0xx_hal_dma.o
    0x08000518   0x08000518   0x00000280   Code   RO          248    i.HAL_DMA_IRQHandler  stm32l0xx_hal_dma.o
    0x08000798   0x08000798   0x00000108   Code   RO          249    i.HAL_DMA_Init      stm32l0xx_hal_dma.o
    0x080008a0   0x080008a0   0x0000004e   Code   RO          252    i.HAL_DMA_Start_IT  stm32l0xx_hal_dma.o
    0x080008ee   0x080008ee   0x00000016   Code   RO         2445    i.HAL_Delay         stm32l0xx_hal.o
    0x08000904   0x08000904   0x000000e4   Code   RO         1173    i.HAL_GPIO_DeInit   stm32l0xx_hal_gpio.o
    0x080009e8   0x080009e8   0x00000002   Code   RO         1174    i.HAL_GPIO_EXTI_Callback  stm32l0xx_hal_gpio.o
    0x080009ea   0x080009ea   0x00000002   PAD
    0x080009ec   0x080009ec   0x00000018   Code   RO         1175    i.HAL_GPIO_EXTI_IRQHandler  stm32l0xx_hal_gpio.o
    0x08000a04   0x08000a04   0x00000178   Code   RO         1176    i.HAL_GPIO_Init     stm32l0xx_hal_gpio.o
    0x08000b7c   0x08000b7c   0x0000000a   Code   RO         1178    i.HAL_GPIO_ReadPin  stm32l0xx_hal_gpio.o
    0x08000b86   0x08000b86   0x0000000c   Code   RO         1180    i.HAL_GPIO_WritePin  stm32l0xx_hal_gpio.o
    0x08000b92   0x08000b92   0x00000002   PAD
    0x08000b94   0x08000b94   0x0000000c   Code   RO         2449    i.HAL_GetTick       stm32l0xx_hal.o
    0x08000ba0   0x08000ba0   0x0000004a   Code   RO         2244    i.HAL_I2CEx_ConfigAnalogFilter  stm32l0xx_hal_i2c_ex.o
    0x08000bea   0x08000bea   0x00000048   Code   RO         2245    i.HAL_I2CEx_ConfigDigitalFilter  stm32l0xx_hal_i2c_ex.o
    0x08000c32   0x08000c32   0x00000002   PAD
    0x08000c34   0x08000c34   0x000000b4   Code   RO         1588    i.HAL_I2C_Init      stm32l0xx_hal_i2c.o
    0x08000ce8   0x08000ce8   0x00000044   Code   RO         3139    i.HAL_I2C_MspInit   i2c.o
    0x08000d2c   0x08000d2c   0x00000010   Code   RO         2450    i.HAL_IncTick       stm32l0xx_hal.o
    0x08000d3c   0x08000d3c   0x00000020   Code   RO         2451    i.HAL_Init          stm32l0xx_hal.o
    0x08000d5c   0x08000d5c   0x00000028   Code   RO         2452    i.HAL_InitTick      stm32l0xx_hal.o
    0x08000d84   0x08000d84   0x00000038   Code   RO         3344    i.HAL_MspInit       stm32l0xx_hal_msp.o
    0x08000dbc   0x08000dbc   0x00000014   Code   RO         2098    i.HAL_NVIC_EnableIRQ  stm32l0xx_hal_cortex.o
    0x08000dd0   0x08000dd0   0x00000008   Code   RO         2102    i.HAL_NVIC_SetPriority  stm32l0xx_hal_cortex.o
    0x08000dd8   0x08000dd8   0x000001a4   Code   RO         2618    i.HAL_RCCEx_GetPeriphCLKFreq  stm32l0xx_hal_rcc_ex.o
    0x08000f7c   0x08000f7c   0x00000198   Code   RO         2621    i.HAL_RCCEx_PeriphCLKConfig  stm32l0xx_hal_rcc_ex.o
    0x08001114   0x08001114   0x00000168   Code   RO          142    i.HAL_RCC_ClockConfig  stm32l0xx_hal_rcc.o
    0x0800127c   0x0800127c   0x0000000c   Code   RO          146    i.HAL_RCC_GetHCLKFreq  stm32l0xx_hal_rcc.o
    0x08001288   0x08001288   0x00000020   Code   RO          148    i.HAL_RCC_GetPCLK1Freq  stm32l0xx_hal_rcc.o
    0x080012a8   0x080012a8   0x00000020   Code   RO          149    i.HAL_RCC_GetPCLK2Freq  stm32l0xx_hal_rcc.o
    0x080012c8   0x080012c8   0x00000078   Code   RO          150    i.HAL_RCC_GetSysClockFreq  stm32l0xx_hal_rcc.o
    0x08001340   0x08001340   0x00000452   Code   RO          153    i.HAL_RCC_OscConfig  stm32l0xx_hal_rcc.o
    0x08001792   0x08001792   0x00000030   Code   RO         2734    i.HAL_SPI_DeInit    stm32l0xx_hal_spi.o
    0x080017c2   0x080017c2   0x00000006   Code   RO         2737    i.HAL_SPI_GetState  stm32l0xx_hal_spi.o
    0x080017c8   0x080017c8   0x00000084   Code   RO         2739    i.HAL_SPI_Init      stm32l0xx_hal_spi.o
    0x0800184c   0x0800184c   0x00000034   Code   RO         3364    i.HAL_SPI_MspDeInit  spi.o
    0x08001880   0x08001880   0x00000058   Code   RO         3365    i.HAL_SPI_MspInit   spi.o
    0x080018d8   0x080018d8   0x00000150   Code   RO         2747    i.HAL_SPI_Transmit  stm32l0xx_hal_spi.o
    0x08001a28   0x08001a28   0x00000018   Code   RO         2104    i.HAL_SYSTICK_CLKSourceConfig  stm32l0xx_hal_cortex.o
    0x08001a40   0x08001a40   0x00000002   Code   RO         2105    i.HAL_SYSTICK_Callback  stm32l0xx_hal_cortex.o
    0x08001a42   0x08001a42   0x00000002   PAD
    0x08001a44   0x08001a44   0x00000030   Code   RO         2106    i.HAL_SYSTICK_Config  stm32l0xx_hal_cortex.o
    0x08001a74   0x08001a74   0x00000008   Code   RO         2107    i.HAL_SYSTICK_IRQHandler  stm32l0xx_hal_cortex.o
    0x08001a7c   0x08001a7c   0x00000048   Code   RO         2294    i.HAL_TIMEx_MasterConfigSynchronization  stm32l0xx_hal_tim_ex.o
    0x08001ac4   0x08001ac4   0x00000034   Code   RO          432    i.HAL_TIM_Base_Init  stm32l0xx_hal_tim.o
    0x08001af8   0x08001af8   0x0000001c   Code   RO         3301    i.HAL_TIM_Base_MspInit  tim.o
    0x08001b14   0x08001b14   0x000000ee   Code   RO          441    i.HAL_TIM_ConfigClockSource  stm32l0xx_hal_tim.o
    0x08001c02   0x08001c02   0x00000002   PAD
    0x08001c04   0x08001c04   0x00000030   Code   RO         3302    i.HAL_TIM_MspPostInit  tim.o
    0x08001c34   0x08001c34   0x00000050   Code   RO          475    i.HAL_TIM_OC_ConfigChannel  stm32l0xx_hal_tim.o
    0x08001c84   0x08001c84   0x00000034   Code   RO          479    i.HAL_TIM_OC_Init   stm32l0xx_hal_tim.o
    0x08001cb8   0x08001cb8   0x00000002   Code   RO          481    i.HAL_TIM_OC_MspInit  stm32l0xx_hal_tim.o
    0x08001cba   0x08001cba   0x000000d0   Code   RO          498    i.HAL_TIM_PWM_ConfigChannel  stm32l0xx_hal_tim.o
    0x08001d8a   0x08001d8a   0x00000034   Code   RO          501    i.HAL_TIM_PWM_Init  stm32l0xx_hal_tim.o
    0x08001dbe   0x08001dbe   0x00000002   Code   RO          503    i.HAL_TIM_PWM_MspInit  stm32l0xx_hal_tim.o
    0x08001dc0   0x08001dc0   0x00000002   Code   RO         1118    i.HAL_UARTEx_WakeupCallback  stm32l0xx_hal_uart_ex.o
    0x08001dc2   0x08001dc2   0x00000002   Code   RO         1257    i.HAL_UART_ErrorCallback  stm32l0xx_hal_uart.o
    0x08001dc4   0x08001dc4   0x00000144   Code   RO         1260    i.HAL_UART_IRQHandler  stm32l0xx_hal_uart.o
    0x08001f08   0x08001f08   0x0000006c   Code   RO         1261    i.HAL_UART_Init     stm32l0xx_hal_uart.o
    0x08001f74   0x08001f74   0x000000a0   Code   RO         3032    i.HAL_UART_MspInit  usart.o
    0x08002014   0x08002014   0x000000a4   Code   RO         1265    i.HAL_UART_Receive_DMA  stm32l0xx_hal_uart.o
    0x080020b8   0x080020b8   0x00000002   Code   RO         3176    i.HAL_UART_RxCpltCallback  main.o
    0x080020ba   0x080020ba   0x00000002   Code   RO         3177    i.HAL_UART_RxHalfCpltCallback  main.o
    0x080020bc   0x080020bc   0x00000002   Code   RO         1272    i.HAL_UART_TxCpltCallback  stm32l0xx_hal_uart.o
    0x080020be   0x080020be   0x00000002   Code   RO         3074    i.HardFault_Handler  stm32l0xx_it.o
    0x080020c0   0x080020c0   0x00000028   Code   RO         3402    i.MX_DMA_Init       dma.o
    0x080020e8   0x080020e8   0x000000b0   Code   RO         2966    i.MX_GPIO_Init      gpio.o
    0x08002198   0x08002198   0x00000074   Code   RO         3140    i.MX_I2C1_Init      i2c.o
    0x0800220c   0x0800220c   0x00000054   Code   RO         3366    i.MX_SPI1_Init      spi.o
    0x08002260   0x08002260   0x000000d4   Code   RO         3303    i.MX_TIM21_Init     tim.o
    0x08002334   0x08002334   0x0000004c   Code   RO         3033    i.MX_USART1_UART_Init  usart.o
    0x08002380   0x08002380   0x00000002   Code   RO         3075    i.NMI_Handler       stm32l0xx_it.o
    0x08002382   0x08002382   0x00000002   PAD
    0x08002384   0x08002384   0x00000044   Code   RO         2108    i.NVIC_SetPriority  stm32l0xx_hal_cortex.o
    0x080023c8   0x080023c8   0x00000002   Code   RO         3076    i.PendSV_Handler    stm32l0xx_it.o
    0x080023ca   0x080023ca   0x00000002   PAD
    0x080023cc   0x080023cc   0x00000070   Code   RO          154    i.RCC_SetFlashLatencyFromMSIRange  stm32l0xx_hal_rcc.o
    0x0800243c   0x0800243c   0x000000b2   Code   RO         2769    i.SPI_WaitOnFlagUntilTimeout  stm32l0xx_hal_spi.o
    0x080024ee   0x080024ee   0x00000002   PAD
    0x080024f0   0x080024f0   0x00000014   Code   RO         3434    i.SPIx_Error        stm32l0538_discovery.o
    0x08002504   0x08002504   0x00000094   Code   RO         3435    i.SPIx_Init         stm32l0538_discovery.o
    0x08002598   0x08002598   0x00000020   Code   RO         3436    i.SPIx_Write        stm32l0538_discovery.o
    0x080025b8   0x080025b8   0x00000002   Code   RO         3077    i.SVC_Handler       stm32l0xx_it.o
    0x080025ba   0x080025ba   0x0000000c   Code   RO         3078    i.SysTick_Handler   stm32l0xx_it.o
    0x080025c6   0x080025c6   0x00000002   PAD
    0x080025c8   0x080025c8   0x000000c0   Code   RO         3178    i.SystemClock_Config  main.o
    0x08002688   0x08002688   0x00000054   Code   RO           13    i.SystemInit        system_stm32l0xx.o
    0x080026dc   0x080026dc   0x00000050   Code   RO          516    i.TIM_Base_SetConfig  stm32l0xx_hal_tim.o
    0x0800272c   0x0800272c   0x00000016   Code   RO          523    i.TIM_ETR_SetConfig  stm32l0xx_hal_tim.o
    0x08002742   0x08002742   0x00000010   Code   RO          524    i.TIM_ITRx_SetConfig  stm32l0xx_hal_tim.o
    0x08002752   0x08002752   0x00000030   Code   RO          525    i.TIM_OC1_SetConfig  stm32l0xx_hal_tim.o
    0x08002782   0x08002782   0x00000032   Code   RO          526    i.TIM_OC2_SetConfig  stm32l0xx_hal_tim.o
    0x080027b4   0x080027b4   0x00000036   Code   RO          527    i.TIM_OC3_SetConfig  stm32l0xx_hal_tim.o
    0x080027ea   0x080027ea   0x00000036   Code   RO          528    i.TIM_OC4_SetConfig  stm32l0xx_hal_tim.o
    0x08002820   0x08002820   0x00000022   Code   RO          530    i.TIM_TI1_ConfigInputStage  stm32l0xx_hal_tim.o
    0x08002842   0x08002842   0x00000026   Code   RO          532    i.TIM_TI2_ConfigInputStage  stm32l0xx_hal_tim.o
    0x08002868   0x08002868   0x000000ca   Code   RO         1274    i.UART_AdvFeatureConfig  stm32l0xx_hal_uart.o
    0x08002932   0x08002932   0x00000002   PAD
    0x08002934   0x08002934   0x00000060   Code   RO         1275    i.UART_CheckIdleState  stm32l0xx_hal_uart.o
    0x08002994   0x08002994   0x00000014   Code   RO         1276    i.UART_DMAAbortOnError  stm32l0xx_hal_uart.o
    0x080029a8   0x080029a8   0x0000004a   Code   RO         1277    i.UART_DMAError     stm32l0xx_hal_uart.o
    0x080029f2   0x080029f2   0x00000040   Code   RO         1278    i.UART_DMAReceiveCplt  stm32l0xx_hal_uart.o
    0x08002a32   0x08002a32   0x0000000a   Code   RO         1280    i.UART_DMARxHalfCplt  stm32l0xx_hal_uart.o
    0x08002a3c   0x08002a3c   0x0000001e   Code   RO         1286    i.UART_EndRxTransfer  stm32l0xx_hal_uart.o
    0x08002a5a   0x08002a5a   0x00000012   Code   RO         1287    i.UART_EndTxTransfer  stm32l0xx_hal_uart.o
    0x08002a6c   0x08002a6c   0x0000007e   Code   RO         1288    i.UART_Receive_IT   stm32l0xx_hal_uart.o
    0x08002aea   0x08002aea   0x00000002   PAD
    0x08002aec   0x08002aec   0x0000021c   Code   RO         1289    i.UART_SetConfig    stm32l0xx_hal_uart.o
    0x08002d08   0x08002d08   0x00000066   Code   RO         1290    i.UART_Transmit_IT  stm32l0xx_hal_uart.o
    0x08002d6e   0x08002d6e   0x00000062   Code   RO         1291    i.UART_WaitOnFlagUntilTimeout  stm32l0xx_hal_uart.o
    0x08002dd0   0x08002dd0   0x00000020   Code   RO         3079    i.USART1_IRQHandler  stm32l0xx_it.o
    0x08002df0   0x08002df0   0x00000004   Code   RO         3179    i._Error_Handler    main.o
    0x08002df4   0x08002df4   0x0000001a   Code   RO         1048    i.__ARM_common_switch8  stm32l0xx_hal_tim.o
    0x08002e0e   0x08002e0e   0x0000000e   Code   RO         3767    i.__scatterload_copy  mc_p.l(handlers.o)
    0x08002e1c   0x08002e1c   0x00000002   Code   RO         3768    i.__scatterload_null  mc_p.l(handlers.o)
    0x08002e1e   0x08002e1e   0x0000000e   Code   RO         3769    i.__scatterload_zeroinit  mc_p.l(handlers.o)
    0x08002e2c   0x08002e2c   0x00000048   Code   RO         3180    i.dmaInterrupt      main.o
    0x08002e74   0x08002e74   0x0000002c   Code   RO         3181    i.done_fn           main.o
    0x08002ea0   0x08002ea0   0x00000024   Code   RO         3182    i.externalInterrupt  main.o
    0x08002ec4   0x08002ec4   0x00000016   Code   RO         3660    i.gde021a1_CloseChargePump  gde021a1.o
    0x08002eda   0x08002eda   0x0000014e   Code   RO         3661    i.gde021a1_DrawImage  gde021a1.o
    0x08003028   0x08003028   0x00000004   Code   RO         3662    i.gde021a1_GetEpdPixelHeight  gde021a1.o
    0x0800302c   0x0800302c   0x00000004   Code   RO         3663    i.gde021a1_GetEpdPixelWidth  gde021a1.o
    0x08003030   0x08003030   0x000000a8   Code   RO         3664    i.gde021a1_Init     gde021a1.o
    0x080030d8   0x080030d8   0x00000016   Code   RO         3666    i.gde021a1_RefreshDisplay  gde021a1.o
    0x080030ee   0x080030ee   0x00000048   Code   RO         3667    i.gde021a1_SetDisplayWindow  gde021a1.o
    0x08003136   0x08003136   0x00000012   Code   RO         3668    i.gde021a1_WritePixel  gde021a1.o
    0x08003148   0x08003148   0x00000014   Code   RO         2968    i.greenOn           gpio.o
    0x0800315c   0x0800315c   0x00000088   Code   RO         3183    i.main              main.o
    0x080031e4   0x080031e4   0x00000010   Code   RO         2970    i.redOff            gpio.o
    0x080031f4   0x080031f4   0x00000010   Code   RO         2972    i.toggleGreen       gpio.o
    0x08003204   0x08003204   0x0000000e   Code   RO         2973    i.toggleRed         gpio.o
    0x08003212   0x08003212   0x00000002   PAD
    0x08003214   0x08003214   0x00000090   Code   RO         3184    i.update            main.o
    0x080032a4   0x080032a4   0x0000003c   Code   RO         3185    i.usartInterrupt    main.o
    0x080032e0   0x080032e0   0x00000030   Code   RO         3186    i.waiting_for_usart_fn  main.o
    0x08003310   0x08003310   0x00000050   Code   RO         3187    i.working_fn        main.o
    0x08003360   0x08003360   0x00000019   Data   RO           14    .constdata          system_stm32l0xx.o
    0x08003379   0x08003379   0x00000008   Data   RO           15    .constdata          system_stm32l0xx.o
    0x08003381   0x08003381   0x00001054   Data   RO         3548    .constdata          stm32l0538_discovery_epd.o
    0x080043d5   0x080043d5   0x000007cb   Data   RO         3549    .constdata          stm32l0538_discovery_epd.o
    0x08004ba0   0x08004ba0   0x0000005a   Data   RO         3670    .constdata          gde021a1.o
    0x08004bfa   0x08004bfa   0x00000002   PAD
    0x08004bfc   0x08004bfc   0x00000020   Data   RO         3765    Region$$Table       anon$$obj.o


    Execution Region RW_IRAM1 (Exec base: 0x20000000, Load base: 0x08004c1c, Size: 0x00000e60, Max: 0x00002000, ABSOLUTE)

    Exec Addr    Load Addr    Size         Type   Attr      Idx    E Section Name        Object

    0x20000000   0x08004c1c   0x00000004   Data   RW           16    .data               system_stm32l0xx.o
    0x20000004   0x08004c20   0x00000004   Data   RW         2461    .data               stm32l0xx_hal.o
    0x20000008   0x08004c24   0x0000002d   Data   RW         3189    .data               main.o
    0x20000035   0x08004c51   0x00000003   PAD
    0x20000038   0x08004c54   0x00000018   Data   RW         3552    .data               stm32l0538_discovery_epd.o
    0x20000050   0x08004c6c   0x00000020   Data   RW         3671    .data               gde021a1.o
    0x20000070        -       0x000000b0   Zero   RW         3034    .bss                usart.o
    0x20000120        -       0x0000004c   Zero   RW         3141    .bss                i2c.o
    0x2000016c        -       0x0000080c   Zero   RW         3188    .bss                main.o
    0x20000978        -       0x00000038   Zero   RW         3304    .bss                tim.o
    0x200009b0        -       0x00000058   Zero   RW         3367    .bss                spi.o
    0x20000a08        -       0x00000058   Zero   RW         3437    .bss                stm32l0538_discovery.o
    0x20000a60        -       0x00000400   Zero   RW            1    STACK               startup_stm32l053xx.o


==============================================================================

Image component sizes


      Code (inc. data)   RO Data    RW Data    ZI Data      Debug   Object Name

        40          4          0          0          0        706   dma.o
       644          4         90         32          0       6463   gde021a1.o
       242         24          0          0          0       2552   gpio.o
       184         40          0          0         76       1497   i2c.o
       820        168          0         45       2060       8243   main.o
       224         50          0          0         88       2005   spi.o
        28          8        192          0       1024        628   startup_stm32l053xx.o
       536         52          0          0         88       5751   stm32l0538_discovery.o
       264         38       6175         24          0       6824   stm32l0538_discovery_epd.o
       122         24          0          4          0       3599   stm32l0xx_hal.o
       178         28          0          0          0      12231   stm32l0xx_hal_cortex.o
      1164         20          0          0          0       4458   stm32l0xx_hal_dma.o
       652         62          0          0          0       4913   stm32l0xx_hal_gpio.o
       180          4          0          0          0       2919   stm32l0xx_hal_i2c.o
       146          0          0          0          0       1887   stm32l0xx_hal_i2c_ex.o
        56          4          0          0          0        458   stm32l0xx_hal_msp.o
      1774        126          0          0          0       6904   stm32l0xx_hal_rcc.o
       828         52          0          0          0       3257   stm32l0xx_hal_rcc_ex.o
       700          0          0          0          0       4574   stm32l0xx_hal_spi.o
      1108         10          0          0          0      12235   stm32l0xx_hal_tim.o
        72          0          0          0          0       1148   stm32l0xx_hal_tim_ex.o
      1980         92          0          0          0      12809   stm32l0xx_hal_uart.o
         2          0          0          0          0        976   stm32l0xx_hal_uart_ex.o
        86         12          0          0          0       3457   stm32l0xx_it.o
        84         18         33          4          0     380515   system_stm32l0xx.o
       288         38          0          0         56       2146   tim.o
       236         56          0          0        176       1645   usart.o

    ----------------------------------------------------------------------
     12666        934       6524        112       3568     494800   Object Totals
         0          0         32          0          0          0   (incl. Generated)
        28          0          2          3          0          0   (incl. Padding)

    ----------------------------------------------------------------------

      Code (inc. data)   RO Data    RW Data    ZI Data      Debug   Library Member Name

         0          0          0          0          0          0   entry.o
         0          0          0          0          0          0   entry10a.o
         0          0          0          0          0          0   entry11a.o
         8          4          0          0          0          0   entry2.o
         4          0          0          0          0          0   entry5.o
         0          0          0          0          0          0   entry7b.o
         0          0          0          0          0          0   entry8b.o
         8          4          0          0          0          0   entry9a.o
        30          0          0          0          0          0   handlers.o
        36          8          0          0          0         68   init.o
        32          0          0          0          0         68   llshl.o
        34          0          0          0          0         68   llushr.o
        44          0          0          0          0         72   uidiv.o
        96          0          0          0          0         84   uldiv.o

    ----------------------------------------------------------------------
       294         16          0          0          0        360   Library Totals
         2          0          0          0          0          0   (incl. Padding)

    ----------------------------------------------------------------------

      Code (inc. data)   RO Data    RW Data    ZI Data      Debug   Library Name

       292         16          0          0          0        360   mc_p.l

    ----------------------------------------------------------------------
       294         16          0          0          0        360   Library Totals

    ----------------------------------------------------------------------

==============================================================================


      Code (inc. data)   RO Data    RW Data    ZI Data      Debug   

     12960        950       6524        112       3568     489504   Grand Totals
     12960        950       6524        112       3568     489504   ELF Image Totals
     12960        950       6524        112          0          0   ROM Totals

==============================================================================

    Total RO  Size (Code + RO Data)                19484 (  19.03kB)
    Total RW  Size (RW Data + ZI Data)              3680 (   3.59kB)
    Total ROM Size (Code + RO Data + RW Data)      19596 (  19.14kB)

==============================================================================

