Component: ARM Compiler 5.06 update 5 (build 528) Tool: armlink [4d35e2]

==============================================================================

Section Cross References

    stm32l0xx_hal_msp.o(i.HAL_MspInit) refers to stm32l0xx_hal_cortex.o(i.HAL_NVIC_SetPriority) for HAL_NVIC_SetPriority
    stm32l0xx_hal_msp.o(i.HAL_UART_MspDeInit) refers to stm32l0xx_hal_gpio.o(i.HAL_GPIO_DeInit) for HAL_GPIO_DeInit
    stm32l0xx_hal_msp.o(i.HAL_UART_MspDeInit) refers to stm32l0xx_hal_dma.o(i.HAL_DMA_DeInit) for HAL_DMA_DeInit
    stm32l0xx_hal_msp.o(i.HAL_UART_MspDeInit) refers to stm32l0xx_hal_cortex.o(i.HAL_NVIC_DisableIRQ) for HAL_NVIC_DisableIRQ
    stm32l0xx_hal_msp.o(i.HAL_UART_MspInit) refers to stm32l0xx_hal_gpio.o(i.HAL_GPIO_Init) for HAL_GPIO_Init
    stm32l0xx_hal_msp.o(i.HAL_UART_MspInit) refers to stm32l0xx_hal_dma.o(i.HAL_DMA_Init) for HAL_DMA_Init
    stm32l0xx_hal_msp.o(i.HAL_UART_MspInit) refers to main.o(i._Error_Handler) for _Error_Handler
    stm32l0xx_hal_msp.o(i.HAL_UART_MspInit) refers to main.o(.bss) for hdma_usart1_rx
    stm32l0xx_hal_timebase_tim.o(i.HAL_InitTick) refers to stm32l0xx_hal_cortex.o(i.HAL_NVIC_SetPriority) for HAL_NVIC_SetPriority
    stm32l0xx_hal_timebase_tim.o(i.HAL_InitTick) refers to stm32l0xx_hal_cortex.o(i.HAL_NVIC_EnableIRQ) for HAL_NVIC_EnableIRQ
    stm32l0xx_hal_timebase_tim.o(i.HAL_InitTick) refers to stm32l0xx_hal_rcc.o(i.HAL_RCC_GetClockConfig) for HAL_RCC_GetClockConfig
    stm32l0xx_hal_timebase_tim.o(i.HAL_InitTick) refers to stm32l0xx_hal_rcc.o(i.HAL_RCC_GetPCLK1Freq) for HAL_RCC_GetPCLK1Freq
    stm32l0xx_hal_timebase_tim.o(i.HAL_InitTick) refers to uidiv.o(.text) for __aeabi_uidivmod
    stm32l0xx_hal_timebase_tim.o(i.HAL_InitTick) refers to stm32l0xx_hal_tim.o(i.HAL_TIM_Base_Init) for HAL_TIM_Base_Init
    stm32l0xx_hal_timebase_tim.o(i.HAL_InitTick) refers to stm32l0xx_hal_tim.o(i.HAL_TIM_Base_Start_IT) for HAL_TIM_Base_Start_IT
    stm32l0xx_hal_timebase_tim.o(i.HAL_InitTick) refers to stm32l0xx_hal_timebase_tim.o(.bss) for htim2
    stm32l0xx_hal_timebase_tim.o(i.HAL_ResumeTick) refers to stm32l0xx_hal_timebase_tim.o(.bss) for htim2
    stm32l0xx_hal_timebase_tim.o(i.HAL_SuspendTick) refers to stm32l0xx_hal_timebase_tim.o(.bss) for htim2
    main.o(i.HAL_TIM_PeriodElapsedCallback) refers to stm32l0xx_hal.o(i.HAL_IncTick) for HAL_IncTick
    main.o(i.HAL_UART_RxCpltCallback) refers to led_stm32l053-discovery.o(i.LED_On) for LED_On
    main.o(i.HAL_UART_RxCpltCallback) refers to memcpya.o(.text) for __aeabi_memcpy
    main.o(i.HAL_UART_RxCpltCallback) refers to main.o(.data) for rxDone
    main.o(i.HAL_UART_RxCpltCallback) refers to main.o(.bss) for picture
    main.o(i.MX_DMA_Init) refers to stm32l0xx_hal_cortex.o(i.HAL_NVIC_SetPriority) for HAL_NVIC_SetPriority
    main.o(i.MX_DMA_Init) refers to stm32l0xx_hal_cortex.o(i.HAL_NVIC_EnableIRQ) for HAL_NVIC_EnableIRQ
    main.o(i.MX_GPIO_Init) refers to stm32l0xx_hal_gpio.o(i.HAL_GPIO_Init) for HAL_GPIO_Init
    main.o(i.MX_NVIC_Init) refers to stm32l0xx_hal_cortex.o(i.HAL_NVIC_SetPriority) for HAL_NVIC_SetPriority
    main.o(i.MX_NVIC_Init) refers to stm32l0xx_hal_cortex.o(i.HAL_NVIC_EnableIRQ) for HAL_NVIC_EnableIRQ
    main.o(i.MX_USART1_UART_Init) refers to stm32l0xx_hal_uart.o(i.HAL_UART_Init) for HAL_UART_Init
    main.o(i.MX_USART1_UART_Init) refers to main.o(i._Error_Handler) for _Error_Handler
    main.o(i.MX_USART1_UART_Init) refers to main.o(.bss) for huart1
    main.o(i.StartDefaultTask) refers to stm32l0xx_hal_uart.o(i.HAL_UART_Receive_DMA) for HAL_UART_Receive_DMA
    main.o(i.StartDefaultTask) refers to led_stm32l053-discovery.o(i.LED_On) for LED_On
    main.o(i.StartDefaultTask) refers to led_stm32l053-discovery.o(i.LED_Off) for LED_Off
    main.o(i.StartDefaultTask) refers to stm32l0538_discovery_epd.o(i.BSP_EPD_RefreshDisplay) for BSP_EPD_RefreshDisplay
    main.o(i.StartDefaultTask) refers to stm32l0538_discovery_epd.o(i.BSP_EPD_DrawImage) for BSP_EPD_DrawImage
    main.o(i.StartDefaultTask) refers to main.o(.bss) for picture
    main.o(i.StartDefaultTask) refers to main.o(.data) for lastIndex
    main.o(i.SystemClock_Config) refers to stm32l0xx_hal_rcc.o(i.HAL_RCC_OscConfig) for HAL_RCC_OscConfig
    main.o(i.SystemClock_Config) refers to main.o(i._Error_Handler) for _Error_Handler
    main.o(i.SystemClock_Config) refers to stm32l0xx_hal_rcc.o(i.HAL_RCC_ClockConfig) for HAL_RCC_ClockConfig
    main.o(i.SystemClock_Config) refers to stm32l0xx_hal_rcc_ex.o(i.HAL_RCCEx_PeriphCLKConfig) for HAL_RCCEx_PeriphCLKConfig
    main.o(i.SystemClock_Config) refers to stm32l0xx_hal_rcc.o(i.HAL_RCC_GetHCLKFreq) for HAL_RCC_GetHCLKFreq
    main.o(i.SystemClock_Config) refers to uidiv.o(.text) for __aeabi_uidivmod
    main.o(i.SystemClock_Config) refers to stm32l0xx_hal_cortex.o(i.HAL_SYSTICK_Config) for HAL_SYSTICK_Config
[...]
    Removing tasks.o(i.vTaskPrioritySet), (228 bytes).
    Removing tasks.o(i.vTaskResume), (116 bytes).
    Removing tasks.o(i.vTaskSetTimeOutState), (32 bytes).
    Removing tasks.o(i.vTaskSuspend), (168 bytes).
    Removing tasks.o(i.xTaskCheckForTimeOut), (116 bytes).
    Removing tasks.o(i.xTaskGenericNotify), (212 bytes).
    Removing tasks.o(i.xTaskGenericNotifyFromISR), (264 bytes).
    Removing tasks.o(i.xTaskGetCurrentTaskHandle), (12 bytes).
    Removing tasks.o(i.xTaskGetTickCount), (12 bytes).
    Removing tasks.o(i.xTaskGetTickCountFromISR), (12 bytes).
    Removing tasks.o(i.xTaskNotifyStateClear), (56 bytes).
    Removing tasks.o(i.xTaskNotifyWait), (144 bytes).
    Removing tasks.o(i.xTaskPriorityDisinherit), (136 bytes).
    Removing tasks.o(i.xTaskRemoveFromEventList), (136 bytes).
    Removing tasks.o(i.xTaskRemoveFromUnorderedEventList), (144 bytes).
    Removing tasks.o(i.xTaskResumeFromISR), (136 bytes).
    Removing queue.o(i.pcQueueGetName), (44 bytes).
    Removing queue.o(i.prvCopyDataFromQueue), (44 bytes).
    Removing queue.o(i.prvCopyDataToQueue), (128 bytes).
    Removing queue.o(i.prvInitialiseMutex), (30 bytes).
    Removing queue.o(i.prvInitialiseNewQueue), (34 bytes).
    Removing queue.o(i.prvIsQueueEmpty), (28 bytes).
    Removing queue.o(i.prvIsQueueFull), (30 bytes).
    Removing queue.o(i.prvUnlockQueue), (142 bytes).
    Removing queue.o(i.uxQueueMessagesWaiting), (28 bytes).
    Removing queue.o(i.uxQueueMessagesWaitingFromISR), (16 bytes).
    Removing queue.o(i.uxQueueSpacesAvailable), (34 bytes).
    Removing queue.o(i.vQueueAddToRegistry), (44 bytes).
    Removing queue.o(i.vQueueDelete), (30 bytes).
    Removing queue.o(i.vQueueUnregisterQueue), (52 bytes).
    Removing queue.o(i.xQueueCreateMutex), (30 bytes).
    Removing queue.o(i.xQueueGenericCreate), (80 bytes).
    Removing queue.o(i.xQueueGenericReceive), (396 bytes).
    Removing queue.o(i.xQueueGenericReset), (130 bytes).
    Removing queue.o(i.xQueueGenericSend), (346 bytes).
    Removing queue.o(i.xQueueGenericSendFromISR), (188 bytes).
    Removing queue.o(i.xQueueGiveFromISR), (170 bytes).
    Removing queue.o(i.xQueueIsQueueEmptyFromISR), (26 bytes).
    Removing queue.o(i.xQueueIsQueueFullFromISR), (28 bytes).
    Removing queue.o(i.xQueuePeekFromISR), (108 bytes).
    Removing queue.o(i.xQueueReceiveFromISR), (158 bytes).
    Removing queue.o(.bss), (64 bytes).
    Removing list.o(i.vListInsert), (54 bytes).
    Removing event_groups.o(i.prvTestWaitCondition), (34 bytes).
    Removing event_groups.o(i.vEventGroupClearBitsCallback), (16 bytes).
    Removing event_groups.o(i.vEventGroupDelete), (68 bytes).
    Removing event_groups.o(i.vEventGroupSetBitsCallback), (16 bytes).
    Removing event_groups.o(i.xEventGroupClearBits), (62 bytes).
    Removing event_groups.o(i.xEventGroupCreate), (28 bytes).
    Removing event_groups.o(i.xEventGroupGetBitsFromISR), (24 bytes).
    Removing event_groups.o(i.xEventGroupSetBits), (200 bytes).
    Removing event_groups.o(i.xEventGroupSync), (234 bytes).
    Removing event_groups.o(i.xEventGroupWaitBits), (288 bytes).
    Removing stm32l0538_discovery_epd.o(.rev16_text), (4 bytes).
    Removing stm32l0538_discovery_epd.o(.revsh_text), (4 bytes).
    Removing stm32l0538_discovery_epd.o(i.BSP_EPD_CloseChargePump), (24 bytes).
    Removing stm32l0538_discovery_epd.o(i.BSP_EPD_DisplayStringAt), (220 bytes).
    Removing stm32l0538_discovery_epd.o(i.BSP_EPD_DisplayStringAtLine), (30 bytes).
    Removing stm32l0538_discovery_epd.o(i.BSP_EPD_DrawHLine), (52 bytes).
    Removing stm32l0538_discovery_epd.o(i.BSP_EPD_DrawRect), (58 bytes).
    Removing stm32l0538_discovery_epd.o(i.BSP_EPD_DrawVLine), (56 bytes).
    Removing stm32l0538_discovery_epd.o(i.BSP_EPD_FillRect), (80 bytes).
    Removing stm32l0538_discovery_epd.o(i.BSP_EPD_GetFont), (12 bytes).
    Removing gde021a1.o(i.gde021a1_ReadReg), (18 bytes).
    Removing gde021a1.o(i.gde021a1_WriteReg), (20 bytes).
    Removing stm32l0538_discovery.o(.rev16_text), (4 bytes).
    Removing stm32l0538_discovery.o(.revsh_text), (4 bytes).
    Removing stm32l0538_discovery.o(i.BSP_GetVersion), (6 bytes).
    Removing stm32l0538_discovery.o(i.BSP_LED_Init), (68 bytes).
    Removing stm32l0538_discovery.o(i.BSP_LED_Off), (32 bytes).
    Removing stm32l0538_discovery.o(i.BSP_LED_On), (32 bytes).
    Removing stm32l0538_discovery.o(i.BSP_LED_Toggle), (32 bytes).
    Removing stm32l0538_discovery.o(i.BSP_PB_GetState), (32 bytes).
    Removing stm32l0538_discovery.o(i.BSP_PB_Init), (120 bytes).
    Removing stm32l0538_discovery.o(i.EPD_IO_ReadData), (36 bytes).
    Removing stm32l0538_discovery.o(i.SPIx_Read), (48 bytes).
    Removing stm32l0538_discovery.o(.constdata), (7 bytes).
    Removing stm32l0538_discovery.o(.data), (12 bytes).
    Removing led_stm32l053-discovery.o(.rev16_text), (4 bytes).
    Removing led_stm32l053-discovery.o(.revsh_text), (4 bytes).
    Removing led_stm32l053-discovery.o(i.LED_GetCount), (4 bytes).
    Removing led_stm32l053-discovery.o(i.LED_SetOut), (42 bytes).
    Removing led_stm32l053-discovery.o(i.LED_Uninitialize), (4 bytes).
    Removing stm32l0xx_hal_tim.o(i.__ARM_common_switch8), (28 bytes).

600 unused section(s) (total 48955 bytes) removed from the image.

==============================================================================

Image Symbol Table

    Local Symbols

    Symbol Name                              Value     Ov Type        Size  Object(Section)

    ../Drivers/STM32L0xx_HAL_Driver/Src/stm32l0xx_hal.c 0x00000000   Number         0  stm32l0xx_hal.o ABSOLUTE
    ../Drivers/STM32L0xx_HAL_Driver/Src/stm32l0xx_hal_cortex.c 0x00000000   Number         0  stm32l0xx_hal_cortex.o ABSOLUTE
    ../Drivers/STM32L0xx_HAL_Driver/Src/stm32l0xx_hal_dma.c 0x00000000   Number         0  stm32l0xx_hal_dma.o ABSOLUTE
    ../Drivers/STM32L0xx_HAL_Driver/Src/stm32l0xx_hal_flash.c 0x00000000   Number         0  stm32l0xx_hal_flash.o ABSOLUTE
    ../Drivers/STM32L0xx_HAL_Driver/Src/stm32l0xx_hal_flash_ex.c 0x00000000   Number         0  stm32l0xx_hal_flash_ex.o ABSOLUTE
    ../Drivers/STM32L0xx_HAL_Driver/Src/stm32l0xx_hal_flash_ramfunc.c 0x00000000   Number         0  stm32l0xx_hal_flash_ramfunc.o ABSOLUTE
    ../Drivers/STM32L0xx_HAL_Driver/Src/stm32l0xx_hal_gpio.c 0x00000000   Number         0  stm32l0xx_hal_gpio.o ABSOLUTE
    ../Drivers/STM32L0xx_HAL_Driver/Src/stm32l0xx_hal_i2c.c 0x00000000   Number         0  stm32l0xx_hal_i2c.o ABSOLUTE
    ../Drivers/STM32L0xx_HAL_Driver/Src/stm32l0xx_hal_i2c_ex.c 0x00000000   Number         0  stm32l0xx_hal_i2c_ex.o ABSOLUTE
    ../Drivers/STM32L0xx_HAL_Driver/Src/stm32l0xx_hal_pwr.c 0x00000000   Number         0  stm32l0xx_hal_pwr.o ABSOLUTE
    ../Drivers/STM32L0xx_HAL_Driver/Src/stm32l0xx_hal_pwr_ex.c 0x00000000   Number         0  stm32l0xx_hal_pwr_ex.o ABSOLUTE
    ../Drivers/STM32L0xx_HAL_Driver/Src/stm32l0xx_hal_rcc.c 0x00000000   Number         0  stm32l0xx_hal_rcc.o ABSOLUTE
    ../Drivers/STM32L0xx_HAL_Driver/Src/stm32l0xx_hal_rcc_ex.c 0x00000000   Number         0  stm32l0xx_hal_rcc_ex.o ABSOLUTE
    ../Drivers/STM32L0xx_HAL_Driver/Src/stm32l0xx_hal_tim.c 0x00000000   Number         0  stm32l0xx_hal_tim.o ABSOLUTE
    ../Drivers/STM32L0xx_HAL_Driver/Src/stm32l0xx_hal_tim_ex.c 0x00000000   Number         0  stm32l0xx_hal_tim_ex.o ABSOLUTE
    ../Drivers/STM32L0xx_HAL_Driver/Src/stm32l0xx_hal_uart.c 0x00000000   Number         0  stm32l0xx_hal_uart.o ABSOLUTE
    ../Drivers/STM32L0xx_HAL_Driver/Src/stm32l0xx_hal_uart_ex.c 0x00000000   Number         0  stm32l0xx_hal_uart_ex.o ABSOLUTE
    ../Middlewares/Third_Party/FreeRTOS/Source/CMSIS_RTOS/cmsis_os.c 0x00000000   Number         0  cmsis_os.o ABSOLUTE
    ../Middlewares/Third_Party/FreeRTOS/Source/croutine.c 0x00000000   Number         0  croutine.o ABSOLUTE
    ../Middlewares/Third_Party/FreeRTOS/Source/event_groups.c 0x00000000   Number         0  event_groups.o ABSOLUTE
    ../Middlewares/Third_Party/FreeRTOS/Source/list.c 0x00000000   Number         0  list.o ABSOLUTE
    ../Middlewares/Third_Party/FreeRTOS/Source/portable/MemMang/heap_4.c 0x00000000   Number         0  heap_4.o ABSOLUTE
    ../Middlewares/Third_Party/FreeRTOS/Source/portable/RVDS/ARM_CM0/port.c 0x00000000   Number         0  port.o ABSOLUTE
    ../Middlewares/Third_Party/FreeRTOS/Source/queue.c 0x00000000   Number         0  queue.o ABSOLUTE
    ../Middlewares/Third_Party/FreeRTOS/Source/tasks.c 0x00000000   Number         0  tasks.o ABSOLUTE
    ../Middlewares/Third_Party/FreeRTOS/Source/timers.c 0x00000000   Number         0  timers.o ABSOLUTE
    ../Src/freertos.c                        0x00000000   Number         0  freertos.o ABSOLUTE
    ../Src/main.c                            0x00000000   Number         0  main.o ABSOLUTE
    ../Src/stm32l0xx_hal_msp.c               0x00000000   Number         0  stm32l0xx_hal_msp.o ABSOLUTE
    ../Src/stm32l0xx_hal_timebase_TIM.c      0x00000000   Number         0  stm32l0xx_hal_timebase_tim.o ABSOLUTE
    ../Src/stm32l0xx_it.c                    0x00000000   Number         0  stm32l0xx_it.o ABSOLUTE
    ../Src/system_stm32l0xx.c                0x00000000   Number         0  system_stm32l0xx.o ABSOLUTE
    ../clib/microlib/division.c              0x00000000   Number         0  uidiv.o ABSOLUTE
    ../clib/microlib/division.c              0x00000000   Number         0  uldiv.o ABSOLUTE
    ../clib/microlib/init/entry.s            0x00000000   Number         0  entry10b.o ABSOLUTE
    ../clib/microlib/init/entry.s            0x00000000   Number         0  entry2.o ABSOLUTE
    ../clib/microlib/init/entry.s            0x00000000   Number         0  entry7a.o ABSOLUTE
    ../clib/microlib/init/entry.s            0x00000000   Number         0  entry5.o ABSOLUTE
    ../clib/microlib/init/entry.s            0x00000000   Number         0  entry7b.o ABSOLUTE
    ../clib/microlib/init/entry.s            0x00000000   Number         0  entry11b.o ABSOLUTE
    ../clib/microlib/init/entry.s            0x00000000   Number         0  entry10a.o ABSOLUTE
    ../clib/microlib/init/entry.s            0x00000000   Number         0  entry8a.o ABSOLUTE
    ../clib/microlib/init/entry.s            0x00000000   Number         0  entry9b.o ABSOLUTE
    ../clib/microlib/init/entry.s            0x00000000   Number         0  entry9a.o ABSOLUTE
    ../clib/microlib/init/entry.s            0x00000000   Number         0  entry11a.o ABSOLUTE
    ../clib/microlib/init/entry.s            0x00000000   Number         0  entry.o ABSOLUTE
    ../clib/microlib/init/entry.s            0x00000000   Number         0  entry8b.o ABSOLUTE
    ../clib/microlib/longlong.c              0x00000000   Number         0  llushr.o ABSOLUTE
    ../clib/microlib/longlong.c              0x00000000   Number         0  llshl.o ABSOLUTE
    ../clib/microlib/string/memcpy.c         0x00000000   Number         0  memcpyb.o ABSOLUTE
    ../clib/microlib/string/memcpy.c         0x00000000   Number         0  memcpya.o ABSOLUTE
    ../clib/microlib/string/memset.c         0x00000000   Number         0  memseta.o ABSOLUTE
    ..\Drivers\BSP\Components\gde021a1\gde021a1.c 0x00000000   Number         0  gde021a1.o ABSOLUTE
    ..\Drivers\BSP\STM32L0538-Discovery\stm32l0538_discovery.c 0x00000000   Number         0  stm32l0538_discovery.o ABSOLUTE
    ..\Drivers\BSP\STM32L0538-Discovery\stm32l0538_discovery_epd.c 0x00000000   Number         0  stm32l0538_discovery_epd.o ABSOLUTE
    ..\Drivers\STM32L0xx_HAL_Driver\Src\stm32l0xx_hal.c 0x00000000   Number         0  stm32l0xx_hal.o ABSOLUTE
    ..\Drivers\STM32L0xx_HAL_Driver\Src\stm32l0xx_hal_cortex.c 0x00000000   Number         0  stm32l0xx_hal_cortex.o ABSOLUTE
    ..\Drivers\STM32L0xx_HAL_Driver\Src\stm32l0xx_hal_dma.c 0x00000000   Number         0  stm32l0xx_hal_dma.o ABSOLUTE
    ..\Drivers\STM32L0xx_HAL_Driver\Src\stm32l0xx_hal_flash.c 0x00000000   Number         0  stm32l0xx_hal_flash.o ABSOLUTE
    ..\Drivers\STM32L0xx_HAL_Driver\Src\stm32l0xx_hal_flash_ex.c 0x00000000   Number         0  stm32l0xx_hal_flash_ex.o ABSOLUTE
    ..\Drivers\STM32L0xx_HAL_Driver\Src\stm32l0xx_hal_flash_ramfunc.c 0x00000000   Number         0  stm32l0xx_hal_flash_ramfunc.o ABSOLUTE
    ..\Drivers\STM32L0xx_HAL_Driver\Src\stm32l0xx_hal_gpio.c 0x00000000   Number         0  stm32l0xx_hal_gpio.o ABSOLUTE
    ..\Drivers\STM32L0xx_HAL_Driver\Src\stm32l0xx_hal_i2c.c 0x00000000   Number         0  stm32l0xx_hal_i2c.o ABSOLUTE
    ..\Drivers\STM32L0xx_HAL_Driver\Src\stm32l0xx_hal_i2c_ex.c 0x00000000   Number         0  stm32l0xx_hal_i2c_ex.o ABSOLUTE
    ..\Drivers\STM32L0xx_HAL_Driver\Src\stm32l0xx_hal_pwr.c 0x00000000   Number         0  stm32l0xx_hal_pwr.o ABSOLUTE
    ..\Drivers\STM32L0xx_HAL_Driver\Src\stm32l0xx_hal_pwr_ex.c 0x00000000   Number         0  stm32l0xx_hal_pwr_ex.o ABSOLUTE
    ..\Drivers\STM32L0xx_HAL_Driver\Src\stm32l0xx_hal_rcc.c 0x00000000   Number         0  stm32l0xx_hal_rcc.o ABSOLUTE
    ..\Drivers\STM32L0xx_HAL_Driver\Src\stm32l0xx_hal_rcc_ex.c 0x00000000   Number         0  stm32l0xx_hal_rcc_ex.o ABSOLUTE
    ..\Drivers\STM32L0xx_HAL_Driver\Src\stm32l0xx_hal_spi.c 0x00000000   Number         0  stm32l0xx_hal_spi.o ABSOLUTE
    ..\Drivers\STM32L0xx_HAL_Driver\Src\stm32l0xx_hal_tim.c 0x00000000   Number         0  stm32l0xx_hal_tim.o ABSOLUTE
    ..\Drivers\STM32L0xx_HAL_Driver\Src\stm32l0xx_hal_tim_ex.c 0x00000000   Number         0  stm32l0xx_hal_tim_ex.o ABSOLUTE
    ..\Drivers\STM32L0xx_HAL_Driver\Src\stm32l0xx_hal_uart.c 0x00000000   Number         0  stm32l0xx_hal_uart.o ABSOLUTE
    ..\Drivers\STM32L0xx_HAL_Driver\Src\stm32l0xx_hal_uart_ex.c 0x00000000   Number         0  stm32l0xx_hal_uart_ex.o ABSOLUTE
    ..\Middlewares\Third_Party\FreeRTOS\Source\CMSIS_RTOS\cmsis_os.c 0x00000000   Number         0  cmsis_os.o ABSOLUTE
    ..\Middlewares\Third_Party\FreeRTOS\Source\portable\RVDS\ARM_CM0\port.c 0x00000000   Number         0  port.o ABSOLUTE
    ..\Src\main.c                            0x00000000   Number         0  main.o ABSOLUTE
    ..\Src\stm32l0xx_hal_msp.c               0x00000000   Number         0  stm32l0xx_hal_msp.o ABSOLUTE
    ..\Src\stm32l0xx_hal_timebase_TIM.c      0x00000000   Number         0  stm32l0xx_hal_timebase_tim.o ABSOLUTE
    ..\Src\stm32l0xx_it.c                    0x00000000   Number         0  stm32l0xx_it.o ABSOLUTE
    ..\Src\system_stm32l0xx.c                0x00000000   Number         0  system_stm32l0xx.o ABSOLUTE
    ..\\Drivers\\BSP\\STM32L0538-Discovery\\stm32l0538_discovery.c 0x00000000   Number         0  stm32l0538_discovery.o ABSOLUTE
    ..\\Drivers\\BSP\\STM32L0538-Discovery\\stm32l0538_discovery_epd.c 0x00000000   Number         0  stm32l0538_discovery_epd.o ABSOLUTE
    ..\\Drivers\\STM32L0xx_HAL_Driver\\Src\\stm32l0xx_hal_spi.c 0x00000000   Number         0  stm32l0xx_hal_spi.o ABSOLUTE
    C:\Keil_v5\ARM\PACK\Keil\STM32L0xx_DFP\1.6.0\Boards\ST\STM32L053-Discovery\Common\LED_STM32L053-Discovery.c 0x00000000   Number         0  led_stm32l053-discovery.o ABSOLUTE
    C:\\Keil_v5\\ARM\\PACK\\Keil\\STM32L0xx_DFP\\1.6.0\\Boards\\ST\\STM32L053-Discovery\\Common\\LED_STM32L053-Discovery.c 0x00000000   Number         0  led_stm32l053-discovery.o ABSOLUTE
    dc.s                                     0x00000000   Number         0  dc.o ABSOLUTE
    handlers.s                               0x00000000   Number         0  handlers.o ABSOLUTE
    init.s                                   0x00000000   Number         0  init.o ABSOLUTE
    startup_stm32l053xx.s                    0x00000000   Number         0  startup_stm32l053xx.o ABSOLUTE
    RESET                                    0x08000000   Section      192  startup_stm32l053xx.o(RESET)
    .ARM.Collect$$$$00000000                 0x080000c0   Section        0  entry.o(.ARM.Collect$$$$00000000)
    .ARM.Collect$$$$00000001                 0x080000c0   Section        4  entry2.o(.ARM.Collect$$$$00000001)
    .ARM.Collect$$$$00000004                 0x080000c4   Section        4  entry5.o(.ARM.Collect$$$$00000004)
    .ARM.Collect$$$$00000008                 0x080000c8   Section        0  entry7b.o(.ARM.Collect$$$$00000008)
    .ARM.Collect$$$$0000000A                 0x080000c8   Section        0  entry8b.o(.ARM.Collect$$$$0000000A)
    .ARM.Collect$$$$0000000B                 0x080000c8   Section        8  entry9a.o(.ARM.Collect$$$$0000000B)
    .ARM.Collect$$$$0000000D                 0x080000d0   Section        0  entry10a.o(.ARM.Collect$$$$0000000D)
    .ARM.Collect$$$$0000000F                 0x080000d0   Section        0  entry11a.o(.ARM.Collect$$$$0000000F)
    .ARM.Collect$$$$00002712                 0x080000d0   Section        4  entry2.o(.ARM.Collect$$$$00002712)
    __lit__00000000                          0x080000d0   Data           4  entry2.o(.ARM.Collect$$$$00002712)
    .emb_text                                0x080000d4   Section      120  port.o(.emb_text)
    .text                                    0x0800014c   Section       28  startup_stm32l053xx.o(.text)
    .text                                    0x08000168   Section        0  uidiv.o(.text)
    .text                                    0x08000194   Section        0  uldiv.o(.text)
    .text                                    0x080001f4   Section        0  memcpya.o(.text)
    .text                                    0x08000218   Section        0  llshl.o(.text)
    .text                                    0x08000238   Section        0  llushr.o(.text)
    .text                                    0x0800025c   Section       36  init.o(.text)
    i.BSP_EPD_Clear                          0x08000280   Section        0  stm32l0538_discovery_epd.o(i.BSP_EPD_Clear)
    i.BSP_EPD_DisplayChar                    0x080002b8   Section        0  stm32l0538_discovery_epd.o(i.BSP_EPD_DisplayChar)
    i.BSP_EPD_DrawImage                      0x080002ec   Section        0  stm32l0538_discovery_epd.o(i.BSP_EPD_DrawImage)
    i.BSP_EPD_GetXSize                       0x08000360   Section        0  stm32l0538_discovery_epd.o(i.BSP_EPD_GetXSize)
    i.BSP_EPD_GetYSize                       0x08000370   Section        0  stm32l0538_discovery_epd.o(i.BSP_EPD_GetYSize)
    i.BSP_EPD_Init                           0x08000380   Section        0  stm32l0538_discovery_epd.o(i.BSP_EPD_Init)
    i.BSP_EPD_RefreshDisplay                 0x080003bc   Section        0  stm32l0538_discovery_epd.o(i.BSP_EPD_RefreshDisplay)
    i.BSP_EPD_SetFont                        0x080003f4   Section        0  stm32l0538_discovery_epd.o(i.BSP_EPD_SetFont)
    i.DMA1_Channel2_3_IRQHandler             0x08000400   Section        0  stm32l0xx_it.o(i.DMA1_Channel2_3_IRQHandler)
    i.DMA_SetConfig                          0x08000414   Section        0  stm32l0xx_hal_dma.o(i.DMA_SetConfig)
    DMA_SetConfig                            0x08000415   Thumb Code    32  stm32l0xx_hal_dma.o(i.DMA_SetConfig)
    i.DrawChar                               0x08000434   Section        0  stm32l0538_discovery_epd.o(i.DrawChar)
    DrawChar                                 0x08000435   Thumb Code    98  stm32l0538_discovery_epd.o(i.DrawChar)
    i.EPD_Delay                              0x080004a0   Section        0  stm32l0538_discovery.o(i.EPD_Delay)
    i.EPD_IO_Init                            0x080004ac   Section        0  stm32l0538_discovery.o(i.EPD_IO_Init)
    i.EPD_IO_WriteData                       0x080005dc   Section        0  stm32l0538_discovery.o(i.EPD_IO_WriteData)
    i.EPD_IO_WriteReg                        0x08000610   Section        0  stm32l0538_discovery.o(i.EPD_IO_WriteReg)
    i.EXTI0_1_IRQHandler                     0x08000648   Section        0  stm32l0xx_it.o(i.EXTI0_1_IRQHandler)
    i.HAL_DMA_Abort_IT                       0x08000658   Section        0  stm32l0xx_hal_dma.o(i.HAL_DMA_Abort_IT)
    i.HAL_DMA_IRQHandler                     0x0800070c   Section        0  stm32l0xx_hal_dma.o(i.HAL_DMA_IRQHandler)
    i.HAL_DMA_Init                           0x08000a28   Section        0  stm32l0xx_hal_dma.o(i.HAL_DMA_Init)
    i.HAL_DMA_Start_IT                       0x08000bb8   Section        0  stm32l0xx_hal_dma.o(i.HAL_DMA_Start_IT)
    i.HAL_Delay                              0x08000c2a   Section        0  stm32l0xx_hal.o(i.HAL_Delay)
    i.HAL_GPIO_EXTI_Callback                 0x08000c44   Section        0  stm32l0xx_hal_gpio.o(i.HAL_GPIO_EXTI_Callback)
    i.HAL_GPIO_EXTI_IRQHandler               0x08000c48   Section        0  stm32l0xx_hal_gpio.o(i.HAL_GPIO_EXTI_IRQHandler)
    i.HAL_GPIO_Init                          0x08000c68   Section        0  stm32l0xx_hal_gpio.o(i.HAL_GPIO_Init)
    i.HAL_GPIO_ReadPin                       0x08000e54   Section        0  stm32l0xx_hal_gpio.o(i.HAL_GPIO_ReadPin)
    i.HAL_GPIO_WritePin                      0x08000e66   Section        0  stm32l0xx_hal_gpio.o(i.HAL_GPIO_WritePin)
    i.HAL_GetTick                            0x08000e74   Section        0  stm32l0xx_hal.o(i.HAL_GetTick)
    i.HAL_IncTick                            0x08000e80   Section        0  stm32l0xx_hal.o(i.HAL_IncTick)
    i.HAL_Init                               0x08000e90   Section        0  stm32l0xx_hal.o(i.HAL_Init)
    i.HAL_InitTick                           0x08000eb0   Section        0  stm32l0xx_hal_timebase_tim.o(i.HAL_InitTick)
    i.HAL_MspInit                            0x08000f2c   Section        0  stm32l0xx_hal_msp.o(i.HAL_MspInit)
    i.HAL_NVIC_EnableIRQ                     0x08000f6c   Section        0  stm32l0xx_hal_cortex.o(i.HAL_NVIC_EnableIRQ)
    i.HAL_NVIC_SetPriority                   0x08000f84   Section        0  stm32l0xx_hal_cortex.o(i.HAL_NVIC_SetPriority)
    i.HAL_RCCEx_GetPeriphCLKFreq             0x08000f98   Section        0  stm32l0xx_hal_rcc_ex.o(i.HAL_RCCEx_GetPeriphCLKFreq)
    i.HAL_RCCEx_PeriphCLKConfig              0x080012d0   Section        0  stm32l0xx_hal_rcc_ex.o(i.HAL_RCCEx_PeriphCLKConfig)
    i.HAL_RCC_ClockConfig                    0x0800155c   Section        0  stm32l0xx_hal_rcc.o(i.HAL_RCC_ClockConfig)
    i.HAL_RCC_GetClockConfig                 0x08001754   Section        0  stm32l0xx_hal_rcc.o(i.HAL_RCC_GetClockConfig)
    i.HAL_RCC_GetHCLKFreq                    0x08001798   Section        0  stm32l0xx_hal_rcc.o(i.HAL_RCC_GetHCLKFreq)
    i.HAL_RCC_GetPCLK1Freq                   0x080017a4   Section        0  stm32l0xx_hal_rcc.o(i.HAL_RCC_GetPCLK1Freq)
    i.HAL_RCC_GetPCLK2Freq                   0x080017c8   Section        0  stm32l0xx_hal_rcc.o(i.HAL_RCC_GetPCLK2Freq)
    i.HAL_RCC_GetSysClockFreq                0x080017ec   Section        0  stm32l0xx_hal_rcc.o(i.HAL_RCC_GetSysClockFreq)
    i.HAL_RCC_OscConfig                      0x080018d0   Section        0  stm32l0xx_hal_rcc.o(i.HAL_RCC_OscConfig)
    i.HAL_SPI_DeInit                         0x08001fa4   Section        0  stm32l0xx_hal_spi.o(i.HAL_SPI_DeInit)
    i.HAL_SPI_GetState                       0x08001fde   Section        0  stm32l0xx_hal_spi.o(i.HAL_SPI_GetState)
    i.HAL_SPI_Init                           0x08001fe6   Section        0  stm32l0xx_hal_spi.o(i.HAL_SPI_Init)
    i.HAL_SPI_MspDeInit                      0x08002074   Section        0  stm32l0xx_hal_spi.o(i.HAL_SPI_MspDeInit)
    i.HAL_SPI_MspInit                        0x08002076   Section        0  stm32l0xx_hal_spi.o(i.HAL_SPI_MspInit)
    i.HAL_SPI_Transmit                       0x08002078   Section        0  stm32l0xx_hal_spi.o(i.HAL_SPI_Transmit)
    i.HAL_SYSTICK_CLKSourceConfig            0x08002254   Section        0  stm32l0xx_hal_cortex.o(i.HAL_SYSTICK_CLKSourceConfig)
    i.HAL_SYSTICK_Config                     0x08002278   Section        0  stm32l0xx_hal_cortex.o(i.HAL_SYSTICK_Config)
    i.HAL_TIM_Base_Init                      0x080022b0   Section        0  stm32l0xx_hal_tim.o(i.HAL_TIM_Base_Init)
    i.HAL_TIM_Base_MspInit                   0x080022e8   Section        0  stm32l0xx_hal_tim.o(i.HAL_TIM_Base_MspInit)
    i.HAL_TIM_Base_Start_IT                  0x080022ea   Section        0  stm32l0xx_hal_tim.o(i.HAL_TIM_Base_Start_IT)
    i.HAL_TIM_IC_CaptureCallback             0x08002308   Section        0  stm32l0xx_hal_tim.o(i.HAL_TIM_IC_CaptureCallback)
    i.HAL_TIM_IRQHandler                     0x0800230a   Section        0  stm32l0xx_hal_tim.o(i.HAL_TIM_IRQHandler)
    i.HAL_TIM_OC_DelayElapsedCallback        0x08002486   Section        0  stm32l0xx_hal_tim.o(i.HAL_TIM_OC_DelayElapsedCallback)
    i.HAL_TIM_PWM_PulseFinishedCallback      0x08002488   Section        0  stm32l0xx_hal_tim.o(i.HAL_TIM_PWM_PulseFinishedCallback)
    i.HAL_TIM_PeriodElapsedCallback          0x0800248a   Section        0  main.o(i.HAL_TIM_PeriodElapsedCallback)
    i.HAL_TIM_TriggerCallback                0x0800249e   Section        0  stm32l0xx_hal_tim.o(i.HAL_TIM_TriggerCallback)
    i.HAL_UARTEx_WakeupCallback              0x080024a0   Section        0  stm32l0xx_hal_uart_ex.o(i.HAL_UARTEx_WakeupCallback)
    i.HAL_UART_ErrorCallback                 0x080024a2   Section        0  stm32l0xx_hal_uart.o(i.HAL_UART_ErrorCallback)
    i.HAL_UART_IRQHandler                    0x080024a4   Section        0  stm32l0xx_hal_uart.o(i.HAL_UART_IRQHandler)
    i.HAL_UART_Init                          0x08002664   Section        0  stm32l0xx_hal_uart.o(i.HAL_UART_Init)
    i.HAL_UART_MspInit                       0x080026e8   Section        0  stm32l0xx_hal_msp.o(i.HAL_UART_MspInit)
    i.HAL_UART_Receive_DMA                   0x08002794   Section        0  stm32l0xx_hal_uart.o(i.HAL_UART_Receive_DMA)
    i.HAL_UART_RxCpltCallback                0x08002860   Section        0  main.o(i.HAL_UART_RxCpltCallback)
    i.HAL_UART_RxHalfCpltCallback            0x0800289c   Section        0  stm32l0xx_hal_uart.o(i.HAL_UART_RxHalfCpltCallback)
    i.HAL_UART_TxCpltCallback                0x0800289e   Section        0  stm32l0xx_hal_uart.o(i.HAL_UART_TxCpltCallback)
    i.LED_Initialize                         0x080028a0   Section        0  led_stm32l053-discovery.o(i.LED_Initialize)
    i.LED_Off                                0x0800296c   Section        0  led_stm32l053-discovery.o(i.LED_Off)
    i.LED_On                                 0x080029ac   Section        0  led_stm32l053-discovery.o(i.LED_On)
    i.MX_DMA_Init                            0x080029e8   Section        0  main.o(i.MX_DMA_Init)
    MX_DMA_Init                              0x080029e9   Thumb Code    48  main.o(i.MX_DMA_Init)
    i.MX_GPIO_Init                           0x08002a1c   Section        0  main.o(i.MX_GPIO_Init)
    MX_GPIO_Init                             0x08002a1d   Thumb Code   114  main.o(i.MX_GPIO_Init)
    i.MX_NVIC_Init                           0x08002a98   Section        0  main.o(i.MX_NVIC_Init)
    MX_NVIC_Init                             0x08002a99   Thumb Code    36  main.o(i.MX_NVIC_Init)
    i.MX_USART1_UART_Init                    0x08002abc   Section        0  main.o(i.MX_USART1_UART_Init)
    MX_USART1_UART_Init                      0x08002abd   Thumb Code    64  main.o(i.MX_USART1_UART_Init)
    i.NVIC_SetPriority                       0x08002b14   Section        0  stm32l0xx_hal_cortex.o(i.NVIC_SetPriority)
    NVIC_SetPriority                         0x08002b15   Thumb Code   110  stm32l0xx_hal_cortex.o(i.NVIC_SetPriority)
    i.RCC_SetFlashLatencyFromMSIRange        0x08002b8c   Section        0  stm32l0xx_hal_rcc.o(i.RCC_SetFlashLatencyFromMSIRange)
    RCC_SetFlashLatencyFromMSIRange          0x08002b8d   Thumb Code   138  stm32l0xx_hal_rcc.o(i.RCC_SetFlashLatencyFromMSIRange)
    i.SPI_WaitOnFlagUntilTimeout             0x08002c24   Section        0  stm32l0xx_hal_spi.o(i.SPI_WaitOnFlagUntilTimeout)
    SPI_WaitOnFlagUntilTimeout               0x08002c25   Thumb Code   280  stm32l0xx_hal_spi.o(i.SPI_WaitOnFlagUntilTimeout)
    i.SPIx_Error                             0x08002d3c   Section        0  stm32l0538_discovery.o(i.SPIx_Error)
    SPIx_Error                               0x08002d3d   Thumb Code    14  stm32l0538_discovery.o(i.SPIx_Error)
    i.SPIx_Init                              0x08002d50   Section        0  stm32l0538_discovery.o(i.SPIx_Init)
    SPIx_Init                                0x08002d51   Thumb Code    80  stm32l0538_discovery.o(i.SPIx_Init)
    i.SPIx_MspInit                           0x08002da8   Section        0  stm32l0538_discovery.o(i.SPIx_MspInit)
    SPIx_MspInit                             0x08002da9   Thumb Code   100  stm32l0538_discovery.o(i.SPIx_MspInit)
    i.SPIx_Write                             0x08002e14   Section        0  stm32l0538_discovery.o(i.SPIx_Write)
    SPIx_Write                               0x08002e15   Thumb Code    30  stm32l0538_discovery.o(i.SPIx_Write)
    i.SVC_Handler                            0x08002e38   Section        0  port.o(i.SVC_Handler)
    i.StartDefaultTask                       0x08002e3c   Section        0  main.o(i.StartDefaultTask)
    i.SysTick_Handler                        0x08002ee0   Section        0  stm32l0xx_it.o(i.SysTick_Handler)
    i.SystemClock_Config                     0x08002ee8   Section        0  main.o(i.SystemClock_Config)
    i.SystemInit                             0x08002fa8   Section        0  system_stm32l0xx.o(i.SystemInit)
    i.TIM2_IRQHandler                        0x08003010   Section        0  stm32l0xx_it.o(i.TIM2_IRQHandler)
    i.TIM_Base_SetConfig                     0x08003020   Section        0  stm32l0xx_hal_tim.o(i.TIM_Base_SetConfig)
    TIM_Base_SetConfig                       0x08003021   Thumb Code   108  stm32l0xx_hal_tim.o(i.TIM_Base_SetConfig)
    i.UART_AdvFeatureConfig                  0x08003094   Section        0  stm32l0xx_hal_uart.o(i.UART_AdvFeatureConfig)
    i.UART_CheckIdleState                    0x08003184   Section        0  stm32l0xx_hal_uart.o(i.UART_CheckIdleState)
    i.UART_DMAAbortOnError                   0x080031f8   Section        0  stm32l0xx_hal_uart.o(i.UART_DMAAbortOnError)
    UART_DMAAbortOnError                     0x080031f9   Thumb Code    24  stm32l0xx_hal_uart.o(i.UART_DMAAbortOnError)
    i.UART_DMAError                          0x08003210   Section        0  stm32l0xx_hal_uart.o(i.UART_DMAError)
    UART_DMAError                            0x08003211   Thumb Code    86  stm32l0xx_hal_uart.o(i.UART_DMAError)
    i.UART_DMAReceiveCplt                    0x08003266   Section        0  stm32l0xx_hal_uart.o(i.UART_DMAReceiveCplt)
    UART_DMAReceiveCplt                      0x08003267   Thumb Code    76  stm32l0xx_hal_uart.o(i.UART_DMAReceiveCplt)
    i.UART_DMARxHalfCplt                     0x080032b2   Section        0  stm32l0xx_hal_uart.o(i.UART_DMARxHalfCplt)
    UART_DMARxHalfCplt                       0x080032b3   Thumb Code    14  stm32l0xx_hal_uart.o(i.UART_DMARxHalfCplt)
    i.UART_EndRxTransfer                     0x080032c0   Section        0  stm32l0xx_hal_uart.o(i.UART_EndRxTransfer)
    UART_EndRxTransfer                       0x080032c1   Thumb Code    34  stm32l0xx_hal_uart.o(i.UART_EndRxTransfer)
    i.UART_EndTransmit_IT                    0x080032e2   Section        0  stm32l0xx_hal_uart.o(i.UART_EndTransmit_IT)
    UART_EndTransmit_IT                      0x080032e3   Thumb Code    32  stm32l0xx_hal_uart.o(i.UART_EndTransmit_IT)
    i.UART_EndTxTransfer                     0x08003302   Section        0  stm32l0xx_hal_uart.o(i.UART_EndTxTransfer)
    UART_EndTxTransfer                       0x08003303   Thumb Code    20  stm32l0xx_hal_uart.o(i.UART_EndTxTransfer)
    i.UART_Receive_IT                        0x08003316   Section        0  stm32l0xx_hal_uart.o(i.UART_Receive_IT)
    UART_Receive_IT                          0x08003317   Thumb Code   144  stm32l0xx_hal_uart.o(i.UART_Receive_IT)
    i.UART_SetConfig                         0x080033a8   Section        0  stm32l0xx_hal_uart.o(i.UART_SetConfig)
    i.UART_Transmit_IT                       0x08003778   Section        0  stm32l0xx_hal_uart.o(i.UART_Transmit_IT)
    UART_Transmit_IT                         0x08003779   Thumb Code   114  stm32l0xx_hal_uart.o(i.UART_Transmit_IT)
    i.UART_WaitOnFlagUntilTimeout            0x080037ea   Section        0  stm32l0xx_hal_uart.o(i.UART_WaitOnFlagUntilTimeout)
    i.USART1_IRQHandler                      0x0800385c   Section        0  stm32l0xx_it.o(i.USART1_IRQHandler)
    i._Error_Handler                         0x0800386c   Section        0  main.o(i._Error_Handler)
    i.__ARM_common_ll_muluu                  0x08003870   Section        0  stm32l0xx_hal_uart.o(i.__ARM_common_ll_muluu)
    i.__scatterload_copy                     0x080038a0   Section       14  handlers.o(i.__scatterload_copy)
    i.__scatterload_null                     0x080038ae   Section        2  handlers.o(i.__scatterload_null)
    i.__scatterload_zeroinit                 0x080038b0   Section       14  handlers.o(i.__scatterload_zeroinit)
    i.gde021a1_CloseChargePump               0x080038be   Section        0  gde021a1.o(i.gde021a1_CloseChargePump)
    i.gde021a1_DrawImage                     0x080038d4   Section        0  gde021a1.o(i.gde021a1_DrawImage)
    i.gde021a1_GetEpdPixelHeight             0x08003adc   Section        0  gde021a1.o(i.gde021a1_GetEpdPixelHeight)
    i.gde021a1_GetEpdPixelWidth              0x08003ae0   Section        0  gde021a1.o(i.gde021a1_GetEpdPixelWidth)
    i.gde021a1_Init                          0x08003ae4   Section        0  gde021a1.o(i.gde021a1_Init)
    i.gde021a1_RefreshDisplay                0x08003b90   Section        0  gde021a1.o(i.gde021a1_RefreshDisplay)
    i.gde021a1_SetDisplayWindow              0x08003ba6   Section        0  gde021a1.o(i.gde021a1_SetDisplayWindow)
    i.gde021a1_WritePixel                    0x08003bee   Section        0  gde021a1.o(i.gde021a1_WritePixel)
    i.main                                   0x08003c00   Section        0  main.o(i.main)
    i.makeFreeRtosPriority                   0x08003c5c   Section        0  cmsis_os.o(i.makeFreeRtosPriority)
    makeFreeRtosPriority                     0x08003c5d   Thumb Code    14  cmsis_os.o(i.makeFreeRtosPriority)
    i.osKernelStart                          0x08003c6a   Section        0  cmsis_os.o(i.osKernelStart)
    i.osSystickHandler                       0x08003c74   Section        0  cmsis_os.o(i.osSystickHandler)
    i.osThreadCreate                         0x08003c84   Section        0  cmsis_os.o(i.osThreadCreate)
    i.prvAddNewTaskToReadyList               0x08003cb4   Section        0  tasks.o(i.prvAddNewTaskToReadyList)
    prvAddNewTaskToReadyList                 0x08003cb5   Thumb Code   140  tasks.o(i.prvAddNewTaskToReadyList)
    i.prvCheckTasksWaitingTermination        0x08003d58   Section        0  tasks.o(i.prvCheckTasksWaitingTermination)
    prvCheckTasksWaitingTermination          0x08003d59   Thumb Code    90  tasks.o(i.prvCheckTasksWaitingTermination)
    i.prvDeleteTCB                           0x08003dc0   Section        0  tasks.o(i.prvDeleteTCB)
    prvDeleteTCB                             0x08003dc1   Thumb Code    18  tasks.o(i.prvDeleteTCB)
    i.prvHeapInit                            0x08003dd4   Section        0  heap_4.o(i.prvHeapInit)
    prvHeapInit                              0x08003dd5   Thumb Code   100  heap_4.o(i.prvHeapInit)
    i.prvIdleTask                            0x08003e50   Section        0  tasks.o(i.prvIdleTask)
    prvIdleTask                              0x08003e51   Thumb Code    20  tasks.o(i.prvIdleTask)
    i.prvInitialiseNewTask                   0x08003e68   Section        0  tasks.o(i.prvInitialiseNewTask)
    prvInitialiseNewTask                     0x08003e69   Thumb Code   164  tasks.o(i.prvInitialiseNewTask)
    i.prvInitialiseTaskLists                 0x08003f0c   Section        0  tasks.o(i.prvInitialiseTaskLists)
    prvInitialiseTaskLists                   0x08003f0d   Thumb Code    68  tasks.o(i.prvInitialiseTaskLists)
    i.prvInsertBlockIntoFreeList             0x08003f70   Section        0  heap_4.o(i.prvInsertBlockIntoFreeList)
    prvInsertBlockIntoFreeList               0x08003f71   Thumb Code    96  heap_4.o(i.prvInsertBlockIntoFreeList)
    i.prvResetNextTaskUnblockTime            0x08003fd8   Section        0  tasks.o(i.prvResetNextTaskUnblockTime)
    prvResetNextTaskUnblockTime              0x08003fd9   Thumb Code    46  tasks.o(i.prvResetNextTaskUnblockTime)
    i.prvTaskExitError                       0x08004010   Section        0  port.o(i.prvTaskExitError)
    prvTaskExitError                         0x08004011   Thumb Code    32  port.o(i.prvTaskExitError)
    i.pvPortMalloc                           0x08004034   Section        0  heap_4.o(i.pvPortMalloc)
    i.pxPortInitialiseStack                  0x08004150   Section        0  port.o(i.pxPortInitialiseStack)
    i.usartDmaIsr                            0x08004170   Section        0  main.o(i.usartDmaIsr)
    i.userButtonIsr                          0x08004174   Section        0  main.o(i.userButtonIsr)
    i.uxListRemove                           0x0800419c   Section        0  list.o(i.uxListRemove)
    i.vListInitialise                        0x080041c4   Section        0  list.o(i.vListInitialise)
    i.vListInitialiseItem                    0x080041de   Section        0  list.o(i.vListInitialiseItem)
    i.vListInsertEnd                         0x080041e4   Section        0  list.o(i.vListInsertEnd)
    i.vPortEnterCritical                     0x080041fc   Section        0  port.o(i.vPortEnterCritical)
    i.vPortExitCritical                      0x08004218   Section        0  port.o(i.vPortExitCritical)
    i.vPortFree                              0x08004240   Section        0  heap_4.o(i.vPortFree)
    i.vPortSetupTimerInterrupt               0x080042c0   Section        0  port.o(i.vPortSetupTimerInterrupt)
    i.vPortYield                             0x080042e4   Section        0  port.o(i.vPortYield)
    i.vTaskStartScheduler                    0x080042fc   Section        0  tasks.o(i.vTaskStartScheduler)
    i.vTaskSuspendAll                        0x08004368   Section        0  tasks.o(i.vTaskSuspendAll)
    i.vTaskSwitchContext                     0x08004378   Section        0  tasks.o(i.vTaskSwitchContext)
    i.xPortStartScheduler                    0x080043f8   Section        0  port.o(i.xPortStartScheduler)
    i.xPortSysTickHandler                    0x08004430   Section        0  port.o(i.xPortSysTickHandler)
    i.xTaskCreate                            0x08004454   Section        0  tasks.o(i.xTaskCreate)
    i.xTaskGetSchedulerState                 0x080044b0   Section        0  tasks.o(i.xTaskGetSchedulerState)
    i.xTaskIncrementTick                     0x080044d4   Section        0  tasks.o(i.xTaskIncrementTick)
    i.xTaskResumeAll                         0x08004610   Section        0  tasks.o(i.xTaskResumeAll)
    .constdata                               0x08004700   Section       20  main.o(.constdata)
    .constdata                               0x08004714   Section       33  system_stm32l0xx.o(.constdata)
    .constdata                               0x08004735   Section    13775  stm32l0538_discovery_epd.o(.constdata)
    .constdata                               0x08007d04   Section       90  gde021a1.o(.constdata)
    .constdata                               0x08007d60   Section        8  led_stm32l053-discovery.o(.constdata)
    .conststring                             0x08007d68   Section       12  main.o(.conststring)
    .data                                    0x20000000   Section       22  main.o(.data)
    .data                                    0x20000018   Section        4  stm32l0xx_hal.o(.data)
    .data                                    0x2000001c   Section        4  system_stm32l0xx.o(.data)
    .data                                    0x20000020   Section       24  heap_4.o(.data)
    xStart                                   0x20000020   Data           8  heap_4.o(.data)
    pxEnd                                    0x20000028   Data           4  heap_4.o(.data)
    xFreeBytesRemaining                      0x2000002c   Data           4  heap_4.o(.data)
    xMinimumEverFreeBytesRemaining           0x20000030   Data           4  heap_4.o(.data)
    xBlockAllocatedBit                       0x20000034   Data           4  heap_4.o(.data)
    .data                                    0x20000038   Section        4  port.o(.data)
    uxCriticalNesting                        0x20000038   Data           4  port.o(.data)
    .data                                    0x2000003c   Section       60  tasks.o(.data)
    pxDelayedTaskList                        0x20000040   Data           4  tasks.o(.data)
    pxOverflowDelayedTaskList                0x20000044   Data           4  tasks.o(.data)
    uxDeletedTasksWaitingCleanUp             0x20000048   Data           4  tasks.o(.data)
    uxCurrentNumberOfTasks                   0x2000004c   Data           4  tasks.o(.data)
    xTickCount                               0x20000050   Data           4  tasks.o(.data)
    uxTopReadyPriority                       0x20000054   Data           4  tasks.o(.data)
    xSchedulerRunning                        0x20000058   Data           4  tasks.o(.data)
    uxPendedTicks                            0x2000005c   Data           4  tasks.o(.data)
    xYieldPending                            0x20000060   Data           4  tasks.o(.data)
    xNumOfOverflows                          0x20000064   Data           4  tasks.o(.data)
    uxTaskNumber                             0x20000068   Data           4  tasks.o(.data)
    xNextTaskUnblockTime                     0x2000006c   Data           4  tasks.o(.data)
    xIdleTaskHandle                          0x20000070   Data           4  tasks.o(.data)
    uxSchedulerSuspended                     0x20000074   Data           4  tasks.o(.data)
    .data                                    0x20000078   Section       40  stm32l0538_discovery_epd.o(.data)
    pFont                                    0x20000098   Data           4  stm32l0538_discovery_epd.o(.data)
    epd_drv                                  0x2000009c   Data           4  stm32l0538_discovery_epd.o(.data)
    .data                                    0x200000a0   Section       32  gde021a1.o(.data)
    .bss                                     0x200000c0   Section       56  stm32l0xx_hal_timebase_tim.o(.bss)
    .bss                                     0x200000f8   Section     1724  main.o(.bss)
    .bss                                     0x200007b4   Section     3072  heap_4.o(.bss)
    ucHeap                                   0x200007b4   Data        3072  heap_4.o(.bss)
    .bss                                     0x200013b4   Section      240  tasks.o(.bss)
    pxReadyTasksLists                        0x200013b4   Data         140  tasks.o(.bss)
    xDelayedTaskList1                        0x20001440   Data          20  tasks.o(.bss)
    xDelayedTaskList2                        0x20001454   Data          20  tasks.o(.bss)
    xPendingReadyList                        0x20001468   Data          20  tasks.o(.bss)
    xTasksWaitingTermination                 0x2000147c   Data          20  tasks.o(.bss)
    xSuspendedTaskList                       0x20001490   Data          20  tasks.o(.bss)
    .bss                                     0x200014a4   Section       88  stm32l0538_discovery.o(.bss)
    SpiHandle                                0x200014a4   Data          88  stm32l0538_discovery.o(.bss)
    STACK                                    0x20001500   Section     1024  startup_stm32l053xx.o(STACK)

    Global Symbols

    Symbol Name                              Value     Ov Type        Size  Object(Section)

    BuildAttributes$$THM_ISAv3M$S$PE$A:L22$X:L11$S22$IEEE1$IW$USESV6$~STKCKD$USESV7$~SHL$OSPACE$EBA8$MICROLIB$REQ8$PRES8$EABIv2 0x00000000   Number         0  anon$$obj.o ABSOLUTE
    __ARM_use_no_argv                        0x00000000   Number         0  main.o ABSOLUTE
    __cpp_initialize__aeabi_                  - Undefined Weak Reference
    __cxa_finalize                            - Undefined Weak Reference
    __decompress                              - Undefined Weak Reference
    _clock_init                               - Undefined Weak Reference
    _microlib_exit                            - Undefined Weak Reference
    __Vectors_Size                           0x000000c0   Number         0  startup_stm32l053xx.o ABSOLUTE
    __Vectors                                0x08000000   Data           4  startup_stm32l053xx.o(RESET)
    __Vectors_End                            0x080000c0   Data           0  startup_stm32l053xx.o(RESET)
    __main                                   0x080000c1   Thumb Code     0  entry.o(.ARM.Collect$$$$00000000)
    _main_stk                                0x080000c1   Thumb Code     0  entry2.o(.ARM.Collect$$$$00000001)
    _main_scatterload                        0x080000c5   Thumb Code     0  entry5.o(.ARM.Collect$$$$00000004)
    __main_after_scatterload                 0x080000c9   Thumb Code     0  entry5.o(.ARM.Collect$$$$00000004)
    _main_clock                              0x080000c9   Thumb Code     0  entry7b.o(.ARM.Collect$$$$00000008)
    _main_cpp_init                           0x080000c9   Thumb Code     0  entry8b.o(.ARM.Collect$$$$0000000A)
    _main_init                               0x080000c9   Thumb Code     0  entry9a.o(.ARM.Collect$$$$0000000B)
    __rt_final_cpp                           0x080000d1   Thumb Code     0  entry10a.o(.ARM.Collect$$$$0000000D)
    __rt_final_exit                          0x080000d1   Thumb Code     0  entry11a.o(.ARM.Collect$$$$0000000F)
    __asm___6_port_c_39a90d8d__prvPortStartFirstTask 0x080000d5   Thumb Code    36  port.o(.emb_text)
    ulSetInterruptMaskFromISR                0x080000fd   Thumb Code     8  port.o(.emb_text)
    vClearInterruptMaskFromISR               0x08000105   Thumb Code     6  port.o(.emb_text)
    PendSV_Handler                           0x0800010b   Thumb Code    62  port.o(.emb_text)
    Reset_Handler                            0x0800014d   Thumb Code     8  startup_stm32l053xx.o(.text)
    NMI_Handler                              0x08000155   Thumb Code     2  startup_stm32l053xx.o(.text)
    HardFault_Handler                        0x08000157   Thumb Code     2  startup_stm32l053xx.o(.text)
    ADC1_COMP_IRQHandler                     0x0800015f   Thumb Code     0  startup_stm32l053xx.o(.text)
    DMA1_Channel1_IRQHandler                 0x0800015f   Thumb Code     0  startup_stm32l053xx.o(.text)
    DMA1_Channel4_5_6_7_IRQHandler           0x0800015f   Thumb Code     0  startup_stm32l053xx.o(.text)
    EXTI2_3_IRQHandler                       0x0800015f   Thumb Code     0  startup_stm32l053xx.o(.text)
    EXTI4_15_IRQHandler                      0x0800015f   Thumb Code     0  startup_stm32l053xx.o(.text)
    FLASH_IRQHandler                         0x0800015f   Thumb Code     0  startup_stm32l053xx.o(.text)
    I2C1_IRQHandler                          0x0800015f   Thumb Code     0  startup_stm32l053xx.o(.text)
    I2C2_IRQHandler                          0x0800015f   Thumb Code     0  startup_stm32l053xx.o(.text)
    LCD_IRQHandler                           0x0800015f   Thumb Code     0  startup_stm32l053xx.o(.text)
    LPTIM1_IRQHandler                        0x0800015f   Thumb Code     0  startup_stm32l053xx.o(.text)
    PVD_IRQHandler                           0x0800015f   Thumb Code     0  startup_stm32l053xx.o(.text)
    RCC_CRS_IRQHandler                       0x0800015f   Thumb Code     0  startup_stm32l053xx.o(.text)
    RNG_LPUART1_IRQHandler                   0x0800015f   Thumb Code     0  startup_stm32l053xx.o(.text)
    RTC_IRQHandler                           0x0800015f   Thumb Code     0  startup_stm32l053xx.o(.text)
    SPI1_IRQHandler                          0x0800015f   Thumb Code     0  startup_stm32l053xx.o(.text)
    SPI2_IRQHandler                          0x0800015f   Thumb Code     0  startup_stm32l053xx.o(.text)
    TIM21_IRQHandler                         0x0800015f   Thumb Code     0  startup_stm32l053xx.o(.text)
    TIM22_IRQHandler                         0x0800015f   Thumb Code     0  startup_stm32l053xx.o(.text)
    TIM6_DAC_IRQHandler                      0x0800015f   Thumb Code     0  startup_stm32l053xx.o(.text)
    TSC_IRQHandler                           0x0800015f   Thumb Code     0  startup_stm32l053xx.o(.text)
    USART2_IRQHandler                        0x0800015f   Thumb Code     0  startup_stm32l053xx.o(.text)
    USB_IRQHandler                           0x0800015f   Thumb Code     0  startup_stm32l053xx.o(.text)
    WWDG_IRQHandler                          0x0800015f   Thumb Code     0  startup_stm32l053xx.o(.text)
    __aeabi_uidiv                            0x08000169   Thumb Code     0  uidiv.o(.text)
    __aeabi_uidivmod                         0x08000169   Thumb Code    44  uidiv.o(.text)
    __aeabi_uldivmod                         0x08000195   Thumb Code    96  uldiv.o(.text)
    __aeabi_memcpy                           0x080001f5   Thumb Code    36  memcpya.o(.text)
    __aeabi_memcpy4                          0x080001f5   Thumb Code     0  memcpya.o(.text)
    __aeabi_memcpy8                          0x080001f5   Thumb Code     0  memcpya.o(.text)
    __aeabi_llsl                             0x08000219   Thumb Code    32  llshl.o(.text)
    _ll_shift_l                              0x08000219   Thumb Code     0  llshl.o(.text)
    __aeabi_llsr                             0x08000239   Thumb Code    34  llushr.o(.text)
    _ll_ushift_r                             0x08000239   Thumb Code     0  llushr.o(.text)
    __scatterload                            0x0800025d   Thumb Code    28  init.o(.text)
    __scatterload_rt2                        0x0800025d   Thumb Code     0  init.o(.text)
    BSP_EPD_Clear                            0x08000281   Thumb Code    46  stm32l0538_discovery_epd.o(i.BSP_EPD_Clear)
    BSP_EPD_DisplayChar                      0x080002b9   Thumb Code    48  stm32l0538_discovery_epd.o(i.BSP_EPD_DisplayChar)
    BSP_EPD_DrawImage                        0x080002ed   Thumb Code   110  stm32l0538_discovery_epd.o(i.BSP_EPD_DrawImage)
    BSP_EPD_GetXSize                         0x08000361   Thumb Code    12  stm32l0538_discovery_epd.o(i.BSP_EPD_GetXSize)
    BSP_EPD_GetYSize                         0x08000371   Thumb Code    12  stm32l0538_discovery_epd.o(i.BSP_EPD_GetYSize)
    BSP_EPD_Init                             0x08000381   Thumb Code    40  stm32l0538_discovery_epd.o(i.BSP_EPD_Init)
    BSP_EPD_RefreshDisplay                   0x080003bd   Thumb Code    46  stm32l0538_discovery_epd.o(i.BSP_EPD_RefreshDisplay)
    BSP_EPD_SetFont                          0x080003f5   Thumb Code     6  stm32l0538_discovery_epd.o(i.BSP_EPD_SetFont)
    DMA1_Channel2_3_IRQHandler               0x08000401   Thumb Code    14  stm32l0xx_it.o(i.DMA1_Channel2_3_IRQHandler)
    EPD_Delay                                0x080004a1   Thumb Code    12  stm32l0538_discovery.o(i.EPD_Delay)
    EPD_IO_Init                              0x080004ad   Thumb Code   294  stm32l0538_discovery.o(i.EPD_IO_Init)
    EPD_IO_WriteData                         0x080005dd   Thumb Code    48  stm32l0538_discovery.o(i.EPD_IO_WriteData)
    EPD_IO_WriteReg                          0x08000611   Thumb Code    50  stm32l0538_discovery.o(i.EPD_IO_WriteReg)
    EXTI0_1_IRQHandler                       0x08000649   Thumb Code    14  stm32l0xx_it.o(i.EXTI0_1_IRQHandler)
    HAL_DMA_Abort_IT                         0x08000659   Thumb Code   174  stm32l0xx_hal_dma.o(i.HAL_DMA_Abort_IT)
    HAL_DMA_IRQHandler                       0x0800070d   Thumb Code   792  stm32l0xx_hal_dma.o(i.HAL_DMA_IRQHandler)
    HAL_DMA_Init                             0x08000a29   Thumb Code   390  stm32l0xx_hal_dma.o(i.HAL_DMA_Init)
    HAL_DMA_Start_IT                         0x08000bb9   Thumb Code   114  stm32l0xx_hal_dma.o(i.HAL_DMA_Start_IT)
    HAL_Delay                                0x08000c2b   Thumb Code    26  stm32l0xx_hal.o(i.HAL_Delay)
    HAL_GPIO_EXTI_Callback                   0x08000c45   Thumb Code     2  stm32l0xx_hal_gpio.o(i.HAL_GPIO_EXTI_Callback)
    HAL_GPIO_EXTI_IRQHandler                 0x08000c49   Thumb Code    26  stm32l0xx_hal_gpio.o(i.HAL_GPIO_EXTI_IRQHandler)
    HAL_GPIO_Init                            0x08000c69   Thumb Code   462  stm32l0xx_hal_gpio.o(i.HAL_GPIO_Init)
    HAL_GPIO_ReadPin                         0x08000e55   Thumb Code    18  stm32l0xx_hal_gpio.o(i.HAL_GPIO_ReadPin)
    HAL_GPIO_WritePin                        0x08000e67   Thumb Code    12  stm32l0xx_hal_gpio.o(i.HAL_GPIO_WritePin)
    HAL_GetTick                              0x08000e75   Thumb Code     6  stm32l0xx_hal.o(i.HAL_GetTick)
    HAL_IncTick                              0x08000e81   Thumb Code    12  stm32l0xx_hal.o(i.HAL_IncTick)
    HAL_Init                                 0x08000e91   Thumb Code    28  stm32l0xx_hal.o(i.HAL_Init)
    HAL_InitTick                             0x08000eb1   Thumb Code   106  stm32l0xx_hal_timebase_tim.o(i.HAL_InitTick)
    HAL_MspInit                              0x08000f2d   Thumb Code    58  stm32l0xx_hal_msp.o(i.HAL_MspInit)
    HAL_NVIC_EnableIRQ                       0x08000f6d   Thumb Code    18  stm32l0xx_hal_cortex.o(i.HAL_NVIC_EnableIRQ)
    HAL_NVIC_SetPriority                     0x08000f85   Thumb Code    18  stm32l0xx_hal_cortex.o(i.HAL_NVIC_SetPriority)
    HAL_RCCEx_GetPeriphCLKFreq               0x08000f99   Thumb Code   782  stm32l0xx_hal_rcc_ex.o(i.HAL_RCCEx_GetPeriphCLKFreq)
    HAL_RCCEx_PeriphCLKConfig                0x080012d1   Thumb Code   638  stm32l0xx_hal_rcc_ex.o(i.HAL_RCCEx_PeriphCLKConfig)
    HAL_RCC_ClockConfig                      0x0800155d   Thumb Code   482  stm32l0xx_hal_rcc.o(i.HAL_RCC_ClockConfig)
    HAL_RCC_GetClockConfig                   0x08001755   Thumb Code    60  stm32l0xx_hal_rcc.o(i.HAL_RCC_GetClockConfig)
    HAL_RCC_GetHCLKFreq                      0x08001799   Thumb Code     6  stm32l0xx_hal_rcc.o(i.HAL_RCC_GetHCLKFreq)
    HAL_RCC_GetPCLK1Freq                     0x080017a5   Thumb Code    26  stm32l0xx_hal_rcc.o(i.HAL_RCC_GetPCLK1Freq)
    HAL_RCC_GetPCLK2Freq                     0x080017c9   Thumb Code    26  stm32l0xx_hal_rcc.o(i.HAL_RCC_GetPCLK2Freq)
    HAL_RCC_GetSysClockFreq                  0x080017ed   Thumb Code   206  stm32l0xx_hal_rcc.o(i.HAL_RCC_GetSysClockFreq)
    HAL_RCC_OscConfig                        0x080018d1   Thumb Code  1732  stm32l0xx_hal_rcc.o(i.HAL_RCC_OscConfig)
    HAL_SPI_DeInit                           0x08001fa5   Thumb Code    58  stm32l0xx_hal_spi.o(i.HAL_SPI_DeInit)
    HAL_SPI_GetState                         0x08001fdf   Thumb Code     8  stm32l0xx_hal_spi.o(i.HAL_SPI_GetState)
    HAL_SPI_Init                             0x08001fe7   Thumb Code   142  stm32l0xx_hal_spi.o(i.HAL_SPI_Init)
    HAL_SPI_MspDeInit                        0x08002075   Thumb Code     2  stm32l0xx_hal_spi.o(i.HAL_SPI_MspDeInit)
    HAL_SPI_MspInit                          0x08002077   Thumb Code     2  stm32l0xx_hal_spi.o(i.HAL_SPI_MspInit)
    HAL_SPI_Transmit                         0x08002079   Thumb Code   474  stm32l0xx_hal_spi.o(i.HAL_SPI_Transmit)
    HAL_SYSTICK_CLKSourceConfig              0x08002255   Thumb Code    32  stm32l0xx_hal_cortex.o(i.HAL_SYSTICK_CLKSourceConfig)
    HAL_SYSTICK_Config                       0x08002279   Thumb Code    46  stm32l0xx_hal_cortex.o(i.HAL_SYSTICK_Config)
    HAL_TIM_Base_Init                        0x080022b1   Thumb Code    56  stm32l0xx_hal_tim.o(i.HAL_TIM_Base_Init)
    HAL_TIM_Base_MspInit                     0x080022e9   Thumb Code     2  stm32l0xx_hal_tim.o(i.HAL_TIM_Base_MspInit)
    HAL_TIM_Base_Start_IT                    0x080022eb   Thumb Code    30  stm32l0xx_hal_tim.o(i.HAL_TIM_Base_Start_IT)
    HAL_TIM_IC_CaptureCallback               0x08002309   Thumb Code     2  stm32l0xx_hal_tim.o(i.HAL_TIM_IC_CaptureCallback)
    HAL_TIM_IRQHandler                       0x0800230b   Thumb Code   380  stm32l0xx_hal_tim.o(i.HAL_TIM_IRQHandler)
    HAL_TIM_OC_DelayElapsedCallback          0x08002487   Thumb Code     2  stm32l0xx_hal_tim.o(i.HAL_TIM_OC_DelayElapsedCallback)
    HAL_TIM_PWM_PulseFinishedCallback        0x08002489   Thumb Code     2  stm32l0xx_hal_tim.o(i.HAL_TIM_PWM_PulseFinishedCallback)
    HAL_TIM_PeriodElapsedCallback            0x0800248b   Thumb Code    20  main.o(i.HAL_TIM_PeriodElapsedCallback)
    HAL_TIM_TriggerCallback                  0x0800249f   Thumb Code     2  stm32l0xx_hal_tim.o(i.HAL_TIM_TriggerCallback)
    HAL_UARTEx_WakeupCallback                0x080024a1   Thumb Code     2  stm32l0xx_hal_uart_ex.o(i.HAL_UARTEx_WakeupCallback)
    HAL_UART_ErrorCallback                   0x080024a3   Thumb Code     2  stm32l0xx_hal_uart.o(i.HAL_UART_ErrorCallback)
    HAL_UART_IRQHandler                      0x080024a5   Thumb Code   444  stm32l0xx_hal_uart.o(i.HAL_UART_IRQHandler)
    HAL_UART_Init                            0x08002665   Thumb Code   130  stm32l0xx_hal_uart.o(i.HAL_UART_Init)
    HAL_UART_MspInit                         0x080026e9   Thumb Code   126  stm32l0xx_hal_msp.o(i.HAL_UART_MspInit)
    HAL_UART_Receive_DMA                     0x08002795   Thumb Code   190  stm32l0xx_hal_uart.o(i.HAL_UART_Receive_DMA)
    HAL_UART_RxCpltCallback                  0x08002861   Thumb Code    44  main.o(i.HAL_UART_RxCpltCallback)
    HAL_UART_RxHalfCpltCallback              0x0800289d   Thumb Code     2  stm32l0xx_hal_uart.o(i.HAL_UART_RxHalfCpltCallback)
    HAL_UART_TxCpltCallback                  0x0800289f   Thumb Code     2  stm32l0xx_hal_uart.o(i.HAL_UART_TxCpltCallback)
    LED_Initialize                           0x080028a1   Thumb Code   194  led_stm32l053-discovery.o(i.LED_Initialize)
    LED_Off                                  0x0800296d   Thumb Code    56  led_stm32l053-discovery.o(i.LED_Off)
    LED_On                                   0x080029ad   Thumb Code    52  led_stm32l053-discovery.o(i.LED_On)
    SVC_Handler                              0x08002e39   Thumb Code     2  port.o(i.SVC_Handler)
    StartDefaultTask                         0x08002e3d   Thumb Code   140  main.o(i.StartDefaultTask)
    SysTick_Handler                          0x08002ee1   Thumb Code     8  stm32l0xx_it.o(i.SysTick_Handler)
    SystemClock_Config                       0x08002ee9   Thumb Code   170  main.o(i.SystemClock_Config)
    SystemInit                               0x08002fa9   Thumb Code    88  system_stm32l0xx.o(i.SystemInit)
    TIM2_IRQHandler                          0x08003011   Thumb Code    10  stm32l0xx_it.o(i.TIM2_IRQHandler)
    UART_AdvFeatureConfig                    0x08003095   Thumb Code   240  stm32l0xx_hal_uart.o(i.UART_AdvFeatureConfig)
    UART_CheckIdleState                      0x08003185   Thumb Code   112  stm32l0xx_hal_uart.o(i.UART_CheckIdleState)
    UART_SetConfig                           0x080033a9   Thumb Code   930  stm32l0xx_hal_uart.o(i.UART_SetConfig)
    UART_WaitOnFlagUntilTimeout              0x080037eb   Thumb Code   112  stm32l0xx_hal_uart.o(i.UART_WaitOnFlagUntilTimeout)
    USART1_IRQHandler                        0x0800385d   Thumb Code    10  stm32l0xx_it.o(i.USART1_IRQHandler)
    _Error_Handler                           0x0800386d   Thumb Code     4  main.o(i._Error_Handler)
    __ARM_common_ll_muluu                    0x08003871   Thumb Code    48  stm32l0xx_hal_uart.o(i.__ARM_common_ll_muluu)
    __scatterload_copy                       0x080038a1   Thumb Code    14  handlers.o(i.__scatterload_copy)
    __scatterload_null                       0x080038af   Thumb Code     2  handlers.o(i.__scatterload_null)
    __scatterload_zeroinit                   0x080038b1   Thumb Code    14  handlers.o(i.__scatterload_zeroinit)
    gde021a1_CloseChargePump                 0x080038bf   Thumb Code    22  gde021a1.o(i.gde021a1_CloseChargePump)
    gde021a1_DrawImage                       0x080038d5   Thumb Code   520  gde021a1.o(i.gde021a1_DrawImage)
    gde021a1_GetEpdPixelHeight               0x08003add   Thumb Code     4  gde021a1.o(i.gde021a1_GetEpdPixelHeight)
    gde021a1_GetEpdPixelWidth                0x08003ae1   Thumb Code     4  gde021a1.o(i.gde021a1_GetEpdPixelWidth)
    gde021a1_Init                            0x08003ae5   Thumb Code   168  gde021a1.o(i.gde021a1_Init)
    gde021a1_RefreshDisplay                  0x08003b91   Thumb Code    22  gde021a1.o(i.gde021a1_RefreshDisplay)
    gde021a1_SetDisplayWindow                0x08003ba7   Thumb Code    72  gde021a1.o(i.gde021a1_SetDisplayWindow)
    gde021a1_WritePixel                      0x08003bef   Thumb Code    18  gde021a1.o(i.gde021a1_WritePixel)
    main                                     0x08003c01   Thumb Code    80  main.o(i.main)
    osKernelStart                            0x08003c6b   Thumb Code    10  cmsis_os.o(i.osKernelStart)
    osSystickHandler                         0x08003c75   Thumb Code    16  cmsis_os.o(i.osSystickHandler)
    osThreadCreate                           0x08003c85   Thumb Code    48  cmsis_os.o(i.osThreadCreate)
    pvPortMalloc                             0x08004035   Thumb Code   264  heap_4.o(i.pvPortMalloc)
    pxPortInitialiseStack                    0x08004151   Thumb Code    26  port.o(i.pxPortInitialiseStack)
    usartDmaIsr                              0x08004171   Thumb Code     2  main.o(i.usartDmaIsr)
    userButtonIsr                            0x08004175   Thumb Code    36  main.o(i.userButtonIsr)
    uxListRemove                             0x0800419d   Thumb Code    40  list.o(i.uxListRemove)
    vListInitialise                          0x080041c5   Thumb Code    26  list.o(i.vListInitialise)
    vListInitialiseItem                      0x080041df   Thumb Code     6  list.o(i.vListInitialiseItem)
    vListInsertEnd                           0x080041e5   Thumb Code    24  list.o(i.vListInsertEnd)
    vPortEnterCritical                       0x080041fd   Thumb Code    22  port.o(i.vPortEnterCritical)
    vPortExitCritical                        0x08004219   Thumb Code    36  port.o(i.vPortExitCritical)
    vPortFree                                0x08004241   Thumb Code   120  heap_4.o(i.vPortFree)
    vPortSetupTimerInterrupt                 0x080042c1   Thumb Code    26  port.o(i.vPortSetupTimerInterrupt)
    vPortYield                               0x080042e5   Thumb Code    18  port.o(i.vPortYield)
    vTaskStartScheduler                      0x080042fd   Thumb Code    80  tasks.o(i.vTaskStartScheduler)
    vTaskSuspendAll                          0x08004369   Thumb Code    12  tasks.o(i.vTaskSuspendAll)
    vTaskSwitchContext                       0x08004379   Thumb Code   108  tasks.o(i.vTaskSwitchContext)
    xPortStartScheduler                      0x080043f9   Thumb Code    48  port.o(i.xPortStartScheduler)
    xPortSysTickHandler                      0x08004431   Thumb Code    32  port.o(i.xPortSysTickHandler)
    xTaskCreate                              0x08004455   Thumb Code    92  tasks.o(i.xTaskCreate)
    xTaskGetSchedulerState                   0x080044b1   Thumb Code    28  tasks.o(i.xTaskGetSchedulerState)
    xTaskIncrementTick                       0x080044d5   Thumb Code   270  tasks.o(i.xTaskIncrementTick)
    xTaskResumeAll                           0x08004611   Thumb Code   206  tasks.o(i.xTaskResumeAll)
    AHBPrescTable                            0x08004714   Data          16  system_stm32l0xx.o(.constdata)
    APBPrescTable                            0x08004724   Data           8  system_stm32l0xx.o(.constdata)
    PLLMulTable                              0x0800472c   Data           9  system_stm32l0xx.o(.constdata)
    Font20_Table                             0x08004735   Data        6650  stm32l0538_discovery_epd.o(.constdata)
    Font16_Table                             0x0800612f   Data        4180  stm32l0538_discovery_epd.o(.constdata)
    Font12_Table                             0x08007183   Data        1995  stm32l0538_discovery_epd.o(.constdata)
    Font8_Table                              0x0800794e   Data         950  stm32l0538_discovery_epd.o(.constdata)
    WF_LUT                                   0x08007d04   Data          90  gde021a1.o(.constdata)
    led_mask                                 0x08007d60   Data           8  led_stm32l053-discovery.o(.constdata)
    Region$$Table$$Base                      0x08007d74   Number         0  anon$$obj.o(Region$$Table)
    Region$$Table$$Limit                     0x08007d94   Number         0  anon$$obj.o(Region$$Table)
    defaultTaskHandle                        0x20000000   Data           4  main.o(.data)
    userButtonPressed                        0x20000004   Data           4  main.o(.data)
    rxDone                                   0x20000008   Data           4  main.o(.data)
    usartBuffer                              0x2000000c   Data           8  main.o(.data)
    lastIndex                                0x20000014   Data           2  main.o(.data)
    uwTick                                   0x20000018   Data           4  stm32l0xx_hal.o(.data)
    SystemCoreClock                          0x2000001c   Data           4  system_stm32l0xx.o(.data)
    pxCurrentTCB                             0x2000003c   Data           4  tasks.o(.data)
    Font20                                   0x20000078   Data           8  stm32l0538_discovery_epd.o(.data)
    Font16                                   0x20000080   Data           8  stm32l0538_discovery_epd.o(.data)
    Font12                                   0x20000088   Data           8  stm32l0538_discovery_epd.o(.data)
    Font8                                    0x20000090   Data           8  stm32l0538_discovery_epd.o(.data)
    gde021a1_drv                             0x200000a0   Data          32  gde021a1.o(.data)
    htim2                                    0x200000c0   Data          56  stm32l0xx_hal_timebase_tim.o(.bss)
    huart1                                   0x200000f8   Data         112  main.o(.bss)
    hdma_usart1_rx                           0x20000168   Data          64  main.o(.bss)
    picture                                  0x200001a8   Data        1548  main.o(.bss)
    __initial_sp                             0x20001900   Data           0  startup_stm32l053xx.o(STACK)



==============================================================================

Memory Map of the image

  Image Entry point : 0x080000c1

  Load Region LR_IROM1 (Base: 0x08000000, Size: 0x00007e54, Max: 0x00010000, ABSOLUTE)

    Execution Region ER_IROM1 (Exec base: 0x08000000, Load base: 0x08000000, Size: 0x00007d94, Max: 0x00010000, ABSOLUTE)

    Exec Addr    Load Addr    Size         Type   Attr      Idx    E Section Name        Object

    0x08000000   0x08000000   0x000000c0   Data   RO         3285    RESET               startup_stm32l053xx.o
    0x080000c0   0x080000c0   0x00000000   Code   RO         4753  * .ARM.Collect$$$$00000000  mc_p.l(entry.o)
    0x080000c0   0x080000c0   0x00000004   Code   RO         4766    .ARM.Collect$$$$00000001  mc_p.l(entry2.o)
    0x080000c4   0x080000c4   0x00000004   Code   RO         4769    .ARM.Collect$$$$00000004  mc_p.l(entry5.o)
    0x080000c8   0x080000c8   0x00000000   Code   RO         4771    .ARM.Collect$$$$00000008  mc_p.l(entry7b.o)
    0x080000c8   0x080000c8   0x00000000   Code   RO         4773    .ARM.Collect$$$$0000000A  mc_p.l(entry8b.o)
    0x080000c8   0x080000c8   0x00000008   Code   RO         4774    .ARM.Collect$$$$0000000B  mc_p.l(entry9a.o)
    0x080000d0   0x080000d0   0x00000000   Code   RO         4776    .ARM.Collect$$$$0000000D  mc_p.l(entry10a.o)
    0x080000d0   0x080000d0   0x00000000   Code   RO         4778    .ARM.Collect$$$$0000000F  mc_p.l(entry11a.o)
    0x080000d0   0x080000d0   0x00000004   Code   RO         4767    .ARM.Collect$$$$00002712  mc_p.l(entry2.o)
    0x080000d4   0x080000d4   0x00000078   Code   RO         3743    .emb_text           port.o
    0x0800014c   0x0800014c   0x0000001c   Code   RO         3286    .text               startup_stm32l053xx.o
    0x08000168   0x08000168   0x0000002c   Code   RO         4756    .text               mc_p.l(uidiv.o)
    0x08000194   0x08000194   0x00000060   Code   RO         4758    .text               mc_p.l(uldiv.o)
    0x080001f4   0x080001f4   0x00000024   Code   RO         4760    .text               mc_p.l(memcpya.o)
    0x08000218   0x08000218   0x00000020   Code   RO         4780    .text               mc_p.l(llshl.o)
    0x08000238   0x08000238   0x00000022   Code   RO         4782    .text               mc_p.l(llushr.o)
    0x0800025a   0x0800025a   0x00000002   PAD
    0x0800025c   0x0800025c   0x00000024   Code   RO         4784    .text               mc_p.l(init.o)
    0x08000280   0x08000280   0x00000038   Code   RO         4373    i.BSP_EPD_Clear     stm32l0538_discovery_epd.o
    0x080002b8   0x080002b8   0x00000034   Code   RO         4375    i.BSP_EPD_DisplayChar  stm32l0538_discovery_epd.o
    0x080002ec   0x080002ec   0x00000074   Code   RO         4379    i.BSP_EPD_DrawImage  stm32l0538_discovery_epd.o
    0x08000360   0x08000360   0x00000010   Code   RO         4384    i.BSP_EPD_GetXSize  stm32l0538_discovery_epd.o
    0x08000370   0x08000370   0x00000010   Code   RO         4385    i.BSP_EPD_GetYSize  stm32l0538_discovery_epd.o
    0x08000380   0x08000380   0x0000003c   Code   RO         4386    i.BSP_EPD_Init      stm32l0538_discovery_epd.o
    0x080003bc   0x080003bc   0x00000038   Code   RO         4387    i.BSP_EPD_RefreshDisplay  stm32l0538_discovery_epd.o
    0x080003f4   0x080003f4   0x0000000c   Code   RO         4388    i.BSP_EPD_SetFont   stm32l0538_discovery_epd.o
    0x08000400   0x08000400   0x00000014   Code   RO          348    i.DMA1_Channel2_3_IRQHandler  stm32l0xx_it.o
    0x08000414   0x08000414   0x00000020   Code   RO          722    i.DMA_SetConfig     stm32l0xx_hal_dma.o
    0x08000434   0x08000434   0x0000006c   Code   RO         4389    i.DrawChar          stm32l0538_discovery_epd.o
    0x080004a0   0x080004a0   0x0000000c   Code   RO         4593    i.EPD_Delay         stm32l0538_discovery.o
    0x080004ac   0x080004ac   0x00000130   Code   RO         4594    i.EPD_IO_Init       stm32l0538_discovery.o
    0x080005dc   0x080005dc   0x00000034   Code   RO         4596    i.EPD_IO_WriteData  stm32l0538_discovery.o
    0x08000610   0x08000610   0x00000038   Code   RO         4597    i.EPD_IO_WriteReg   stm32l0538_discovery.o
    0x08000648   0x08000648   0x0000000e   Code   RO          349    i.EXTI0_1_IRQHandler  stm32l0xx_it.o
    0x08000656   0x08000656   0x00000002   PAD
    0x08000658   0x08000658   0x000000b4   Code   RO          724    i.HAL_DMA_Abort_IT  stm32l0xx_hal_dma.o
    0x0800070c   0x0800070c   0x0000031c   Code   RO          728    i.HAL_DMA_IRQHandler  stm32l0xx_hal_dma.o
    0x08000a28   0x08000a28   0x00000190   Code   RO          729    i.HAL_DMA_Init      stm32l0xx_hal_dma.o
    0x08000bb8   0x08000bb8   0x00000072   Code   RO          732    i.HAL_DMA_Start_IT  stm32l0xx_hal_dma.o
    0x08000c2a   0x08000c2a   0x0000001a   Code   RO         1159    i.HAL_Delay         stm32l0xx_hal.o
    0x08000c44   0x08000c44   0x00000002   Code   RO         2224    i.HAL_GPIO_EXTI_Callback  stm32l0xx_hal_gpio.o
    0x08000c46   0x08000c46   0x00000002   PAD
    0x08000c48   0x08000c48   0x00000020   Code   RO         2225    i.HAL_GPIO_EXTI_IRQHandler  stm32l0xx_hal_gpio.o
    0x08000c68   0x08000c68   0x000001ec   Code   RO         2226    i.HAL_GPIO_Init     stm32l0xx_hal_gpio.o
    0x08000e54   0x08000e54   0x00000012   Code   RO         2228    i.HAL_GPIO_ReadPin  stm32l0xx_hal_gpio.o
    0x08000e66   0x08000e66   0x0000000c   Code   RO         2230    i.HAL_GPIO_WritePin  stm32l0xx_hal_gpio.o
    0x08000e72   0x08000e72   0x00000002   PAD
    0x08000e74   0x08000e74   0x0000000c   Code   RO         1163    i.HAL_GetTick       stm32l0xx_hal.o
    0x08000e80   0x08000e80   0x00000010   Code   RO         1164    i.HAL_IncTick       stm32l0xx_hal.o
    0x08000e90   0x08000e90   0x00000020   Code   RO         1165    i.HAL_Init          stm32l0xx_hal.o
    0x08000eb0   0x08000eb0   0x0000007c   Code   RO          137    i.HAL_InitTick      stm32l0xx_hal_timebase_tim.o
    0x08000f2c   0x08000f2c   0x00000040   Code   RO            3    i.HAL_MspInit       stm32l0xx_hal_msp.o
    0x08000f6c   0x08000f6c   0x00000018   Code   RO         2529    i.HAL_NVIC_EnableIRQ  stm32l0xx_hal_cortex.o
    0x08000f84   0x08000f84   0x00000012   Code   RO         2533    i.HAL_NVIC_SetPriority  stm32l0xx_hal_cortex.o
    0x08000f96   0x08000f96   0x00000002   PAD
    0x08000f98   0x08000f98   0x00000338   Code   RO          609    i.HAL_RCCEx_GetPeriphCLKFreq  stm32l0xx_hal_rcc_ex.o
    0x080012d0   0x080012d0   0x0000028c   Code   RO          612    i.HAL_RCCEx_PeriphCLKConfig  stm32l0xx_hal_rcc_ex.o
    0x0800155c   0x0800155c   0x000001f8   Code   RO         2336    i.HAL_RCC_ClockConfig  stm32l0xx_hal_rcc.o
    0x08001754   0x08001754   0x00000044   Code   RO         2339    i.HAL_RCC_GetClockConfig  stm32l0xx_hal_rcc.o
    0x08001798   0x08001798   0x0000000c   Code   RO         2340    i.HAL_RCC_GetHCLKFreq  stm32l0xx_hal_rcc.o
    0x080017a4   0x080017a4   0x00000024   Code   RO         2342    i.HAL_RCC_GetPCLK1Freq  stm32l0xx_hal_rcc.o
    0x080017c8   0x080017c8   0x00000024   Code   RO         2343    i.HAL_RCC_GetPCLK2Freq  stm32l0xx_hal_rcc.o
    0x080017ec   0x080017ec   0x000000e4   Code   RO         2344    i.HAL_RCC_GetSysClockFreq  stm32l0xx_hal_rcc.o
    0x080018d0   0x080018d0   0x000006d4   Code   RO         2347    i.HAL_RCC_OscConfig  stm32l0xx_hal_rcc.o
    0x08001fa4   0x08001fa4   0x0000003a   Code   RO         3053    i.HAL_SPI_DeInit    stm32l0xx_hal_spi.o
    0x08001fde   0x08001fde   0x00000008   Code   RO         3056    i.HAL_SPI_GetState  stm32l0xx_hal_spi.o
    0x08001fe6   0x08001fe6   0x0000008e   Code   RO         3058    i.HAL_SPI_Init      stm32l0xx_hal_spi.o
    0x08002074   0x08002074   0x00000002   Code   RO         3059    i.HAL_SPI_MspDeInit  stm32l0xx_hal_spi.o
    0x08002076   0x08002076   0x00000002   Code   RO         3060    i.HAL_SPI_MspInit   stm32l0xx_hal_spi.o
    0x08002078   0x08002078   0x000001da   Code   RO         3066    i.HAL_SPI_Transmit  stm32l0xx_hal_spi.o
    0x08002252   0x08002252   0x00000002   PAD
    0x08002254   0x08002254   0x00000024   Code   RO         2535    i.HAL_SYSTICK_CLKSourceConfig  stm32l0xx_hal_cortex.o
    0x08002278   0x08002278   0x00000038   Code   RO         2537    i.HAL_SYSTICK_Config  stm32l0xx_hal_cortex.o
    0x080022b0   0x080022b0   0x00000038   Code   RO         1368    i.HAL_TIM_Base_Init  stm32l0xx_hal_tim.o
    0x080022e8   0x080022e8   0x00000002   Code   RO         1370    i.HAL_TIM_Base_MspInit  stm32l0xx_hal_tim.o
    0x080022ea   0x080022ea   0x0000001e   Code   RO         1373    i.HAL_TIM_Base_Start_IT  stm32l0xx_hal_tim.o
    0x08002308   0x08002308   0x00000002   Code   RO         1397    i.HAL_TIM_IC_CaptureCallback  stm32l0xx_hal_tim.o
    0x0800230a   0x0800230a   0x0000017c   Code   RO         1410    i.HAL_TIM_IRQHandler  stm32l0xx_hal_tim.o
    0x08002486   0x08002486   0x00000002   Code   RO         1413    i.HAL_TIM_OC_DelayElapsedCallback  stm32l0xx_hal_tim.o
    0x08002488   0x08002488   0x00000002   Code   RO         1440    i.HAL_TIM_PWM_PulseFinishedCallback  stm32l0xx_hal_tim.o
    0x0800248a   0x0800248a   0x00000014   Code   RO          173    i.HAL_TIM_PeriodElapsedCallback  main.o
    0x0800249e   0x0800249e   0x00000002   Code   RO         1451    i.HAL_TIM_TriggerCallback  stm32l0xx_hal_tim.o
    0x080024a0   0x080024a0   0x00000002   Code   RO         2008    i.HAL_UARTEx_WakeupCallback  stm32l0xx_hal_uart_ex.o
    0x080024a2   0x080024a2   0x00000002   Code   RO          823    i.HAL_UART_ErrorCallback  stm32l0xx_hal_uart.o
    0x080024a4   0x080024a4   0x000001c0   Code   RO          826    i.HAL_UART_IRQHandler  stm32l0xx_hal_uart.o
    0x08002664   0x08002664   0x00000082   Code   RO          827    i.HAL_UART_Init     stm32l0xx_hal_uart.o
    0x080026e6   0x080026e6   0x00000002   PAD
    0x080026e8   0x080026e8   0x000000ac   Code   RO            5    i.HAL_UART_MspInit  stm32l0xx_hal_msp.o
    0x08002794   0x08002794   0x000000cc   Code   RO          831    i.HAL_UART_Receive_DMA  stm32l0xx_hal_uart.o
    0x08002860   0x08002860   0x0000003c   Code   RO          174    i.HAL_UART_RxCpltCallback  main.o
    0x0800289c   0x0800289c   0x00000002   Code   RO          834    i.HAL_UART_RxHalfCpltCallback  stm32l0xx_hal_uart.o
    0x0800289e   0x0800289e   0x00000002   Code   RO          838    i.HAL_UART_TxCpltCallback  stm32l0xx_hal_uart.o
    0x080028a0   0x080028a0   0x000000cc   Code   RO         4703    i.LED_Initialize    led_stm32l053-discovery.o
    0x0800296c   0x0800296c   0x00000040   Code   RO         4704    i.LED_Off           led_stm32l053-discovery.o
    0x080029ac   0x080029ac   0x0000003c   Code   RO         4705    i.LED_On            led_stm32l053-discovery.o
    0x080029e8   0x080029e8   0x00000034   Code   RO          175    i.MX_DMA_Init       main.o
    0x08002a1c   0x08002a1c   0x0000007c   Code   RO          176    i.MX_GPIO_Init      main.o
    0x08002a98   0x08002a98   0x00000024   Code   RO          177    i.MX_NVIC_Init      main.o
    0x08002abc   0x08002abc   0x00000058   Code   RO          178    i.MX_USART1_UART_Init  main.o
    0x08002b14   0x08002b14   0x00000078   Code   RO         2539    i.NVIC_SetPriority  stm32l0xx_hal_cortex.o
    0x08002b8c   0x08002b8c   0x00000098   Code   RO         2348    i.RCC_SetFlashLatencyFromMSIRange  stm32l0xx_hal_rcc.o
    0x08002c24   0x08002c24   0x00000118   Code   RO         3088    i.SPI_WaitOnFlagUntilTimeout  stm32l0xx_hal_spi.o
    0x08002d3c   0x08002d3c   0x00000014   Code   RO         4598    i.SPIx_Error        stm32l0538_discovery.o
    0x08002d50   0x08002d50   0x00000058   Code   RO         4599    i.SPIx_Init         stm32l0538_discovery.o
    0x08002da8   0x08002da8   0x0000006c   Code   RO         4600    i.SPIx_MspInit      stm32l0538_discovery.o
    0x08002e14   0x08002e14   0x00000024   Code   RO         4602    i.SPIx_Write        stm32l0538_discovery.o
    0x08002e38   0x08002e38   0x00000002   Code   RO         3744    i.SVC_Handler       port.o
    0x08002e3a   0x08002e3a   0x00000002   PAD
    0x08002e3c   0x08002e3c   0x000000a4   Code   RO          179    i.StartDefaultTask  main.o
    0x08002ee0   0x08002ee0   0x00000008   Code   RO          350    i.SysTick_Handler   stm32l0xx_it.o
    0x08002ee8   0x08002ee8   0x000000c0   Code   RO          180    i.SystemClock_Config  main.o
    0x08002fa8   0x08002fa8   0x00000068   Code   RO         3293    i.SystemInit        system_stm32l0xx.o
    0x08003010   0x08003010   0x00000010   Code   RO          351    i.TIM2_IRQHandler   stm32l0xx_it.o
    0x08003020   0x08003020   0x00000074   Code   RO         1452    i.TIM_Base_SetConfig  stm32l0xx_hal_tim.o
    0x08003094   0x08003094   0x000000f0   Code   RO          840    i.UART_AdvFeatureConfig  stm32l0xx_hal_uart.o
    0x08003184   0x08003184   0x00000074   Code   RO          841    i.UART_CheckIdleState  stm32l0xx_hal_uart.o
    0x080031f8   0x080031f8   0x00000018   Code   RO          842    i.UART_DMAAbortOnError  stm32l0xx_hal_uart.o
    0x08003210   0x08003210   0x00000056   Code   RO          843    i.UART_DMAError     stm32l0xx_hal_uart.o
    0x08003266   0x08003266   0x0000004c   Code   RO          844    i.UART_DMAReceiveCplt  stm32l0xx_hal_uart.o
    0x080032b2   0x080032b2   0x0000000e   Code   RO          846    i.UART_DMARxHalfCplt  stm32l0xx_hal_uart.o
    0x080032c0   0x080032c0   0x00000022   Code   RO          852    i.UART_EndRxTransfer  stm32l0xx_hal_uart.o
    0x080032e2   0x080032e2   0x00000020   Code   RO          853    i.UART_EndTransmit_IT  stm32l0xx_hal_uart.o
    0x08003302   0x08003302   0x00000014   Code   RO          854    i.UART_EndTxTransfer  stm32l0xx_hal_uart.o
    0x08003316   0x08003316   0x00000090   Code   RO          855    i.UART_Receive_IT   stm32l0xx_hal_uart.o
    0x080033a6   0x080033a6   0x00000002   PAD
    0x080033a8   0x080033a8   0x000003d0   Code   RO          856    i.UART_SetConfig    stm32l0xx_hal_uart.o
    0x08003778   0x08003778   0x00000072   Code   RO          857    i.UART_Transmit_IT  stm32l0xx_hal_uart.o
    0x080037ea   0x080037ea   0x00000070   Code   RO          858    i.UART_WaitOnFlagUntilTimeout  stm32l0xx_hal_uart.o
    0x0800385a   0x0800385a   0x00000002   PAD
    0x0800385c   0x0800385c   0x00000010   Code   RO          352    i.USART1_IRQHandler  stm32l0xx_it.o
    0x0800386c   0x0800386c   0x00000004   Code   RO          181    i._Error_Handler    main.o
    0x08003870   0x08003870   0x00000030   Code   RO         1143    i.__ARM_common_ll_muluu  stm32l0xx_hal_uart.o
    0x080038a0   0x080038a0   0x0000000e   Code   RO         4788    i.__scatterload_copy  mc_p.l(handlers.o)
    0x080038ae   0x080038ae   0x00000002   Code   RO         4789    i.__scatterload_null  mc_p.l(handlers.o)
    0x080038b0   0x080038b0   0x0000000e   Code   RO         4790    i.__scatterload_zeroinit  mc_p.l(handlers.o)
    0x080038be   0x080038be   0x00000016   Code   RO         4508    i.gde021a1_CloseChargePump  gde021a1.o
    0x080038d4   0x080038d4   0x00000208   Code   RO         4509    i.gde021a1_DrawImage  gde021a1.o
    0x08003adc   0x08003adc   0x00000004   Code   RO         4510    i.gde021a1_GetEpdPixelHeight  gde021a1.o
    0x08003ae0   0x08003ae0   0x00000004   Code   RO         4511    i.gde021a1_GetEpdPixelWidth  gde021a1.o
    0x08003ae4   0x08003ae4   0x000000ac   Code   RO         4512    i.gde021a1_Init     gde021a1.o
    0x08003b90   0x08003b90   0x00000016   Code   RO         4514    i.gde021a1_RefreshDisplay  gde021a1.o
    0x08003ba6   0x08003ba6   0x00000048   Code   RO         4515    i.gde021a1_SetDisplayWindow  gde021a1.o
    0x08003bee   0x08003bee   0x00000012   Code   RO         4516    i.gde021a1_WritePixel  gde021a1.o
    0x08003c00   0x08003c00   0x0000005c   Code   RO          182    i.main              main.o
    0x08003c5c   0x08003c5c   0x0000000e   Code   RO         3327    i.makeFreeRtosPriority  cmsis_os.o
    0x08003c6a   0x08003c6a   0x0000000a   Code   RO         3332    i.osKernelStart     cmsis_os.o
    0x08003c74   0x08003c74   0x00000010   Code   RO         3365    i.osSystickHandler  cmsis_os.o
    0x08003c84   0x08003c84   0x00000030   Code   RO         3366    i.osThreadCreate    cmsis_os.o
    0x08003cb4   0x08003cb4   0x000000a4   Code   RO         3816    i.prvAddNewTaskToReadyList  tasks.o
    0x08003d58   0x08003d58   0x00000068   Code   RO         3817    i.prvCheckTasksWaitingTermination  tasks.o
    0x08003dc0   0x08003dc0   0x00000012   Code   RO         3818    i.prvDeleteTCB      tasks.o
    0x08003dd2   0x08003dd2   0x00000002   PAD
    0x08003dd4   0x08003dd4   0x0000007c   Code   RO         3685    i.prvHeapInit       heap_4.o
    0x08003e50   0x08003e50   0x00000018   Code   RO         3819    i.prvIdleTask       tasks.o
    0x08003e68   0x08003e68   0x000000a4   Code   RO         3820    i.prvInitialiseNewTask  tasks.o
    0x08003f0c   0x08003f0c   0x00000064   Code   RO         3821    i.prvInitialiseTaskLists  tasks.o
    0x08003f70   0x08003f70   0x00000068   Code   RO         3686    i.prvInsertBlockIntoFreeList  heap_4.o
    0x08003fd8   0x08003fd8   0x00000038   Code   RO         3822    i.prvResetNextTaskUnblockTime  tasks.o
    0x08004010   0x08004010   0x00000024   Code   RO         3745    i.prvTaskExitError  port.o
    0x08004034   0x08004034   0x0000011c   Code   RO         3687    i.pvPortMalloc      heap_4.o
    0x08004150   0x08004150   0x00000020   Code   RO         3746    i.pxPortInitialiseStack  port.o
    0x08004170   0x08004170   0x00000002   Code   RO          183    i.usartDmaIsr       main.o
    0x08004172   0x08004172   0x00000002   PAD
    0x08004174   0x08004174   0x00000028   Code   RO          185    i.userButtonIsr     main.o
    0x0800419c   0x0800419c   0x00000028   Code   RO         4255    i.uxListRemove      list.o
    0x080041c4   0x080041c4   0x0000001a   Code   RO         4256    i.vListInitialise   list.o
    0x080041de   0x080041de   0x00000006   Code   RO         4257    i.vListInitialiseItem  list.o
    0x080041e4   0x080041e4   0x00000018   Code   RO         4259    i.vListInsertEnd    list.o
    0x080041fc   0x080041fc   0x0000001c   Code   RO         3748    i.vPortEnterCritical  port.o
    0x08004218   0x08004218   0x00000028   Code   RO         3749    i.vPortExitCritical  port.o
    0x08004240   0x08004240   0x00000080   Code   RO         3688    i.vPortFree         heap_4.o
    0x080042c0   0x080042c0   0x00000024   Code   RO         3750    i.vPortSetupTimerInterrupt  port.o
    0x080042e4   0x080042e4   0x00000018   Code   RO         3751    i.vPortYield        port.o
    0x080042fc   0x080042fc   0x0000006c   Code   RO         3841    i.vTaskStartScheduler  tasks.o
    0x08004368   0x08004368   0x00000010   Code   RO         3843    i.vTaskSuspendAll   tasks.o
    0x08004378   0x08004378   0x00000080   Code   RO         3844    i.vTaskSwitchContext  tasks.o
    0x080043f8   0x080043f8   0x00000038   Code   RO         3752    i.xPortStartScheduler  port.o
    0x08004430   0x08004430   0x00000024   Code   RO         3753    i.xPortSysTickHandler  port.o
    0x08004454   0x08004454   0x0000005c   Code   RO         3846    i.xTaskCreate       tasks.o
    0x080044b0   0x080044b0   0x00000024   Code   RO         3850    i.xTaskGetSchedulerState  tasks.o
    0x080044d4   0x080044d4   0x0000013c   Code   RO         3853    i.xTaskIncrementTick  tasks.o
    0x08004610   0x08004610   0x000000f0   Code   RO         3859    i.xTaskResumeAll    tasks.o
    0x08004700   0x08004700   0x00000014   Data   RO          187    .constdata          main.o
    0x08004714   0x08004714   0x00000021   Data   RO         3294    .constdata          system_stm32l0xx.o
    0x08004735   0x08004735   0x000035cf   Data   RO         4390    .constdata          stm32l0538_discovery_epd.o
    0x08007d04   0x08007d04   0x0000005a   Data   RO         4518    .constdata          gde021a1.o
    0x08007d5e   0x08007d5e   0x00000002   PAD
    0x08007d60   0x08007d60   0x00000008   Data   RO         4708    .constdata          led_stm32l053-discovery.o
    0x08007d68   0x08007d68   0x0000000c   Data   RO          188    .conststring        main.o
    0x08007d74   0x08007d74   0x00000020   Data   RO         4786    Region$$Table       anon$$obj.o


    Execution Region RW_IRAM1 (Exec base: 0x20000000, Load base: 0x08007d94, Size: 0x00001900, Max: 0x00002000, ABSOLUTE)

    Exec Addr    Load Addr    Size         Type   Attr      Idx    E Section Name        Object

    0x20000000   0x08007d94   0x00000016   Data   RW          189    .data               main.o
    0x20000016   0x08007daa   0x00000002   PAD
    0x20000018   0x08007dac   0x00000004   Data   RW         1175    .data               stm32l0xx_hal.o
    0x2000001c   0x08007db0   0x00000004   Data   RW         3295    .data               system_stm32l0xx.o
    0x20000020   0x08007db4   0x00000018   Data   RW         3693    .data               heap_4.o
    0x20000038   0x08007dcc   0x00000004   Data   RW         3754    .data               port.o
    0x2000003c   0x08007dd0   0x0000003c   Data   RW         3862    .data               tasks.o
    0x20000078   0x08007e0c   0x00000028   Data   RW         4391    .data               stm32l0538_discovery_epd.o
    0x200000a0   0x08007e34   0x00000020   Data   RW         4519    .data               gde021a1.o
    0x200000c0        -       0x00000038   Zero   RW          140    .bss                stm32l0xx_hal_timebase_tim.o
    0x200000f8        -       0x000006bc   Zero   RW          186    .bss                main.o
    0x200007b4        -       0x00000c00   Zero   RW         3692    .bss                heap_4.o
    0x200013b4        -       0x000000f0   Zero   RW         3861    .bss                tasks.o
    0x200014a4        -       0x00000058   Zero   RW         4603    .bss                stm32l0538_discovery.o
    0x200014fc   0x08007e54   0x00000004   PAD
    0x20001500        -       0x00000400   Zero   RW         3283    STACK               startup_stm32l053xx.o


==============================================================================

Image component sizes


      Code (inc. data)   RO Data    RW Data    ZI Data      Debug   Object Name

        88          0          0          0          0       6868   cmsis_os.o
       834          4         90         32          0       6731   gde021a1.o
       640         60          0         24       3072       5999   heap_4.o
       328         26          8          0          0       2599   led_stm32l053-discovery.o
        96          0          0          0          0       2736   list.o
       874        116         32         22       1724      27861   main.o
       410         58          0          4          0       7375   port.o
        28          8        192          0       1024        604   startup_stm32l053xx.o
       676         48          0          0         88       6127   stm32l0538_discovery.o
       492         74      13775         40          0       8770   stm32l0538_discovery_epd.o
        86         14          0          4          0       3080   stm32l0xx_hal.o
       254         30          0          0          0      11303   stm32l0xx_hal_cortex.o
      1522         20          0          0          0       4402   stm32l0xx_hal_dma.o
       556         36          0          0          0       4063   stm32l0xx_hal_gpio.o
       236         52          0          0          0     367406   stm32l0xx_hal_msp.o
      2784        124          0          0          0       7449   stm32l0xx_hal_rcc.o
      1476         56          0          0          0       2953   stm32l0xx_hal_rcc_ex.o
       966          0          0          0          0       5444   stm32l0xx_hal_spi.o
       592          8          0          0          0       5865   stm32l0xx_hal_tim.o
       124         18          0          0         56       1100   stm32l0xx_hal_timebase_tim.o
      2824         68          0          0          0      13643   stm32l0xx_hal_uart.o
         2          0          0          0          0        948   stm32l0xx_hal_uart_ex.o
        74         18          0          0          0       2290   stm32l0xx_it.o
       104         16         33          4          0       1223   system_stm32l0xx.o
      1566        224          0         60        240      13725   tasks.o

    ----------------------------------------------------------------------
     17654       1078      14164        192       6208     520564   Object Totals
         0          0         32          0          0          0   (incl. Generated)
        22          0          2          2          4          0   (incl. Padding)

    ----------------------------------------------------------------------

      Code (inc. data)   RO Data    RW Data    ZI Data      Debug   Library Member Name

         0          0          0          0          0          0   entry.o
         0          0          0          0          0          0   entry10a.o
         0          0          0          0          0          0   entry11a.o
         8          4          0          0          0          0   entry2.o
         4          0          0          0          0          0   entry5.o
         0          0          0          0          0          0   entry7b.o
         0          0          0          0          0          0   entry8b.o
         8          4          0          0          0          0   entry9a.o
        30          0          0          0          0          0   handlers.o
        36          8          0          0          0         68   init.o
        32          0          0          0          0         68   llshl.o
        34          0          0          0          0         68   llushr.o
        36          0          0          0          0         60   memcpya.o
        44          0          0          0          0         72   uidiv.o
        96          0          0          0          0         84   uldiv.o

    ----------------------------------------------------------------------
       330         16          0          0          0        420   Library Totals
         2          0          0          0          0          0   (incl. Padding)

    ----------------------------------------------------------------------

      Code (inc. data)   RO Data    RW Data    ZI Data      Debug   Library Name

       328         16          0          0          0        420   mc_p.l

    ----------------------------------------------------------------------
       330         16          0          0          0        420   Library Totals

    ----------------------------------------------------------------------

==============================================================================


      Code (inc. data)   RO Data    RW Data    ZI Data      Debug   

     17984       1094      14164        192       6208     514528   Grand Totals
     17984       1094      14164        192       6208     514528   ELF Image Totals
     17984       1094      14164        192          0          0   ROM Totals

==============================================================================

    Total RO  Size (Code + RO Data)                32148 (  31.39kB)
    Total RW  Size (RW Data + ZI Data)              6400 (   6.25kB)
    Total ROM Size (Code + RO Data + RW Data)      32340 (  31.58kB)

==============================================================================

