<html>
<body>
<pre>
<h1>µVision Build Log</h1>
<h2>Tool Versions:</h2>
IDE-Version: µVision V5.24.2.0
Copyright (C) 2017 ARM Ltd and ARM Germany GmbH. All rights reserved.
License Information: Isikcan Yilmaz, Apple Beats, LIC=2IVLS-LI5FW-YLJUY-WYPVY-QL62Z-JTCWQ
 
Tool Versions:
Toolchain:       MDK-ARM Cortex-M0/M0+ 256K for ST  Version: 5.24.1
Toolchain Path:  C:\Keil_v5\ARM\ARMCC\Bin
C Compiler:      Armcc.exe V5.06 update 5 (build 528)
Assembler:       Armasm.exe V5.06 update 5 (build 528)
Linker/Locator:  ArmLink.exe V5.06 update 5 (build 528)
Library Manager: ArmAr.exe V5.06 update 5 (build 528)
Hex Converter:   FromElf.exe V5.06 update 5 (build 528)
CPU DLL:         SARMCM3.DLL V5.24.1
Dialog DLL:      DARMCM1.DLL V1.18.0.0
Target DLL:      STLink\ST-LINKIII-KEIL_SWO.dll V3.0.1.0
Dialog DLL:      TARMCM1.DLL V1.13.0.0
 
<h2>Project:</h2>
Z:\win10_shared_folder\stm32l053_disco_eink_display_practice\MDK-ARM\EINK_THING_ATTEMPT1.uvprojx
Project File Date:  08/28/2017

<h2>Output:</h2>
*** Using Compiler 'V5.06 update 5 (build 528)', folder: 'C:\Keil_v5\ARM\ARMCC\Bin'
Build target 'EINK_THING_ATTEMPT1'
compiling main.c...
../Src/main.c(351): warning:  #177-D: variable "pData"  was declared but never referenced
        char *pData = "ABCDEFGHI\n\b";
../Src/main.c(352): warning:  #177-D: variable "test"  was declared but never referenced
        char test[100];
../Src/main.c: 2 warnings, 0 errors
linking...
Program Size: Code=17984 RO-data=14164 RW-data=192 ZI-data=6208  
"EINK_THING_ATTEMPT1\EINK_THING_ATTEMPT1.axf" - 0 Error(s), 2 Warning(s).

<h2>Software Packages used:</h2>

Package Vendor: ARM
                http://www.keil.com/pack/ARM.CMSIS.5.1.0.pack
                ARM.CMSIS.5.1.0
                CMSIS (Cortex Microcontroller Software Interface Standard)
   * Component: CORE Version: 5.0.2

Package Vendor: Keil
                http://www.keil.com/pack/Keil.MDK-Middleware.7.4.1.pack
                Keil.MDK-Middleware.7.4.1
                Middleware for Keil MDK-Professional and MDK-Plus
   * Component: LED Version: 1.0.0

Package Vendor: Keil
                http://www.keil.com/pack/Keil.STM32L0xx_DFP.1.6.0.pack
                Keil.STM32L0xx_DFP.1.6.0
                STMicroelectronics STM32L0 Series Device Support and Examples
   * Component: LED Version: 1.0.0

<h2>Collection of Component include folders:</h2>
  .\RTE\_EINK_THING_ATTEMPT1
  C:\Keil_v5\ARM\PACK\ARM\CMSIS\5.1.0\CMSIS\Include
  C:\Keil_v5\ARM\PACK\Keil\MDK-Middleware\7.4.1\Board
  C:\Keil_v5\ARM\PACK\Keil\STM32L0xx_DFP\1.6.0\Device\Include

<h2>Collection of Component Files used:</h2>

   * Component: Keil.STM32L053-Discovery::Board Support:LED:1.0.0
      Source file:   Boards\ST\STM32L053-Discovery\Common\LED_STM32L053-Discovery.c

   * Component: ARM::CMSIS:CORE:5.0.2

   * Component: ::Board Support:LED:1.0.0 (API)
      Include file:  Board\Board_LED.h
Build Time Elapsed:  00:00:05
</pre>
</body>
</html>
